[18:30:05] ======================================================================
[18:30:05] 每日增量调度开始 | 日期戳=20260902 | ingest_date=2026-09-02
[18:30:05] 源: ['binance_klines', 'binance_funding', 'binance_stats', 'okx', 'coinbase', 'stablecoins', 'onchain', 'metadata', 'sentiment_macro', 'tron', 'cross_deriv', 'universe', 'rebuild']
[18:30:05] 代理: http://127.0.0.1:7897 | 日志: D:\Documents\z_python_data_analy\Quent\workspace_0817\Data_pipeline\data_foundation\data\daily_run_20260902.log
[18:30:40] 网络链路探测: T0_vision=不可用, T1_p7897=284ms, T2_p7900=不可用, T2_p7906=不可用, T2_p7907=不可用, T2_p7904=1554ms, T2_p7902=272ms, T3_socks5h=341ms, T3_doh_pin=不可用
[18:30:40] ======================================================================
[18:30:40]   binance 现货端点选定: https://api.binance.com
[18:30:44]   BTCUSDT: 73 根 -> BTCUSDT_daily_20260902
[18:30:44]   ETHUSDT: 73 根 -> ETHUSDT_daily_20260902
[18:30:44]   SOLUSDT: 73 根 -> SOLUSDT_daily_20260902
[18:30:44]   BNBUSDT: 73 根 -> BNBUSDT_daily_20260902
[18:30:45]   XRPUSDT: 73 根 -> XRPUSDT_daily_20260902
[18:30:45]   ADAUSDT: 73 根 -> ADAUSDT_daily_20260902
[18:30:45]   DOGEUSDT: 73 根 -> DOGEUSDT_daily_20260902
[18:30:45]   AVAXUSDT: 73 根 -> AVAXUSDT_daily_20260902
[18:30:45]   LINKUSDT: 73 根 -> LINKUSDT_daily_20260902
[18:30:46]   LTCUSDT: 73 根 -> LTCUSDT_daily_20260902
[18:30:46]   DOTUSDT: 73 根 -> DOTUSDT_daily_20260902
[18:30:46]   UNIUSDT: 73 根 -> UNIUSDT_daily_20260902
[18:30:46]   AAVEUSDT: 73 根 -> AAVEUSDT_daily_20260902
[18:30:46]   ARBUSDT: 73 根 -> ARBUSDT_daily_20260902
[18:30:47]   POLUSDT: 73 根 -> POLUSDT_daily_20260902
[18:30:47] [binance_klines] OK (7s)
[18:31:18]   BTCUSDT: 90 条资金费率 -> BTCUSDT_funding_daily_20260902
[18:31:18]   ETHUSDT: 90 条资金费率 -> ETHUSDT_funding_daily_20260902
[18:31:18]   SOLUSDT: 90 条资金费率 -> SOLUSDT_funding_daily_20260902
[18:31:19]   BNBUSDT: 90 条资金费率 -> BNBUSDT_funding_daily_20260902
[18:31:19]   XRPUSDT: 90 条资金费率 -> XRPUSDT_funding_daily_20260902
[18:31:19]   ADAUSDT: 90 条资金费率 -> ADAUSDT_funding_daily_20260902
[18:31:19]   DOGEUSDT: 90 条资金费率 -> DOGEUSDT_funding_daily_20260902
[18:31:20]   AVAXUSDT: 90 条资金费率 -> AVAXUSDT_funding_daily_20260902
[18:31:20]   LINKUSDT: 90 条资金费率 -> LINKUSDT_funding_daily_20260902
[18:31:20]   LTCUSDT: 90 条资金费率 -> LTCUSDT_funding_daily_20260902
[18:31:20]   DOTUSDT: 90 条资金费率 -> DOTUSDT_funding_daily_20260902
[18:31:21]   UNIUSDT: 90 条资金费率 -> UNIUSDT_funding_daily_20260902
[18:31:21]   AAVEUSDT: 90 条资金费率 -> AAVEUSDT_funding_daily_20260902
[18:31:21]   ARBUSDT: 90 条资金费率 -> ARBUSDT_funding_daily_20260902
[18:31:22]   POLUSDT: 100 条资金费率 -> POLUSDT_funding_daily_20260902
[18:31:22] [binance_funding] OK (35s)
[18:31:53]   binance_stats: 共 75 个批次
[18:31:53] [binance_stats] OK (31s)
[18:32:03]   okx BTC: spot/swap/funding/mark/index/OI 每日批次完成
[18:32:08]   okx ETH: spot/swap/funding/mark/index/OI 每日批次完成
[18:32:15]   okx SOL: spot/swap/funding/mark/index/OI 每日批次完成
[18:32:19]   okx XRP: spot/swap/funding/mark/index/OI 每日批次完成
[18:32:19] [okx] OK (26s)
[18:32:23]   coinbase BTC-USD: 72 根 -> BTCUSD_cb_daily_20260902
[18:32:24]   coinbase ETH-USD: 72 根 -> ETHUSD_cb_daily_20260902
[18:32:26]   coinbase SOL-USD: 72 根 -> SOLUSD_cb_daily_20260902
[18:32:28]   coinbase XRP-USD: 72 根 -> XRPUSD_cb_daily_20260902
[18:32:28] [coinbase] OK (9s)
[18:32:33]   defillama 供应量快照: [['defillama', '2026-09-02', 'USDT', '183348870617.05'], ['defillama', '2026-09-02', 'USDC', '73704079032.20'], ['defillama', '2026-09-02', 'DAI', '4777597923.03']]
[18:32:35]   ercin stablecoin_exchange_inflow_total: 已重下载
[18:32:35]   ercin stablecoin_exchange_netflow: 已重下载
[18:32:35]   ercin stablecoin_exchange_outflow_total: 已重下载
[18:32:36]   ercin stablecoin_exchange_reserve: 已重下载
[18:32:36]   ercin stablecoin_exchange_supply_ratio: 已重下载
[18:32:37]   peg USDCUSDT: 73 根 -> USDCUSDT_peg_daily_20260902 (ok)
[18:32:37]   [warn] peg DAIUSDT: 近 3 天无数据, 写入空批次 (empty: 该交易对近 3 天无成交 (DAIUSDT 自 2020-08 起 Binance 现货停牌))
[18:32:37]   peg DAIUSDT: 0 根 -> DAIUSDT_peg_daily_20260902 (empty: 该交易对近 3 天无成交 (DAIUSDT 自 2020-08 起 Binance 现货停牌))
[18:32:37] [stablecoins] OK (9s)
[18:32:41]   链上窗口: 2026-09-01 00:00 UTC -> 2026-09-02 00:00 UTC (block 25878705 ~ 25885879, latest=25891423)
[18:33:13]   [warn] USDT 日志抓取失败: https://rpc.mevblocker.io: {'jsonrpc': '2.0', 'id': 1, 'error': {'code': -32005, (已跳过该币)
[18:33:55]   [warn] USDC 日志抓取失败: https://rpc.mevblocker.io: {'jsonrpc': '2.0', 'id': 1, 'error': {'code': -32005, (已跳过该币)
[18:34:32]   DAI: 19140 条日志 -> DAI_transfer_logs_daily_20260902
[18:34:39]   mempool blocks: 150 块
[18:34:46]   chainlink: {'ETH-USD': {'roundId': 129127208515966894549, 'answer': 238905170000, 'startedAt': 1788371104, 'updatedAt': 1788371135, 'answeredInRound': 129127208515966894549}, 'fetched_at': '2026-09-02T18:34:46.837509+00:00'}
[18:34:46]   onchain 备注: USDT: 抓取失败 https://rpc.mevblocker.io: {'jsonrpc': '2.0', 'id': 1, 'error': {'code': -32005,; USDC: 抓取失败 https://rpc.mevblocker.io: {'jsonrpc': '2.0', 'id': 1, 'error': {'code': -32005,
[18:34:46] [onchain] OK (129s)
[18:34:58]   metadata binance_spot: binance /api/v3/exchangeInfo (现货, 全 symbol) -> metadata_binance_spot_20260902
[18:35:30]   metadata binance_perp: binance fapi /fapi/v1/exchangeInfo (USDT-M 永续, 全 symbol) -> metadata_binance_perp_20260902
[18:35:31]   metadata okx: okx /public/instruments (SPOT+SWAP) -> metadata_okx_20260902
[18:35:32]   metadata coinbase: coinbase /products (全 products) -> metadata_coinbase_20260902
[18:36:30]   metadata binance_spot: 归一化 3689 行
[18:36:30]   metadata binance_perp: 归一化 892 行
[18:36:30]   metadata okx: 归一化 1853 行
[18:36:30]   metadata coinbase: 归一化 837 行
[18:36:34]   metadata 完成: 新写批次 4, 各 venue PIT 已重认证
[18:36:34] [metadata] OK (108s)
[18:36:55] [sentiment_macro] OK (21s)
[18:40:36] [tron] OK (222s)
[18:42:33] [cross_deriv] OK (117s)
[18:42:33] [universe] 第 1/3 次尝试失败 (0s): ArrowInvalid: Could not open Parquet input source '<Buffer>': Parquet magic bytes not found in footer. Either the file is corrupted or this is not a parquet file.
[18:42:41] [universe] 第 2/3 次尝试失败 (0s): ArrowInvalid: Could not open Parquet input source '<Buffer>': Parquet magic bytes not found in footer. Either the file is corrupted or this is not a parquet file.
[18:42:49] [universe] 第 3/3 次尝试失败 (0s): ArrowInvalid: Could not open Parquet input source '<Buffer>': Parquet magic bytes not found in footer. Either the file is corrupted or this is not a parquet file.
== L1: 标准化 ==
  BTCUSDT: 1h/1d/1w + funding/OI/mark/ratio 已标准化
  ETHUSDT: 1h/1d/1w + funding/OI/mark/ratio 已标准化
  SOLUSDT: 1h/1d/1w + funding/OI/mark/ratio 已标准化
  BNBUSDT: 1h/1d/1w + funding/OI/mark/ratio 已标准化
  XRPUSDT: 1h/1d/1w + funding/OI/mark/ratio 已标准化
  ADAUSDT: 1h/1d/1w + funding/OI/mark/ratio 已标准化
  DOGEUSDT: 1h/1d/1w + funding/OI/mark/ratio 已标准化
  AVAXUSDT: 1h/1d/1w + funding/OI/mark/ratio 已标准化
  LINKUSDT: 1h/1d/1w + funding/OI/mark/ratio 已标准化
  LTCUSDT: 1h/1d/1w + funding/OI/mark/ratio 已标准化
  DOTUSDT: 1h/1d/1w + funding/OI/mark/ratio 已标准化
  UNIUSDT: 1h/1d/1w + funding/OI/mark/ratio 已标准化
  AAVEUSDT: 1h/1d/1w + funding/OI/mark/ratio 已标准化
  ARBUSDT: 1h/1d/1w + funding/OI/mark/ratio 已标准化
  POLUSDT: 1h/1d/1w + funding/OI/mark/ratio 已标准化
  [skip] instrument 已是 PIT 快照历史, 由 run_daily metadata 源维护
[18:45:25]   rebuild binance_l1: ok (156s)
[18:45:25]   rebuild binance_l1: ok (156s)
== L2: 认证 ==
  BTCUSDT: 1h/1d/1w + 衍生品 certified
  ETHUSDT: 1h/1d/1w + 衍生品 certified
  SOLUSDT: 1h/1d/1w + 衍生品 certified
  BNBUSDT: 1h/1d/1w + 衍生品 certified
  XRPUSDT: 1h/1d/1w + 衍生品 certified
  ADAUSDT: 1h/1d/1w + 衍生品 certified
  DOGEUSDT: 1h/1d/1w + 衍生品 certified
  AVAXUSDT: 1h/1d/1w + 衍生品 certified
  LINKUSDT: 1h/1d/1w + 衍生品 certified
  LTCUSDT: 1h/1d/1w + 衍生品 certified
  DOTUSDT: 1h/1d/1w + 衍生品 certified
  UNIUSDT: 1h/1d/1w + 衍生品 certified
  AAVEUSDT: 1h/1d/1w + 衍生品 certified
  ARBUSDT: 1h/1d/1w + 衍生品 certified
  POLUSDT: 1h/1d/1w + 衍生品 certified
  manifests 汇总完成
[18:46:54]   rebuild binance_l2: ok (89s)
[18:46:54]   rebuild binance_l2: ok (89s)
== OKX (BTC, ETH, SOL, XRP, days=上市日至今) ==
-- L0 --
  okx BTC: spot/swap/funding/mark/index/OI 已摄取
  okx ETH: spot/swap/funding/mark/index/OI 已摄取
  okx SOL: spot/swap/funding/mark/index/OI 已摄取
  okx XRP: spot/swap/funding/mark/index/OI 已摄取
-- L1 --
  okx BTC: spot/swap/funding/mark/index/OI 标准化
  okx ETH: spot/swap/funding/mark/index/OI 标准化
  okx SOL: spot/swap/funding/mark/index/OI 标准化
  okx XRP: spot/swap/funding/mark/index/OI 标准化
  okx instruments: 832 行
-- L2 --
  okx BTC: certified
  okx ETH: certified
  okx SOL: certified
  okx XRP: certified
-- basis --
  basis BTC: 58851 行
  basis ETH: 58641 行
  basis SOL: 49179 行
  basis XRP: 58497 行
OKX 管线完成
[18:47:39]   rebuild okx: ok (44s)
[18:47:39]   rebuild okx: ok (44s)
== Coinbase (BTC, ETH, SOL, XRP, 近 365 天) ==
-- L1 --
  coinbase BTC-USD: 97407 行
  coinbase ETH-USD: 89998 行
  coinbase SOL-USD: 45636 行
  coinbase XRP-USD: 44122 行
  coinbase instruments: 483 行
-- L2 --
  coinbase BTC-USD: certified
  coinbase ETH-USD: certified
  coinbase SOL-USD: certified
  coinbase XRP-USD: certified
Coinbase 管线完成
[18:47:50]   rebuild coinbase: ok (12s)
[18:47:50]   rebuild coinbase: ok (12s)
== 阶段3: 稳定币 ==
-- L0 --
  稳定币 L0: 0 批次
-- L1 --
  supply: 9525 行 (3 币, 2015-02-25~2026-08-19)
  flows: 6861 行 (5 指标)
  peg: 64040 行 (2 币)
-- L2 --
阶段3 完成
[18:48:16]   rebuild stablecoins: ok (25s)
[18:48:16]   rebuild stablecoins: ok (25s)
[18:48:16]   [rebuild:onchain] L0 已跳过 (每日 L0 由 run_onchain 完成; Arbitrum/Solana RPC 经代理卡死), 仅重建 L1/L2
[18:48:16]   [rebuild:onchain] L0 已跳过 (每日 L0 由 run_onchain 完成; Arbitrum/Solana RPC 经代理卡死), 仅重建 L1/L2
== 阶段4: 链上 (近 1 天 ERC-20, 近 24h mempool) ==
-- L0 --
-- L1 --
[ethereum] 文件: 回填 57 个 (.gz), 遗留 24 个
    ethereum 2026-08-01: +17678 行 (suspect=0)
    ethereum 2026-08-02: +17577 行 (suspect=0)
    ethereum 2026-08-03: +15810 行 (suspect=0)
    ethereum 2026-08-04: +18431 行 (suspect=0)
    ethereum 2026-08-05: +17631 行 (suspect=0)
    ethereum 2026-08-06: +20114 行 (suspect=0)
    ethereum 2026-08-07: +22156 行 (suspect=0)
    ethereum 2026-08-08: +22796 行 (suspect=0)
    ethereum 2026-08-09: +17891 行 (suspect=0)
    ethereum 2026-08-10: +24288 行 (suspect=0)
  [ethereum] 进度 10/81, 累计读取 194372 行, 8s
    ethereum 2026-08-11: +26641 行 (suspect=0)
    ethereum 2026-08-12: +22690 行 (suspect=0)
    ethereum 2026-08-13: +20396 行 (suspect=0)
    ethereum 2026-08-14: +16720 行 (suspect=0)
    ethereum 2026-08-15: +12118 行 (suspect=0)
    ethereum 2026-08-16: +13208 行 (suspect=0)
    ethereum 2026-08-17: +16188 行 (suspect=0)
    ethereum 2026-08-18: +14331 行 (suspect=0)
    ethereum 2026-08-01: +598484 行 (suspect=0)
    ethereum 2026-08-02: +470578 行 (suspect=0)
  [ethereum] 进度 20/81, 累计读取 1405726 行, 40s
    ethereum 2026-08-03: +582954 行 (suspect=0)
    ethereum 2026-08-04: +681434 行 (suspect=0)
    ethereum 2026-08-05: +624023 行 (suspect=0)
    ethereum 2026-08-06: +558467 行 (suspect=0)
    ethereum 2026-08-07: +710019 行 (suspect=0)
    ethereum 2026-08-08: +735588 行 (suspect=0)
    ethereum 2026-08-09: +436471 行 (suspect=0)
    ethereum 2026-08-10: +659275 行 (suspect=0)
    ethereum 2026-08-11: +761429 行 (suspect=0)
    ethereum 2026-08-12: +635374 行 (suspect=0)
  [ethereum] 进度 30/81, 累计读取 7790760 行, 240s
    ethereum 2026-08-13: +576999 行 (suspect=0)
    ethereum 2026-08-14: +544570 行 (suspect=0)
    ethereum 2026-08-15: +372355 行 (suspect=0)
    ethereum 2026-08-16: +367853 行 (suspect=0)
    ethereum 2026-08-17: +504668 行 (suspect=0)
    ethereum 2026-08-18: +479392 行 (suspect=0)
    ethereum 2026-08-01: +839322 行 (suspect=0)
    ethereum 2026-08-02: +673052 行 (suspect=0)
    ethereum 2026-08-03: +706817 行 (suspect=0)
    ethereum 2026-08-04: +875153 行 (suspect=0)
  [ethereum] 进度 40/81, 累计读取 13730941 行, 515s
    ethereum 2026-08-05: +881698 行 (suspect=0)
    ethereum 2026-08-06: +771880 行 (suspect=0)
    ethereum 2026-08-07: +1027535 行 (suspect=0)
    ethereum 2026-08-08: +1243174 行 (suspect=0)
    ethereum 2026-08-09: +648694 行 (suspect=0)
    ethereum 2026-08-10: +894563 行 (suspect=0)
    ethereum 2026-08-11: +1024473 行 (suspect=0)
    ethereum 2026-08-12: +850019 行 (suspect=0)
    ethereum 2026-08-13: +739094 行 (suspect=0)
    ethereum 2026-08-14: +715596 行 (suspect=0)
  [ethereum] 进度 50/81, 累计读取 22527667 行, 999s
    ethereum 2026-08-15: +542457 行 (suspect=0)
    ethereum 2026-08-16: +529394 行 (suspect=0)
    ethereum 2026-08-17: +678346 行 (suspect=0)
    ethereum 2026-08-18: +672370 行 (suspect=0)
    ethereum 2026-08-19: +650609 行 (suspect=0)
    ethereum 2026-08-19: +19465 行 (suspect=0)
    ethereum 2026-08-19: +522782 行 (suspect=0)
    ethereum 2026-08-19: +1823 行 (suspect=0)
    ethereum 2026-08-20: +25467 行 (suspect=0)
    ethereum 2026-08-19: +38696 行 (suspect=0)
    ethereum 2026-08-20: +644328 行 (suspect=0)
    ethereum 2026-08-20: +1196 行 (suspect=0)
    ethereum 2026-08-21: +1 行 (suspect=0)
  [ethereum] 进度 60/81, 累计读取 26880068 行, 1232s
    ethereum 2026-08-20: +29076 行 (suspect=0)
    ethereum 2026-08-21: +17 行 (suspect=0)
    ethereum 2026-08-20: +709281 行 (suspect=0)
    ethereum 2026-08-20: +141322 行 (suspect=0)
    ethereum 2026-08-21: +405151 行 (suspect=0)
    ethereum 2026-08-21: +24838 行 (suspect=0)
    ethereum 2026-08-22: +5 行 (suspect=0)
    ethereum 2026-08-21: +640948 行 (suspect=0)
    ethereum 2026-08-22: +78 行 (suspect=0)
    ethereum 2026-08-21: +288463 行 (suspect=0)
    ethereum 2026-08-22: +63 行 (suspect=0)
    ethereum 2026-08-22: +24638 行 (suspect=0)
    ethereum 2026-08-23: +2 行 (suspect=0)
    ethereum 2026-08-22: +609161 行 (suspect=0)
    ethereum 2026-08-23: +81 行 (suspect=0)
    ethereum 2026-08-22: +702514 行 (suspect=0)
    ethereum 2026-08-23: +23612 行 (suspect=0)
    ethereum 2026-08-24: +8 行 (suspect=0)
  [ethereum] 进度 70/81, 累计读取 31778657 行, 1496s
    ethereum 2026-08-23: +609277 行 (suspect=0)
    ethereum 2026-08-24: +147 行 (suspect=0)
    ethereum 2026-08-23: +710360 行 (suspect=0)
    ethereum 2026-08-27: +22168 行 (suspect=0)
    ethereum 2026-08-28: +4 行 (suspect=0)
    ethereum 2026-08-27: +607417 行 (suspect=0)
    ethereum 2026-08-28: +83 行 (suspect=0)
    ethereum 2026-08-28: +21569 行 (suspect=0)
    ethereum 2026-08-29: +13 行 (suspect=0)
    ethereum 2026-08-28: +620671 行 (suspect=0)
    ethereum 2026-08-29: +119 行 (suspect=0)
    ethereum 2026-08-28: +710301 行 (suspect=0)
    ethereum 2026-08-30: +17437 行 (suspect=0)
    ethereum 2026-08-31: +4 行 (suspect=0)
    ethereum 2026-08-30: +513432 行 (suspect=0)
    ethereum 2026-08-31: +104 行 (suspect=0)
    ethereum 2026-08-30: +622640 行 (suspect=0)
    ethereum 2026-08-31: +116 行 (suspect=0)
  [ethereum] 进度 80/81, 累计读取 36234687 行, 1769s
    ethereum 2026-09-01: +19135 行 (suspect=0)
    ethereum 2026-09-02: +5 行 (suspect=0)
[ethereum] 完成: 读取 36253827 行 -> 写入 34928861 行 (去重 1324966), 聚合 101 组, 1773s
[arbitrum] 文件: 回填 54 个 (.gz), 遗留 3 个
