[18:30:15] ======================================================================
[18:30:15] 每日增量调度开始 | 日期戳=20260829 | ingest_date=2026-08-29
[18:30:15] 源: ['binance_klines', 'binance_funding', 'binance_stats', 'okx', 'coinbase', 'stablecoins', 'onchain', 'metadata', 'sentiment_macro', 'tron', 'cross_deriv', 'universe', 'rebuild']
[18:30:15] 代理: http://127.0.0.1:7897 | 日志: D:\Documents\z_python_data_analy\Quent\workspace_0817\Data_pipeline\data_foundation\data\daily_run_20260829.log
[18:31:07] 网络链路探测: T0_vision=不可用, T1_p7897=756ms, T2_p7900=不可用, T2_p7906=不可用, T2_p7907=不可用, T2_p7904=不可用, T2_p7902=3045ms, T3_socks5h=1216ms, T3_doh_pin=不可用
[18:31:07] ======================================================================
[18:31:13]   binance 现货端点选定: https://api.binance.com
[18:31:16]   BTCUSDT: 73 根 -> BTCUSDT_daily_20260829
[18:31:17]   ETHUSDT: 73 根 -> ETHUSDT_daily_20260829
[18:31:18]   SOLUSDT: 73 根 -> SOLUSDT_daily_20260829
[18:31:19]   BNBUSDT: 73 根 -> BNBUSDT_daily_20260829
[18:31:20]   XRPUSDT: 73 根 -> XRPUSDT_daily_20260829
[18:31:21]   ADAUSDT: 73 根 -> ADAUSDT_daily_20260829
[18:31:21]   DOGEUSDT: 73 根 -> DOGEUSDT_daily_20260829
[18:31:22]   AVAXUSDT: 73 根 -> AVAXUSDT_daily_20260829
[18:31:23]   LINKUSDT: 73 根 -> LINKUSDT_daily_20260829
[18:31:24]   LTCUSDT: 73 根 -> LTCUSDT_daily_20260829
[18:31:24]   DOTUSDT: 73 根 -> DOTUSDT_daily_20260829
[18:31:25]   UNIUSDT: 73 根 -> UNIUSDT_daily_20260829
[18:31:25]   AAVEUSDT: 73 根 -> AAVEUSDT_daily_20260829
[18:31:26]   ARBUSDT: 73 根 -> ARBUSDT_daily_20260829
[18:31:27]   POLUSDT: 73 根 -> POLUSDT_daily_20260829
[18:31:27] [binance_klines] OK (19s)
[18:31:33]   BTCUSDT: 90 条资金费率 -> BTCUSDT_funding_daily_20260829
[18:31:34]   ETHUSDT: 90 条资金费率 -> ETHUSDT_funding_daily_20260829
[18:31:34]   SOLUSDT: 90 条资金费率 -> SOLUSDT_funding_daily_20260829
[18:31:34]   BNBUSDT: 90 条资金费率 -> BNBUSDT_funding_daily_20260829
[18:31:34]   XRPUSDT: 90 条资金费率 -> XRPUSDT_funding_daily_20260829
[18:31:35]   ADAUSDT: 90 条资金费率 -> ADAUSDT_funding_daily_20260829
[18:31:35]   DOGEUSDT: 90 条资金费率 -> DOGEUSDT_funding_daily_20260829
[18:31:36]   AVAXUSDT: 90 条资金费率 -> AVAXUSDT_funding_daily_20260829
[18:31:36]   LINKUSDT: 90 条资金费率 -> LINKUSDT_funding_daily_20260829
[18:31:36]   LTCUSDT: 90 条资金费率 -> LTCUSDT_funding_daily_20260829
[18:31:36]   DOTUSDT: 90 条资金费率 -> DOTUSDT_funding_daily_20260829
[18:31:37]   UNIUSDT: 90 条资金费率 -> UNIUSDT_funding_daily_20260829
[18:31:37]   AAVEUSDT: 90 条资金费率 -> AAVEUSDT_funding_daily_20260829
[18:31:37]   ARBUSDT: 90 条资金费率 -> ARBUSDT_funding_daily_20260829
[18:31:38]   POLUSDT: 100 条资金费率 -> POLUSDT_funding_daily_20260829
[18:31:38] [binance_funding] OK (11s)
[18:32:10]   binance_stats: 共 75 个批次
[18:32:10] [binance_stats] OK (32s)
[18:32:41]   okx BTC: spot/swap/funding/mark/index/OI 每日批次完成
[18:33:14]   okx ETH: spot/swap/funding/mark/index/OI 每日批次完成
[18:33:41]   okx SOL: spot/swap/funding/mark/index/OI 每日批次完成
[18:33:59]   okx XRP: spot/swap/funding/mark/index/OI 每日批次完成
[18:33:59] [okx] OK (109s)
[18:34:08]   coinbase BTC-USD: 72 根 -> BTCUSD_cb_daily_20260829
[18:34:13]   coinbase ETH-USD: 72 根 -> ETHUSD_cb_daily_20260829
[18:34:18]   coinbase SOL-USD: 72 根 -> SOLUSD_cb_daily_20260829
[18:34:22]   coinbase XRP-USD: 72 根 -> XRPUSD_cb_daily_20260829
[18:34:22] [coinbase] OK (23s)
[18:34:40]   defillama 供应量快照: [['defillama', '2026-08-29', 'USDT', '183380798491.37'], ['defillama', '2026-08-29', 'USDC', '74234077011.11'], ['defillama', '2026-08-29', 'DAI', '4792131811.23']]
[18:34:48]   ercin stablecoin_exchange_inflow_total: 已重下载
[18:34:50]   ercin stablecoin_exchange_netflow: 已重下载
[18:34:50]   ercin stablecoin_exchange_outflow_total: 已重下载
[18:34:51]   ercin stablecoin_exchange_reserve: 已重下载
[18:34:52]   ercin stablecoin_exchange_supply_ratio: 已重下载
[18:34:52]   peg USDCUSDT: 73 根 -> USDCUSDT_peg_daily_20260829 (ok)
[18:34:53]   [warn] peg DAIUSDT: 近 3 天无数据, 写入空批次 (empty: 该交易对近 3 天无成交 (DAIUSDT 自 2020-08 起 Binance 现货停牌))
[18:34:53]   peg DAIUSDT: 0 根 -> DAIUSDT_peg_daily_20260829 (empty: 该交易对近 3 天无成交 (DAIUSDT 自 2020-08 起 Binance 现货停牌))
[18:34:53] [stablecoins] OK (31s)
[18:34:57]   链上窗口: 2026-08-28 00:00 UTC -> 2026-08-29 00:00 UTC (block 25850010 ~ 25857182, latest=25862734)
[18:54:12]   USDT: 710301 条日志 (超过上限截断, 仅部分) -> USDT_transfer_logs_daily_20260829
[19:00:10]   USDC: 620873 条日志 -> USDC_transfer_logs_daily_20260829
[19:01:17]   DAI: 21586 条日志 -> DAI_transfer_logs_daily_20260829
[19:01:27]   mempool blocks: 165 块
[19:01:36]   chainlink: {'ETH-USD': {'roundId': 129127208515966894412, 'answer': 245509898518, 'startedAt': 1788029360, 'updatedAt': 1788029387, 'answeredInRound': 129127208515966894412}, 'fetched_at': '2026-08-29T19:01:36.683965+00:00'}
[19:01:36]   onchain 备注: USDT: 710301 条日志 (超过上限截断, 仅部分)
[19:01:36] [onchain] OK (1603s)
[19:02:11] [metadata] 第 1/3 次尝试失败 (35s): OSError: [Errno 28] No space left on device
[19:02:21] [metadata] 第 2/3 次尝试失败 (2s): OSError: [Errno 28] No space left on device
[19:02:32] [metadata] 第 3/3 次尝试失败 (3s): OSError: [Errno 28] No space left on device
[19:02:56] [sentiment_macro] OK (24s)
[19:05:53] [tron] 第 1/3 次尝试失败 (177s): OSError: [Errno 28] No space left on device
[19:08:58] [tron] 第 2/3 次尝试失败 (177s): OSError: [Errno 28] No space left on device
[19:11:55] [tron] 第 3/3 次尝试失败 (169s): OSError: [Errno 28] No space left on device
[19:14:34] [cross_deriv] OK (159s)
[19:15:48] [universe] 第 1/3 次尝试失败 (73s): OSError: [Errno 28] Error writing bytes to file. Detail: [errno 28] No space left on device
[19:15:56] [universe] 第 2/3 次尝试失败 (0s): ArrowInvalid: Could not open Parquet input source '<Buffer>': Parquet magic bytes not found in footer. Either the file is corrupted or this is not a parquet file.
[19:16:04] [universe] 第 3/3 次尝试失败 (0s): ArrowInvalid: Could not open Parquet input source '<Buffer>': Parquet magic bytes not found in footer. Either the file is corrupted or this is not a parquet file.
== L1: 标准化 ==
[19:16:07]   [rebuild:binance_l1] 失败: [Errno 28] Error writing bytes to file. Detail: [errno 28] No space left on device
[19:16:07]   [rebuild:binance_l1] 失败: [Errno 28] Error writing bytes to file. Detail: [errno 28] No space left on device
[19:16:07]   rebuild binance_l1: fail: [Errno 28] Error writing bytes to file. Detail: [errno 28] No space left on device (3s)
[19:16:07]   rebuild binance_l1: fail: [Errno 28] Error writing bytes to file. Detail: [errno 28] No space left on device (3s)
== L2: 认证 ==
[19:16:07]   [rebuild:binance_l2] 失败: Error creating dataset. Could not read schema from 'D:/Documents/z_python_data_analy/Quent/workspace_0817/Data_pipeline/data_foundation/data/l1/market_candle_spot_1h/binance/spot/BTC-USDT/interval=1h/
[19:16:07]   [rebuild:binance_l2] 失败: Error creating dataset. Could not read schema from 'D:/Documents/z_python_data_analy/Quent/workspace_0817/Data_pipeline/data_foundation/data/l1/market_candle_spot_1h/binance/spot/BTC-USDT/interval=1h/
[19:16:07]   rebuild binance_l2: fail: Error creating dataset. Could not read schema from 'D:/Documents/z_python_data_analy/Quent/workspace_0817/Data_pipeline/data_foundation/data/l1/market_candle_spot_1h/binance/spot/BTC-USDT/interval=1h/ (0s)
[19:16:07]   rebuild binance_l2: fail: Error creating dataset. Could not read schema from 'D:/Documents/z_python_data_analy/Quent/workspace_0817/Data_pipeline/data_foundation/data/l1/market_candle_spot_1h/binance/spot/BTC-USDT/interval=1h/ (0s)
== OKX (BTC, ETH, SOL, XRP, days=上市日至今) ==
-- L0 --

[19:16:12]   [rebuild:okx] 失败: [Errno 28] Error writing bytes to file. Detail: [errno 28] No space left on device
[19:16:12]   [rebuild:okx] 失败: [Errno 28] Error writing bytes to file. Detail: [errno 28] No space left on device
[19:16:12]   rebuild okx: fail: [Errno 28] Error writing bytes to file. Detail: [errno 28] No space left on device (5s)
[19:16:12]   rebuild okx: fail: [Errno 28] Error writing bytes to file. Detail: [errno 28] No space left on device (5s)
== Coinbase (BTC, ETH, SOL, XRP, 近 365 天) ==
-- L1 --
  coinbase BTC-USD: 97311 行
  coinbase ETH-USD: 89902 行
  coinbase SOL-USD: 45540 行
  coinbase XRP-USD: 44026 行
  coinbase instruments: 483 行
-- L2 --
  coinbase BTC-USD: certified
  coinbase ETH-USD: certified
  coinbase SOL-USD: certified
  coinbase XRP-USD: certified
Coinbase 管线完成
[19:16:23]   rebuild coinbase: ok (11s)
[19:16:23]   rebuild coinbase: ok (11s)
== 阶段3: 稳定币 ==
-- L0 --
  [warn] USDCUSDT K线抓取失败: netpath 全通道失败 (1 次尝试) https://api.binance.com/api/v3/klines:
  [warn] DAIUSDT K线抓取失败: netpath 全通道失败 (1 次尝试) https://api.binance.com/api/v3/klines:
  稳定币 L0: 0 批次
-- L1 --
  supply: 9525 行 (3 币, 2015-02-25~2026-08-19)
  flows: 6841 行 (5 指标)
  peg: 63944 行 (2 币)
-- L2 --
阶段3 完成
[19:19:12]   rebuild stablecoins: ok (168s)
[19:19:12]   rebuild stablecoins: ok (168s)
[19:19:12]   [rebuild:onchain] L0 已跳过 (每日 L0 由 run_onchain 完成; Arbitrum/Solana RPC 经代理卡死), 仅重建 L1/L2
[19:19:12]   [rebuild:onchain] L0 已跳过 (每日 L0 由 run_onchain 完成; Arbitrum/Solana RPC 经代理卡死), 仅重建 L1/L2
== 阶段4: 链上 (近 1 天 ERC-20, 近 24h mempool) ==
-- L0 --
-- L1 --
