[15:54:43] ======================================================================
[15:54:43] 每日增量调度开始 | 日期戳=20260830 | ingest_date=2026-08-30
[15:54:43] 源: ['rebuild']
[15:54:43] 代理: http://127.0.0.1:7897 | 日志: D:\Documents\z_python_data_analy\Quent\workspace_0817\Data_pipeline\data_foundation\data\daily_run_20260830.log
[15:55:40] 网络链路探测: T0_vision=不可用, T1_p7897=不可用, T2_p7900=1369ms, T2_p7906=不可用, T2_p7907=不可用, T2_p7904=不可用, T2_p7902=4091ms, T3_socks5h=不可用, T3_doh_pin=不可用
[15:55:40] ======================================================================
== L1: 标准化 ==
  BTCUSDT: 1h/1d/1w + funding/OI/mark/ratio 已标准化
  ETHUSDT: 1h/1d/1w + funding/OI/mark/ratio 已标准化
  SOLUSDT: 1h/1d/1w + funding/OI/mark/ratio 已标准化
  BNBUSDT: 1h/1d/1w + funding/OI/mark/ratio 已标准化
  XRPUSDT: 1h/1d/1w + funding/OI/mark/ratio 已标准化
  ADAUSDT: 1h/1d/1w + funding/OI/mark/ratio 已标准化
  DOGEUSDT: 1h/1d/1w + funding/OI/mark/ratio 已标准化
  AVAXUSDT: 1h/1d/1w + funding/OI/mark/ratio 已标准化
  LINKUSDT: 1h/1d/1w + funding/OI/mark/ratio 已标准化
  LTCUSDT: 1h/1d/1w + funding/OI/mark/ratio 已标准化
  DOTUSDT: 1h/1d/1w + funding/OI/mark/ratio 已标准化
  UNIUSDT: 1h/1d/1w + funding/OI/mark/ratio 已标准化
  AAVEUSDT: 1h/1d/1w + funding/OI/mark/ratio 已标准化
  ARBUSDT: 1h/1d/1w + funding/OI/mark/ratio 已标准化
  POLUSDT: 1h/1d/1w + funding/OI/mark/ratio 已标准化
  [skip] instrument 已是 PIT 快照历史, 由 run_daily metadata 源维护
[15:58:49]   rebuild binance_l1: ok (188s)
[15:58:49]   rebuild binance_l1: ok (188s)
== L2: 认证 ==
  BTCUSDT: 1h/1d/1w + 衍生品 certified
  ETHUSDT: 1h/1d/1w + 衍生品 certified
  SOLUSDT: 1h/1d/1w + 衍生品 certified
  BNBUSDT: 1h/1d/1w + 衍生品 certified
  XRPUSDT: 1h/1d/1w + 衍生品 certified
  ADAUSDT: 1h/1d/1w + 衍生品 certified
  DOGEUSDT: 1h/1d/1w + 衍生品 certified
  AVAXUSDT: 1h/1d/1w + 衍生品 certified
  LINKUSDT: 1h/1d/1w + 衍生品 certified
  LTCUSDT: 1h/1d/1w + 衍生品 certified
  DOTUSDT: 1h/1d/1w + 衍生品 certified
  UNIUSDT: 1h/1d/1w + 衍生品 certified
  AAVEUSDT: 1h/1d/1w + 衍生品 certified
  ARBUSDT: 1h/1d/1w + 衍生品 certified
  POLUSDT: 1h/1d/1w + 衍生品 certified
  manifests 汇总完成
[16:00:24]   rebuild binance_l2: ok (95s)
[16:00:24]   rebuild binance_l2: ok (95s)
== OKX (BTC, ETH, SOL, XRP, days=上市日至今) ==
-- L0 --
  okx BTC: spot/swap/funding/mark/index/OI 已摄取
  okx ETH: spot/swap/funding/mark/index/OI 已摄取
  okx SOL: spot/swap/funding/mark/index/OI 已摄取
  okx XRP: spot/swap/funding/mark/index/OI 已摄取
-- L1 --
  okx BTC: spot/swap/funding/mark/index/OI 标准化
  okx ETH: spot/swap/funding/mark/index/OI 标准化
  okx SOL: spot/swap/funding/mark/index/OI 标准化
  okx XRP: spot/swap/funding/mark/index/OI 标准化
  okx instruments: 832 行
-- L2 --
  okx BTC: certified
  okx ETH: certified
  okx SOL: certified
  okx XRP: certified
-- basis --
  basis BTC: 58757 行
  basis ETH: 58547 行
  basis SOL: 49085 行
  basis XRP: 58403 行
OKX 管线完成
[16:01:13]   rebuild okx: ok (49s)
[16:01:13]   rebuild okx: ok (49s)
== Coinbase (BTC, ETH, SOL, XRP, 近 365 天) ==
-- L1 --
  coinbase BTC-USD: 97311 行
  coinbase ETH-USD: 89902 行
  coinbase SOL-USD: 45540 行
  coinbase XRP-USD: 44026 行
  coinbase instruments: 483 行
-- L2 --
  coinbase BTC-USD: certified
  coinbase ETH-USD: certified
  coinbase SOL-USD: certified
  coinbase XRP-USD: certified
Coinbase 管线完成
[16:01:26]   rebuild coinbase: ok (13s)
[16:01:26]   rebuild coinbase: ok (13s)
== 阶段3: 稳定币 ==
-- L0 --
  稳定币 L0: 0 批次
-- L1 --
  supply: 9525 行 (3 币, 2015-02-25~2026-08-19)
  flows: 6841 行 (5 指标)
  peg: 63944 行 (2 币)
-- L2 --
阶段3 完成
[16:04:15]   rebuild stablecoins: ok (169s)
[16:04:15]   rebuild stablecoins: ok (169s)
[16:04:15]   [rebuild:onchain] L0 已跳过 (每日 L0 由 run_onchain 完成; Arbitrum/Solana RPC 经代理卡死), 仅重建 L1/L2
[16:04:15]   [rebuild:onchain] L0 已跳过 (每日 L0 由 run_onchain 完成; Arbitrum/Solana RPC 经代理卡死), 仅重建 L1/L2
== 阶段4: 链上 (近 1 天 ERC-20, 近 24h mempool) ==
-- L0 --
-- L1 --
[16:25:22]   [rebuild:onchain] 失败: Unable to allocate 1.23 GiB for an array with shape (3, 55121682) and data type object
[16:25:22]   [rebuild:onchain] 失败: Unable to allocate 1.23 GiB for an array with shape (3, 55121682) and data type object
[16:30:17]   rebuild onchain: fail: Unable to allocate 1.23 GiB for an array with shape (3, 55121682) and data type object (1562s)
[16:30:17]   rebuild onchain: fail: Unable to allocate 1.23 GiB for an array with shape (3, 55121682) and data type object (1562s)
[16:30:17] [rebuild] 第 1/3 次尝试失败 (2077s): RuntimeError: L1/L2 重建部分阶段失败: onchain | 详情见日志 D:\Documents\z_python_data_analy\Quent\workspace_0817\Data_pipeline\data_foundation\data\daily_run_20260830.log
== L1: 标准化 ==
  BTCUSDT: 1h/1d/1w + funding/OI/mark/ratio 已标准化
  ETHUSDT: 1h/1d/1w + funding/OI/mark/ratio 已标准化
  SOLUSDT: 1h/1d/1w + funding/OI/mark/ratio 已标准化
  BNBUSDT: 1h/1d/1w + funding/OI/mark/ratio 已标准化
  XRPUSDT: 1h/1d/1w + funding/OI/mark/ratio 已标准化
  ADAUSDT: 1h/1d/1w + funding/OI/mark/ratio 已标准化
  DOGEUSDT: 1h/1d/1w + funding/OI/mark/ratio 已标准化
  AVAXUSDT: 1h/1d/1w + funding/OI/mark/ratio 已标准化
  LINKUSDT: 1h/1d/1w + funding/OI/mark/ratio 已标准化
  LTCUSDT: 1h/1d/1w + funding/OI/mark/ratio 已标准化
  DOTUSDT: 1h/1d/1w + funding/OI/mark/ratio 已标准化
  UNIUSDT: 1h/1d/1w + funding/OI/mark/ratio 已标准化
  AAVEUSDT: 1h/1d/1w + funding/OI/mark/ratio 已标准化
  ARBUSDT: 1h/1d/1w + funding/OI/mark/ratio 已标准化
  POLUSDT: 1h/1d/1w + funding/OI/mark/ratio 已标准化
  [skip] instrument 已是 PIT 快照历史, 由 run_daily metadata 源维护
[16:32:55]   rebuild binance_l1: ok (150s)
[16:32:55]   rebuild binance_l1: ok (150s)
== L2: 认证 ==
  BTCUSDT: 1h/1d/1w + 衍生品 certified
  ETHUSDT: 1h/1d/1w + 衍生品 certified
  SOLUSDT: 1h/1d/1w + 衍生品 certified
  BNBUSDT: 1h/1d/1w + 衍生品 certified
  XRPUSDT: 1h/1d/1w + 衍生品 certified
  ADAUSDT: 1h/1d/1w + 衍生品 certified
  DOGEUSDT: 1h/1d/1w + 衍生品 certified
  AVAXUSDT: 1h/1d/1w + 衍生品 certified
  LINKUSDT: 1h/1d/1w + 衍生品 certified
  LTCUSDT: 1h/1d/1w + 衍生品 certified
  DOTUSDT: 1h/1d/1w + 衍生品 certified
  UNIUSDT: 1h/1d/1w + 衍生品 certified
  AAVEUSDT: 1h/1d/1w + 衍生品 certified
  ARBUSDT: 1h/1d/1w + 衍生品 certified
  POLUSDT: 1h/1d/1w + 衍生品 certified
  manifests 汇总完成
[16:34:24]   rebuild binance_l2: ok (89s)
[16:34:24]   rebuild binance_l2: ok (89s)
== OKX (BTC, ETH, SOL, XRP, days=上市日至今) ==
-- L0 --
  okx BTC: spot/swap/funding/mark/index/OI 已摄取
  okx ETH: spot/swap/funding/mark/index/OI 已摄取
  okx SOL: spot/swap/funding/mark/index/OI 已摄取
  okx XRP: spot/swap/funding/mark/index/OI 已摄取
-- L1 --
  okx BTC: spot/swap/funding/mark/index/OI 标准化
  okx ETH: spot/swap/funding/mark/index/OI 标准化
  okx SOL: spot/swap/funding/mark/index/OI 标准化
  okx XRP: spot/swap/funding/mark/index/OI 标准化
  okx instruments: 832 行
-- L2 --
  okx BTC: certified
  okx ETH: certified
  okx SOL: certified
  okx XRP: certified
-- basis --
  basis BTC: 58757 行
  basis ETH: 58547 行
  basis SOL: 49085 行
  basis XRP: 58403 行
OKX 管线完成
[16:35:07]   rebuild okx: ok (43s)
[16:35:07]   rebuild okx: ok (43s)
== Coinbase (BTC, ETH, SOL, XRP, 近 365 天) ==
-- L1 --
  coinbase BTC-USD: 97311 行
  coinbase ETH-USD: 89902 行
  coinbase SOL-USD: 45540 行
  coinbase XRP-USD: 44026 行
  coinbase instruments: 483 行
-- L2 --
  coinbase BTC-USD: certified
  coinbase ETH-USD: certified
  coinbase SOL-USD: certified
  coinbase XRP-USD: certified
Coinbase 管线完成
[16:35:18]   rebuild coinbase: ok (11s)
[16:35:18]   rebuild coinbase: ok (11s)
== 阶段3: 稳定币 ==
-- L0 --
  稳定币 L0: 0 批次
-- L1 --
  supply: 9525 行 (3 币, 2015-02-25~2026-08-19)
  flows: 6841 行 (5 指标)
  peg: 63944 行 (2 币)
-- L2 --
阶段3 完成
[16:40:08]   rebuild stablecoins: ok (290s)
[16:40:08]   rebuild stablecoins: ok (290s)
[16:40:08]   [rebuild:onchain] L0 已跳过 (每日 L0 由 run_onchain 完成; Arbitrum/Solana RPC 经代理卡死), 仅重建 L1/L2
[16:40:08]   [rebuild:onchain] L0 已跳过 (每日 L0 由 run_onchain 完成; Arbitrum/Solana RPC 经代理卡死), 仅重建 L1/L2
== 阶段4: 链上 (近 1 天 ERC-20, 近 24h mempool) ==
-- L0 --
-- L1 --
[16:57:47]   [rebuild:onchain] 失败: Unable to allocate 1.23 GiB for an array with shape (3, 55121682) and data type object
[16:57:47]   [rebuild:onchain] 失败: Unable to allocate 1.23 GiB for an array with shape (3, 55121682) and data type object
[17:03:08] ======================================================================
[17:03:08] 每日增量调度开始 | 日期戳=20260830 | ingest_date=2026-08-30
[17:03:08] 源: ['rebuild']
[17:03:08] 代理: http://127.0.0.1:7897 | 日志: D:\Documents\z_python_data_analy\Quent\workspace_0817\Data_pipeline\data_foundation\data\daily_run_20260830.log
[17:04:06] 网络链路探测: T0_vision=不可用, T1_p7897=不可用, T2_p7900=2042ms, T2_p7906=不可用, T2_p7907=不可用, T2_p7904=不可用, T2_p7902=不可用, T3_socks5h=不可用, T3_doh_pin=不可用
[17:04:06] ======================================================================
== L1: 标准化 ==
  BTCUSDT: 1h/1d/1w + funding/OI/mark/ratio 已标准化
  ETHUSDT: 1h/1d/1w + funding/OI/mark/ratio 已标准化
  SOLUSDT: 1h/1d/1w + funding/OI/mark/ratio 已标准化
  BNBUSDT: 1h/1d/1w + funding/OI/mark/ratio 已标准化
  XRPUSDT: 1h/1d/1w + funding/OI/mark/ratio 已标准化
  ADAUSDT: 1h/1d/1w + funding/OI/mark/ratio 已标准化
  DOGEUSDT: 1h/1d/1w + funding/OI/mark/ratio 已标准化
  AVAXUSDT: 1h/1d/1w + funding/OI/mark/ratio 已标准化
  LINKUSDT: 1h/1d/1w + funding/OI/mark/ratio 已标准化
  LTCUSDT: 1h/1d/1w + funding/OI/mark/ratio 已标准化
  DOTUSDT: 1h/1d/1w + funding/OI/mark/ratio 已标准化
  UNIUSDT: 1h/1d/1w + funding/OI/mark/ratio 已标准化
  AAVEUSDT: 1h/1d/1w + funding/OI/mark/ratio 已标准化
  ARBUSDT: 1h/1d/1w + funding/OI/mark/ratio 已标准化
  POLUSDT: 1h/1d/1w + funding/OI/mark/ratio 已标准化
  [skip] instrument 已是 PIT 快照历史, 由 run_daily metadata 源维护
[17:06:35]   rebuild binance_l1: ok (148s)
[17:06:35]   rebuild binance_l1: ok (148s)
== L2: 认证 ==
  BTCUSDT: 1h/1d/1w + 衍生品 certified
  ETHUSDT: 1h/1d/1w + 衍生品 certified
  SOLUSDT: 1h/1d/1w + 衍生品 certified
  BNBUSDT: 1h/1d/1w + 衍生品 certified
  XRPUSDT: 1h/1d/1w + 衍生品 certified
  ADAUSDT: 1h/1d/1w + 衍生品 certified
  DOGEUSDT: 1h/1d/1w + 衍生品 certified
  AVAXUSDT: 1h/1d/1w + 衍生品 certified
  LINKUSDT: 1h/1d/1w + 衍生品 certified
  LTCUSDT: 1h/1d/1w + 衍生品 certified
  DOTUSDT: 1h/1d/1w + 衍生品 certified
  UNIUSDT: 1h/1d/1w + 衍生品 certified
  AAVEUSDT: 1h/1d/1w + 衍生品 certified
  ARBUSDT: 1h/1d/1w + 衍生品 certified
  POLUSDT: 1h/1d/1w + 衍生品 certified
  manifests 汇总完成
[17:08:01]   rebuild binance_l2: ok (86s)
[17:08:01]   rebuild binance_l2: ok (86s)
== OKX (BTC, ETH, SOL, XRP, days=上市日至今) ==
-- L0 --
  okx BTC: spot/swap/funding/mark/index/OI 已摄取
  okx ETH: spot/swap/funding/mark/index/OI 已摄取
  okx SOL: spot/swap/funding/mark/index/OI 已摄取
  okx XRP: spot/swap/funding/mark/index/OI 已摄取
-- L1 --
  okx BTC: spot/swap/funding/mark/index/OI 标准化
  okx ETH: spot/swap/funding/mark/index/OI 标准化
  okx SOL: spot/swap/funding/mark/index/OI 标准化
  okx XRP: spot/swap/funding/mark/index/OI 标准化
  okx instruments: 832 行
-- L2 --
  okx BTC: certified
  okx ETH: certified
  okx SOL: certified
  okx XRP: certified
-- basis --
  basis BTC: 58757 行
  basis ETH: 58547 行
  basis SOL: 49085 行
  basis XRP: 58403 行
OKX 管线完成
[17:08:43]   rebuild okx: ok (42s)
[17:08:43]   rebuild okx: ok (42s)
== Coinbase (BTC, ETH, SOL, XRP, 近 365 天) ==
-- L1 --
  coinbase BTC-USD: 97311 行
  coinbase ETH-USD: 89902 行
  coinbase SOL-USD: 45540 行
  coinbase XRP-USD: 44026 行
  coinbase instruments: 483 行
-- L2 --
  coinbase BTC-USD: certified
  coinbase ETH-USD: certified
  coinbase SOL-USD: certified
  coinbase XRP-USD: certified
Coinbase 管线完成
[17:08:53]   rebuild coinbase: ok (10s)
[17:08:53]   rebuild coinbase: ok (10s)
== 阶段3: 稳定币 ==
-- L0 --
  稳定币 L0: 0 批次
-- L1 --
  supply: 9525 行 (3 币, 2015-02-25~2026-08-19)
  flows: 6841 行 (5 指标)
  peg: 63944 行 (2 币)
-- L2 --
阶段3 完成
[17:11:54]   rebuild stablecoins: ok (181s)
[17:11:54]   rebuild stablecoins: ok (181s)
[17:11:54]   [rebuild:onchain] L0 已跳过 (每日 L0 由 run_onchain 完成; Arbitrum/Solana RPC 经代理卡死), 仅重建 L1/L2
[17:11:54]   [rebuild:onchain] L0 已跳过 (每日 L0 由 run_onchain 完成; Arbitrum/Solana RPC 经代理卡死), 仅重建 L1/L2
== 阶段4: 链上 (近 1 天 ERC-20, 近 24h mempool) ==
-- L0 --
-- L1 --
[ethereum] 文件: 回填 57 个 (.gz), 遗留 20 个
    ethereum 2026-08-01: +17678 行 (suspect=0)
    ethereum 2026-08-02: +17577 行 (suspect=0)
    ethereum 2026-08-03: +15810 行 (suspect=0)
    ethereum 2026-08-04: +18431 行 (suspect=0)
    ethereum 2026-08-05: +17631 行 (suspect=0)
    ethereum 2026-08-06: +20114 行 (suspect=0)
    ethereum 2026-08-07: +22156 行 (suspect=0)
    ethereum 2026-08-08: +22796 行 (suspect=0)
    ethereum 2026-08-09: +17891 行 (suspect=0)
    ethereum 2026-08-10: +24288 行 (suspect=0)
  [ethereum] 进度 10/77, 累计读取 194372 行, 8s
    ethereum 2026-08-11: +26641 行 (suspect=0)
    ethereum 2026-08-12: +22690 行 (suspect=0)
    ethereum 2026-08-13: +20396 行 (suspect=0)
    ethereum 2026-08-14: +16720 行 (suspect=0)
    ethereum 2026-08-15: +12118 行 (suspect=0)
    ethereum 2026-08-16: +13208 行 (suspect=0)
    ethereum 2026-08-17: +16188 行 (suspect=0)
    ethereum 2026-08-18: +14331 行 (suspect=0)
    ethereum 2026-08-01: +598484 行 (suspect=0)
    ethereum 2026-08-02: +470578 行 (suspect=0)
  [ethereum] 进度 20/77, 累计读取 1405726 行, 45s
    ethereum 2026-08-03: +582954 行 (suspect=0)
    ethereum 2026-08-04: +681434 行 (suspect=0)
    ethereum 2026-08-05: +624023 行 (suspect=0)
    ethereum 2026-08-06: +558467 行 (suspect=0)
    ethereum 2026-08-07: +710019 行 (suspect=0)
    ethereum 2026-08-08: +735588 行 (suspect=0)
    ethereum 2026-08-09: +436471 行 (suspect=0)
    ethereum 2026-08-10: +659275 行 (suspect=0)
    ethereum 2026-08-11: +761429 行 (suspect=0)
    ethereum 2026-08-12: +635374 行 (suspect=0)
  [ethereum] 进度 30/77, 累计读取 7790760 行, 318s
    ethereum 2026-08-13: +576999 行 (suspect=0)
    ethereum 2026-08-14: +544570 行 (suspect=0)
    ethereum 2026-08-15: +372355 行 (suspect=0)
    ethereum 2026-08-16: +367853 行 (suspect=0)
    ethereum 2026-08-17: +504668 行 (suspect=0)
    ethereum 2026-08-18: +479392 行 (suspect=0)
    ethereum 2026-08-01: +839322 行 (suspect=0)
    ethereum 2026-08-02: +673052 行 (suspect=0)
    ethereum 2026-08-03: +706817 行 (suspect=0)
    ethereum 2026-08-04: +875153 行 (suspect=0)
  [ethereum] 进度 40/77, 累计读取 13730941 行, 545s
    ethereum 2026-08-05: +881698 行 (suspect=0)
    ethereum 2026-08-06: +771880 行 (suspect=0)
