[18:30:08] ======================================================================
[18:30:08] 每日增量调度开始 | 日期戳=20260828 | ingest_date=2026-08-28
[18:30:08] 源: ['binance_klines', 'binance_funding', 'binance_stats', 'okx', 'coinbase', 'stablecoins', 'onchain', 'metadata', 'sentiment_macro', 'tron', 'cross_deriv', 'universe', 'rebuild']
[18:30:08] 代理: http://127.0.0.1:7897 | 日志: D:\Documents\z_python_data_analy\Quent\workspace_0817\Data_pipeline\data_foundation\data\daily_run_20260828.log
[18:30:57] 网络链路探测: T0_vision=不可用, T1_p7897=240ms, T2_p7900=不可用, T2_p7906=不可用, T2_p7907=不可用, T2_p7904=不可用, T2_p7902=6464ms, T3_socks5h=261ms, T3_doh_pin=不可用
[18:30:57] ======================================================================
[18:30:57]   binance 现货端点选定: https://api.binance.com
[18:31:00]   BTCUSDT: 73 根 -> BTCUSDT_daily_20260828
[18:31:00]   ETHUSDT: 73 根 -> ETHUSDT_daily_20260828
[18:31:00]   SOLUSDT: 73 根 -> SOLUSDT_daily_20260828
[18:31:01]   BNBUSDT: 73 根 -> BNBUSDT_daily_20260828
[18:31:01]   XRPUSDT: 73 根 -> XRPUSDT_daily_20260828
[18:31:01]   ADAUSDT: 73 根 -> ADAUSDT_daily_20260828
[18:31:01]   DOGEUSDT: 73 根 -> DOGEUSDT_daily_20260828
[18:31:02]   AVAXUSDT: 73 根 -> AVAXUSDT_daily_20260828
[18:31:02]   LINKUSDT: 73 根 -> LINKUSDT_daily_20260828
[18:31:02]   LTCUSDT: 73 根 -> LTCUSDT_daily_20260828
[18:31:02]   DOTUSDT: 73 根 -> DOTUSDT_daily_20260828
[18:31:02]   UNIUSDT: 73 根 -> UNIUSDT_daily_20260828
[18:31:03]   AAVEUSDT: 73 根 -> AAVEUSDT_daily_20260828
[18:31:03]   ARBUSDT: 73 根 -> ARBUSDT_daily_20260828
[18:31:03]   POLUSDT: 73 根 -> POLUSDT_daily_20260828
[18:31:03] [binance_klines] OK (6s)
[18:31:34]   BTCUSDT: 90 条资金费率 -> BTCUSDT_funding_daily_20260828
[18:31:34]   ETHUSDT: 90 条资金费率 -> ETHUSDT_funding_daily_20260828
[18:31:35]   SOLUSDT: 90 条资金费率 -> SOLUSDT_funding_daily_20260828
[18:31:35]   BNBUSDT: 90 条资金费率 -> BNBUSDT_funding_daily_20260828
[18:31:35]   XRPUSDT: 90 条资金费率 -> XRPUSDT_funding_daily_20260828
[18:31:35]   ADAUSDT: 90 条资金费率 -> ADAUSDT_funding_daily_20260828
[18:31:35]   DOGEUSDT: 90 条资金费率 -> DOGEUSDT_funding_daily_20260828
[18:31:36]   AVAXUSDT: 90 条资金费率 -> AVAXUSDT_funding_daily_20260828
[18:31:36]   LINKUSDT: 90 条资金费率 -> LINKUSDT_funding_daily_20260828
[18:31:36]   LTCUSDT: 90 条资金费率 -> LTCUSDT_funding_daily_20260828
[18:31:36]   DOTUSDT: 90 条资金费率 -> DOTUSDT_funding_daily_20260828
[18:31:37]   UNIUSDT: 90 条资金费率 -> UNIUSDT_funding_daily_20260828
[18:31:37]   AAVEUSDT: 90 条资金费率 -> AAVEUSDT_funding_daily_20260828
[18:31:37]   ARBUSDT: 90 条资金费率 -> ARBUSDT_funding_daily_20260828
[18:31:37]   POLUSDT: 100 条资金费率 -> POLUSDT_funding_daily_20260828
[18:31:37] [binance_funding] OK (34s)
[18:32:01]   binance_stats: 共 75 个批次
[18:32:01] [binance_stats] OK (24s)
[18:32:13]   okx BTC: spot/swap/funding/mark/index/OI 每日批次完成
[18:32:20]   okx ETH: spot/swap/funding/mark/index/OI 每日批次完成
[18:32:26]   okx SOL: spot/swap/funding/mark/index/OI 每日批次完成
[18:32:33]   okx XRP: spot/swap/funding/mark/index/OI 每日批次完成
[18:32:33] [okx] OK (31s)
[18:32:36]   coinbase BTC-USD: 72 根 -> BTCUSD_cb_daily_20260828
[18:32:37]   coinbase ETH-USD: 72 根 -> ETHUSD_cb_daily_20260828
[18:32:38]   coinbase SOL-USD: 72 根 -> SOLUSD_cb_daily_20260828
[18:32:39]   coinbase XRP-USD: 72 根 -> XRPUSD_cb_daily_20260828
[18:32:39] [coinbase] OK (6s)
[18:32:47]   defillama 供应量快照: [['defillama', '2026-08-28', 'USDT', '183320988877.52'], ['defillama', '2026-08-28', 'USDC', '73899184517.09'], ['defillama', '2026-08-28', 'DAI', '4798044891.80']]
[18:32:50]   ercin stablecoin_exchange_inflow_total: 已重下载
[18:32:50]   ercin stablecoin_exchange_netflow: 已重下载
[18:32:51]   ercin stablecoin_exchange_outflow_total: 已重下载
[18:32:52]   ercin stablecoin_exchange_reserve: 已重下载
[18:32:53]   ercin stablecoin_exchange_supply_ratio: 已重下载
[18:33:15]   peg USDCUSDT: 73 根 -> USDCUSDT_peg_daily_20260828 (ok)
[18:33:15]   [warn] peg DAIUSDT: 近 3 天无数据, 写入空批次 (empty: 该交易对近 3 天无成交 (DAIUSDT 自 2020-08 起 Binance 现货停牌))
[18:33:15]   peg DAIUSDT: 0 根 -> DAIUSDT_peg_daily_20260828 (empty: 该交易对近 3 天无成交 (DAIUSDT 自 2020-08 起 Binance 现货停牌))
[18:33:15] [stablecoins] OK (36s)
[18:33:18]   链上窗口: 2026-08-27 00:00 UTC -> 2026-08-28 00:00 UTC (block 25842830 ~ 25850010, latest=25855555)
[18:34:33]   [warn] USDT 日志抓取失败: https://rpc.mevblocker.io: {'jsonrpc': '2.0', 'id': 1, 'error': {'code': -32005, (已跳过该币)
[18:41:12]   USDC: 607500 条日志 -> USDC_transfer_logs_daily_20260828
[18:41:52]   DAI: 22172 条日志 -> DAI_transfer_logs_daily_20260828
[18:42:02]   mempool blocks: 165 块
[18:42:11]   chainlink: {'ETH-USD': {'roundId': 129127208515966894385, 'answer': 243058320000, 'startedAt': 1787941321, 'updatedAt': 1787941343, 'answeredInRound': 129127208515966894385}, 'fetched_at': '2026-08-28T18:42:11.538963+00:00'}
[18:42:11]   onchain 备注: USDT: 抓取失败 https://rpc.mevblocker.io: {'jsonrpc': '2.0', 'id': 1, 'error': {'code': -32005,
[18:42:11] [onchain] OK (536s)
[18:42:27]   metadata binance_spot: binance /api/v3/exchangeInfo (现货, 全 symbol) -> metadata_binance_spot_20260828
[18:42:27]   metadata binance_perp: binance fapi /fapi/v1/exchangeInfo (USDT-M 永续, 全 symbol) -> metadata_binance_perp_20260828
[18:42:37]   metadata okx: okx /public/instruments (SPOT+SWAP) -> metadata_okx_20260828
[18:42:44]   metadata coinbase: coinbase /products (全 products) -> metadata_coinbase_20260828
[18:43:35]   metadata binance_spot: 归一化 3685 行
[18:43:35]   metadata binance_perp: 归一化 882 行
[18:43:36]   metadata okx: 归一化 1842 行
[18:43:36]   metadata coinbase: 归一化 836 行
[18:43:37]   metadata 完成: 新写批次 4, 各 venue PIT 已重认证
[18:43:37] [metadata] OK (86s)
[18:44:04] [sentiment_macro] OK (26s)
[18:48:04] [tron] OK (240s)
[18:51:17] [cross_deriv] OK (193s)
[18:52:16] [universe] OK (59s)
== L1: 标准化 ==
  BTCUSDT: 1h/1d/1w + funding/OI/mark/ratio 已标准化
  ETHUSDT: 1h/1d/1w + funding/OI/mark/ratio 已标准化
  SOLUSDT: 1h/1d/1w + funding/OI/mark/ratio 已标准化
  BNBUSDT: 1h/1d/1w + funding/OI/mark/ratio 已标准化
  XRPUSDT: 1h/1d/1w + funding/OI/mark/ratio 已标准化
  ADAUSDT: 1h/1d/1w + funding/OI/mark/ratio 已标准化
  DOGEUSDT: 1h/1d/1w + funding/OI/mark/ratio 已标准化
  AVAXUSDT: 1h/1d/1w + funding/OI/mark/ratio 已标准化
  LINKUSDT: 1h/1d/1w + funding/OI/mark/ratio 已标准化
  LTCUSDT: 1h/1d/1w + funding/OI/mark/ratio 已标准化
  DOTUSDT: 1h/1d/1w + funding/OI/mark/ratio 已标准化
  UNIUSDT: 1h/1d/1w + funding/OI/mark/ratio 已标准化
  AAVEUSDT: 1h/1d/1w + funding/OI/mark/ratio 已标准化
  ARBUSDT: 1h/1d/1w + funding/OI/mark/ratio 已标准化
  POLUSDT: 1h/1d/1w + funding/OI/mark/ratio 已标准化
  [skip] instrument 已是 PIT 快照历史, 由 run_daily metadata 源维护
[18:54:40]   rebuild binance_l1: ok (144s)
[18:54:40]   rebuild binance_l1: ok (144s)
== L2: 认证 ==
  BTCUSDT: 1h/1d/1w + 衍生品 certified
  ETHUSDT: 1h/1d/1w + 衍生品 certified
  SOLUSDT: 1h/1d/1w + 衍生品 certified
  BNBUSDT: 1h/1d/1w + 衍生品 certified
  XRPUSDT: 1h/1d/1w + 衍生品 certified
  ADAUSDT: 1h/1d/1w + 衍生品 certified
  DOGEUSDT: 1h/1d/1w + 衍生品 certified
  AVAXUSDT: 1h/1d/1w + 衍生品 certified
  LINKUSDT: 1h/1d/1w + 衍生品 certified
  LTCUSDT: 1h/1d/1w + 衍生品 certified
  DOTUSDT: 1h/1d/1w + 衍生品 certified
  UNIUSDT: 1h/1d/1w + 衍生品 certified
  AAVEUSDT: 1h/1d/1w + 衍生品 certified
  ARBUSDT: 1h/1d/1w + 衍生品 certified
  POLUSDT: 1h/1d/1w + 衍生品 certified
  manifests 汇总完成
[18:56:00]   rebuild binance_l2: ok (80s)
[18:56:00]   rebuild binance_l2: ok (80s)
== OKX (BTC, ETH, SOL, XRP, days=上市日至今) ==
-- L0 --
  okx BTC: spot/swap/funding/mark/index/OI 已摄取
  okx ETH: spot/swap/funding/mark/index/OI 已摄取
  okx SOL: spot/swap/funding/mark/index/OI 已摄取
  okx XRP: spot/swap/funding/mark/index/OI 已摄取
-- L1 --
  okx BTC: spot/swap/funding/mark/index/OI 标准化
  okx ETH: spot/swap/funding/mark/index/OI 标准化
  okx SOL: spot/swap/funding/mark/index/OI 标准化
  okx XRP: spot/swap/funding/mark/index/OI 标准化
  okx instruments: 832 行
-- L2 --
  okx BTC: certified
  okx ETH: certified
  okx SOL: certified
  okx XRP: certified
-- basis --
  basis BTC: 58734 行
  basis ETH: 58524 行
  basis SOL: 49062 行
  basis XRP: 58380 行
OKX 管线完成
[18:56:40]   rebuild okx: ok (39s)
[18:56:40]   rebuild okx: ok (39s)
== Coinbase (BTC, ETH, SOL, XRP, 近 365 天) ==
-- L1 --
  coinbase BTC-USD: 97287 行
  coinbase ETH-USD: 89878 行
  coinbase SOL-USD: 45516 行
  coinbase XRP-USD: 44002 行
  coinbase instruments: 483 行
-- L2 --
  coinbase BTC-USD: certified
  coinbase ETH-USD: certified
  coinbase SOL-USD: certified
  coinbase XRP-USD: certified
Coinbase 管线完成
[18:56:51]   rebuild coinbase: ok (11s)
[18:56:51]   rebuild coinbase: ok (11s)
== 阶段3: 稳定币 ==
-- L0 --
  稳定币 L0: 0 批次
-- L1 --
  supply: 9525 行 (3 币, 2015-02-25~2026-08-19)
  flows: 6836 行 (5 指标)
  peg: 63920 行 (2 币)
-- L2 --
阶段3 完成
[18:57:11]   rebuild stablecoins: ok (20s)
[18:57:11]   rebuild stablecoins: ok (20s)
[18:57:11]   [rebuild:onchain] L0 已跳过 (每日 L0 由 run_onchain 完成; Arbitrum/Solana RPC 经代理卡死), 仅重建 L1/L2
[18:57:11]   [rebuild:onchain] L0 已跳过 (每日 L0 由 run_onchain 完成; Arbitrum/Solana RPC 经代理卡死), 仅重建 L1/L2
== 阶段4: 链上 (近 1 天 ERC-20, 近 24h mempool) ==
-- L0 --
-- L1 --
[21:39:22]   [rebuild:onchain] 失败: Unable to allocate 400. MiB for an array with shape (52370116, 1) and data type float64
[21:39:22]   [rebuild:onchain] 失败: Unable to allocate 400. MiB for an array with shape (52370116, 1) and data type float64
[21:52:14]   rebuild onchain: fail: Unable to allocate 400. MiB for an array with shape (52370116, 1) and data type float64 (10503s)
[21:52:14]   rebuild onchain: fail: Unable to allocate 400. MiB for an array with shape (52370116, 1) and data type float64 (10503s)
[21:52:14] [rebuild] 第 1/3 次尝试失败 (10797s): RuntimeError: L1/L2 重建部分阶段失败: onchain | 详情见日志 D:\Documents\z_python_data_analy\Quent\workspace_0817\Data_pipeline\data_foundation\data\daily_run_20260828.log
== L1: 标准化 ==
  BTCUSDT: 1h/1d/1w + funding/OI/mark/ratio 已标准化
  ETHUSDT: 1h/1d/1w + funding/OI/mark/ratio 已标准化
  SOLUSDT: 1h/1d/1w + funding/OI/mark/ratio 已标准化
  BNBUSDT: 1h/1d/1w + funding/OI/mark/ratio 已标准化
  XRPUSDT: 1h/1d/1w + funding/OI/mark/ratio 已标准化
  ADAUSDT: 1h/1d/1w + funding/OI/mark/ratio 已标准化
  DOGEUSDT: 1h/1d/1w + funding/OI/mark/ratio 已标准化
  AVAXUSDT: 1h/1d/1w + funding/OI/mark/ratio 已标准化
  LINKUSDT: 1h/1d/1w + funding/OI/mark/ratio 已标准化
  LTCUSDT: 1h/1d/1w + funding/OI/mark/ratio 已标准化
  DOTUSDT: 1h/1d/1w + funding/OI/mark/ratio 已标准化
  UNIUSDT: 1h/1d/1w + funding/OI/mark/ratio 已标准化
  AAVEUSDT: 1h/1d/1w + funding/OI/mark/ratio 已标准化
  ARBUSDT: 1h/1d/1w + funding/OI/mark/ratio 已标准化
  POLUSDT: 1h/1d/1w + funding/OI/mark/ratio 已标准化
  [skip] instrument 已是 PIT 快照历史, 由 run_daily metadata 源维护
[21:54:35]   rebuild binance_l1: ok (134s)
[21:54:35]   rebuild binance_l1: ok (134s)
== L2: 认证 ==
  BTCUSDT: 1h/1d/1w + 衍生品 certified
  ETHUSDT: 1h/1d/1w + 衍生品 certified
  SOLUSDT: 1h/1d/1w + 衍生品 certified
  BNBUSDT: 1h/1d/1w + 衍生品 certified
  XRPUSDT: 1h/1d/1w + 衍生品 certified
  ADAUSDT: 1h/1d/1w + 衍生品 certified
  DOGEUSDT: 1h/1d/1w + 衍生品 certified
  AVAXUSDT: 1h/1d/1w + 衍生品 certified
  LINKUSDT: 1h/1d/1w + 衍生品 certified
  LTCUSDT: 1h/1d/1w + 衍生品 certified
  DOTUSDT: 1h/1d/1w + 衍生品 certified
  UNIUSDT: 1h/1d/1w + 衍生品 certified
  AAVEUSDT: 1h/1d/1w + 衍生品 certified
  ARBUSDT: 1h/1d/1w + 衍生品 certified
  POLUSDT: 1h/1d/1w + 衍生品 certified
  manifests 汇总完成
[21:55:52]   rebuild binance_l2: ok (76s)
[21:55:52]   rebuild binance_l2: ok (76s)
== OKX (BTC, ETH, SOL, XRP, days=上市日至今) ==
-- L0 --
  okx BTC: spot/swap/funding/mark/index/OI 已摄取
  okx ETH: spot/swap/funding/mark/index/OI 已摄取
  okx SOL: spot/swap/funding/mark/index/OI 已摄取
  okx XRP: spot/swap/funding/mark/index/OI 已摄取
-- L1 --
  okx BTC: spot/swap/funding/mark/index/OI 标准化
  okx ETH: spot/swap/funding/mark/index/OI 标准化
  okx SOL: spot/swap/funding/mark/index/OI 标准化
  okx XRP: spot/swap/funding/mark/index/OI 标准化
  okx instruments: 832 行
-- L2 --
  okx BTC: certified
  okx ETH: certified
  okx SOL: certified
  okx XRP: certified
-- basis --
  basis BTC: 58734 行
  basis ETH: 58524 行
  basis SOL: 49062 行
  basis XRP: 58380 行
OKX 管线完成
[21:56:29]   rebuild okx: ok (38s)
[21:56:29]   rebuild okx: ok (38s)
== Coinbase (BTC, ETH, SOL, XRP, 近 365 天) ==
-- L1 --
  coinbase BTC-USD: 97287 行
  coinbase ETH-USD: 89878 行
  coinbase SOL-USD: 45516 行
  coinbase XRP-USD: 44002 行
  coinbase instruments: 483 行
-- L2 --
  coinbase BTC-USD: certified
  coinbase ETH-USD: certified
  coinbase SOL-USD: certified
  coinbase XRP-USD: certified
Coinbase 管线完成
[21:56:38]   rebuild coinbase: ok (9s)
[21:56:38]   rebuild coinbase: ok (9s)
== 阶段3: 稳定币 ==
-- L0 --
  稳定币 L0: 0 批次
-- L1 --
  supply: 9525 行 (3 币, 2015-02-25~2026-08-19)
  flows: 6836 行 (5 指标)
  peg: 63920 行 (2 币)
-- L2 --
阶段3 完成
[21:56:59]   rebuild stablecoins: ok (20s)
[21:56:59]   rebuild stablecoins: ok (20s)
[21:56:59]   [rebuild:onchain] L0 已跳过 (每日 L0 由 run_onchain 完成; Arbitrum/Solana RPC 经代理卡死), 仅重建 L1/L2
[21:56:59]   [rebuild:onchain] L0 已跳过 (每日 L0 由 run_onchain 完成; Arbitrum/Solana RPC 经代理卡死), 仅重建 L1/L2
== 阶段4: 链上 (近 1 天 ERC-20, 近 24h mempool) ==
-- L0 --
-- L1 --
[13:31:01]   [rebuild:onchain] 失败: Unable to allocate 742. MiB for an array with shape (3, 32403315) and data type object
[13:31:01]   [rebuild:onchain] 失败: Unable to allocate 742. MiB for an array with shape (3, 32403315) and data type object
[13:54:53]   rebuild onchain: fail: Unable to allocate 742. MiB for an array with shape (3, 32403315) and data type object (57475s)
[13:54:53]   rebuild onchain: fail: Unable to allocate 742. MiB for an array with shape (3, 32403315) and data type object (57475s)
[13:54:53] [rebuild] 第 2/3 次尝试失败 (57751s): RuntimeError: L1/L2 重建部分阶段失败: onchain | 详情见日志 D:\Documents\z_python_data_analy\Quent\workspace_0817\Data_pipeline\data_foundation\data\daily_run_20260828.log
== L1: 标准化 ==
  BTCUSDT: 1h/1d/1w + funding/OI/mark/ratio 已标准化
  ETHUSDT: 1h/1d/1w + funding/OI/mark/ratio 已标准化
  SOLUSDT: 1h/1d/1w + funding/OI/mark/ratio 已标准化
  BNBUSDT: 1h/1d/1w + funding/OI/mark/ratio 已标准化
  XRPUSDT: 1h/1d/1w + funding/OI/mark/ratio 已标准化
  ADAUSDT: 1h/1d/1w + funding/OI/mark/ratio 已标准化
  DOGEUSDT: 1h/1d/1w + funding/OI/mark/ratio 已标准化
  AVAXUSDT: 1h/1d/1w + funding/OI/mark/ratio 已标准化
  LINKUSDT: 1h/1d/1w + funding/OI/mark/ratio 已标准化
  LTCUSDT: 1h/1d/1w + funding/OI/mark/ratio 已标准化
  DOTUSDT: 1h/1d/1w + funding/OI/mark/ratio 已标准化
  UNIUSDT: 1h/1d/1w + funding/OI/mark/ratio 已标准化
  AAVEUSDT: 1h/1d/1w + funding/OI/mark/ratio 已标准化
  ARBUSDT: 1h/1d/1w + funding/OI/mark/ratio 已标准化
  POLUSDT: 1h/1d/1w + funding/OI/mark/ratio 已标准化
  [skip] instrument 已是 PIT 快照历史, 由 run_daily metadata 源维护
[13:57:47]   rebuild binance_l1: ok (166s)
[13:57:47]   rebuild binance_l1: ok (166s)
== L2: 认证 ==
  BTCUSDT: 1h/1d/1w + 衍生品 certified
  ETHUSDT: 1h/1d/1w + 衍生品 certified
  SOLUSDT: 1h/1d/1w + 衍生品 certified
  BNBUSDT: 1h/1d/1w + 衍生品 certified
  XRPUSDT: 1h/1d/1w + 衍生品 certified
  ADAUSDT: 1h/1d/1w + 衍生品 certified
  DOGEUSDT: 1h/1d/1w + 衍生品 certified
  AVAXUSDT: 1h/1d/1w + 衍生品 certified
  LINKUSDT: 1h/1d/1w + 衍生品 certified
  LTCUSDT: 1h/1d/1w + 衍生品 certified
  DOTUSDT: 1h/1d/1w + 衍生品 certified
  UNIUSDT: 1h/1d/1w + 衍生品 certified
  AAVEUSDT: 1h/1d/1w + 衍生品 certified
  ARBUSDT: 1h/1d/1w + 衍生品 certified
  POLUSDT: 1h/1d/1w + 衍生品 certified
  manifests 汇总完成
[13:59:08]   rebuild binance_l2: ok (81s)
[13:59:08]   rebuild binance_l2: ok (81s)
== OKX (BTC, ETH, SOL, XRP, days=上市日至今) ==
-- L0 --
  okx BTC: spot/swap/funding/mark/index/OI 已摄取
  okx ETH: spot/swap/funding/mark/index/OI 已摄取
  okx SOL: spot/swap/funding/mark/index/OI 已摄取
  okx XRP: spot/swap/funding/mark/index/OI 已摄取
-- L1 --
  okx BTC: spot/swap/funding/mark/index/OI 标准化
  okx ETH: spot/swap/funding/mark/index/OI 标准化
  okx SOL: spot/swap/funding/mark/index/OI 标准化
  okx XRP: spot/swap/funding/mark/index/OI 标准化
  okx instruments: 832 行
-- L2 --
  okx BTC: certified
  okx ETH: certified
  okx SOL: certified
  okx XRP: certified
-- basis --
  basis BTC: 58734 行
  basis ETH: 58524 行
  basis SOL: 49062 行
  basis XRP: 58380 行
OKX 管线完成
[13:59:53]   rebuild okx: ok (45s)
[13:59:53]   rebuild okx: ok (45s)
== Coinbase (BTC, ETH, SOL, XRP, 近 365 天) ==
-- L1 --
  coinbase BTC-USD: 97287 行
  coinbase ETH-USD: 89878 行
  coinbase SOL-USD: 45516 行
  coinbase XRP-USD: 44002 行
  coinbase instruments: 483 行
-- L2 --
  coinbase BTC-USD: certified
  coinbase ETH-USD: certified
  coinbase SOL-USD: certified
  coinbase XRP-USD: certified
Coinbase 管线完成
[14:00:05]   rebuild coinbase: ok (12s)
[14:00:05]   rebuild coinbase: ok (12s)
== 阶段3: 稳定币 ==
-- L0 --
  [warn] USDCUSDT K线抓取失败: netpath 全通道失败 (1 次尝试) https://api.binance.com/api/v3/klines:
  [warn] DAIUSDT K线抓取失败: netpath 全通道失败 (1 次尝试) https://api.binance.com/api/v3/klines:
  稳定币 L0: 0 批次
-- L1 --
  supply: 9525 行 (3 币, 2015-02-25~2026-08-19)
  flows: 6836 行 (5 指标)
  peg: 63920 行 (2 币)
-- L2 --
阶段3 完成
[14:09:04]   rebuild stablecoins: ok (539s)
[14:09:04]   rebuild stablecoins: ok (539s)
[14:09:04]   [rebuild:onchain] L0 已跳过 (每日 L0 由 run_onchain 完成; Arbitrum/Solana RPC 经代理卡死), 仅重建 L1/L2
[14:09:04]   [rebuild:onchain] L0 已跳过 (每日 L0 由 run_onchain 完成; Arbitrum/Solana RPC 经代理卡死), 仅重建 L1/L2
== 阶段4: 链上 (近 1 天 ERC-20, 近 24h mempool) ==
-- L0 --
-- L1 --
[15:36:40]   [rebuild:onchain] 失败: Unable to allocate 61.8 MiB for an array with shape (2, 32403315) and data type bool
[15:36:40]   [rebuild:onchain] 失败: Unable to allocate 61.8 MiB for an array with shape (2, 32403315) and data type bool
[15:53:37]   rebuild onchain: fail: Unable to allocate 61.8 MiB for an array with shape (2, 32403315) and data type bool (6273s)
[15:53:37]   rebuild onchain: fail: Unable to allocate 61.8 MiB for an array with shape (2, 32403315) and data type bool (6273s)
[15:53:37] [rebuild] 第 3/3 次尝试失败 (7116s): RuntimeError: L1/L2 重建部分阶段失败: onchain | 详情见日志 D:\Documents\z_python_data_analy\Quent\workspace_0817\Data_pipeline\data_foundation\data\daily_run_20260828.log
[15:53:37] 失败告警已发送: ['rebuild']
[15:53:37] ======================================================================
[15:53:37] 调度完成 | 失败源: ['rebuild']
[15:53:37] manifest: D:\Documents\z_python_data_analy\Quent\workspace_0817\Data_pipeline\data_foundation\data\daily_manifest.json
[15:53:37] ======================================================================
