[13:15:00] ======================================================================
[13:15:00] 每日增量调度开始 | 日期戳=20260821 | ingest_date=2026-08-21
[13:15:00] 源: ['binance_klines']
[13:15:00] 代理: http://127.0.0.1:7897 | 日志: D:\Documents\z_python_data_analy\Quent\workspace_0817\Data_pipeline\data_foundation\data\daily_run_20260821.log
[13:15:00] ======================================================================
[13:15:21]   binance 现货端点选定: https://data-api.binance.vision
[13:15:23]   BTCUSDT: 73 根 -> BTCUSDT_daily_20260821
[13:15:24]   ETHUSDT: 73 根 -> ETHUSDT_daily_20260821
[13:15:25]   SOLUSDT: 73 根 -> SOLUSDT_daily_20260821
[13:15:27]   BNBUSDT: 73 根 -> BNBUSDT_daily_20260821
[13:15:29]   XRPUSDT: 73 根 -> XRPUSDT_daily_20260821
[13:15:31]   ADAUSDT: 73 根 -> ADAUSDT_daily_20260821
[13:15:32]   DOGEUSDT: 73 根 -> DOGEUSDT_daily_20260821
[13:15:33]   AVAXUSDT: 73 根 -> AVAXUSDT_daily_20260821
[13:15:35]   LINKUSDT: 73 根 -> LINKUSDT_daily_20260821
[13:15:39]   LTCUSDT: 73 根 -> LTCUSDT_daily_20260821
[13:15:41]   DOTUSDT: 73 根 -> DOTUSDT_daily_20260821
[13:15:43]   UNIUSDT: 73 根 -> UNIUSDT_daily_20260821
[13:15:45]   AAVEUSDT: 73 根 -> AAVEUSDT_daily_20260821
[13:15:47]   ARBUSDT: 73 根 -> ARBUSDT_daily_20260821
[13:15:50]   POLUSDT: 73 根 -> POLUSDT_daily_20260821
[13:15:50] [binance_klines] OK (50s)
[13:15:50] ======================================================================
[13:15:50] 调度完成 | 失败源: 无
[13:15:50] manifest: D:\Documents\z_python_data_analy\Quent\workspace_0817\Data_pipeline\data_foundation\data\daily_manifest.json
[13:15:50] ======================================================================
[13:16:34] ======================================================================
[13:16:34] 每日增量调度开始 | 日期戳=20260821 | ingest_date=2026-08-21
[13:16:34] 源: ['binance_klines', 'binance_funding', 'binance_stats', 'okx', 'coinbase', 'stablecoins', 'onchain', 'rebuild']
[13:16:34] 代理: http://127.0.0.1:7897 | 日志: D:\Documents\z_python_data_analy\Quent\workspace_0817\Data_pipeline\data_foundation\data\daily_run_20260821.log
[13:16:34] ======================================================================
[13:16:57]   binance 现货端点选定: https://data-api.binance.vision
[13:16:57] [binance_klines] OK (23s)
[13:19:00]   [warn] fapi.binance.com 经代理不可达 (https://fapi.binance.com/fapi/v1/ping: HTTPSConnectionPool(h), binance_funding/binance_stats 将记为失败
[13:19:00] [binance_funding] 第 1/3 次尝试失败 (123s): RuntimeError: fapi.binance.com 经代理不可达 (超时), 资金费率未抓取
[13:19:08] [binance_funding] 第 2/3 次尝试失败 (0s): RuntimeError: fapi.binance.com 经代理不可达 (超时), 资金费率未抓取
[13:19:16] [binance_funding] 第 3/3 次尝试失败 (0s): RuntimeError: fapi.binance.com 经代理不可达 (超时), 资金费率未抓取
[13:19:16] [binance_stats] 第 1/3 次尝试失败 (0s): RuntimeError: fapi.binance.com 经代理不可达 (超时), 统计接口未抓取
[13:19:24] [binance_stats] 第 2/3 次尝试失败 (0s): RuntimeError: fapi.binance.com 经代理不可达 (超时), 统计接口未抓取
[13:19:32] [binance_stats] 第 3/3 次尝试失败 (0s): RuntimeError: fapi.binance.com 经代理不可达 (超时), 统计接口未抓取
[13:20:04]   okx BTC: spot/swap/funding/mark/index/OI 每日批次完成
[13:20:27]   okx ETH: spot/swap/funding/mark/index/OI 每日批次完成
[13:20:46]   okx SOL: spot/swap/funding/mark/index/OI 每日批次完成
[13:21:02]   okx XRP: spot/swap/funding/mark/index/OI 每日批次完成
[13:21:02] [okx] OK (90s)
[13:21:04]   coinbase BTC-USD: 72 根 -> BTCUSD_cb_daily_20260821
[13:21:09]   coinbase ETH-USD: 72 根 -> ETHUSD_cb_daily_20260821
[13:21:13]   coinbase SOL-USD: 72 根 -> SOLUSD_cb_daily_20260821
[13:21:16]   coinbase XRP-USD: 72 根 -> XRPUSD_cb_daily_20260821
[13:21:16] [coinbase] OK (14s)
[13:21:49]   defillama 供应量快照: [['defillama', '2026-08-21', 'USDT', '183074599308.30'], ['defillama', '2026-08-21', 'USDC', '72923214292.32'], ['defillama', '2026-08-21', 'DAI', '4779843578.93']]
[13:21:51]   ercin stablecoin_exchange_inflow_total: 已重下载
[13:21:52]   ercin stablecoin_exchange_netflow: 已重下载
[13:21:53]   ercin stablecoin_exchange_outflow_total: 已重下载
[13:21:55]   ercin stablecoin_exchange_reserve: 已重下载
[13:22:02]   ercin stablecoin_exchange_supply_ratio: 已重下载
[13:22:03]   peg USDCUSDT: 73 根 -> USDCUSDT_peg_daily_20260821
[13:22:05] [stablecoins] 第 1/3 次尝试失败 (49s): RuntimeError: DAIUSDT peg K线为空
[13:22:17] [stablecoins] 第 2/3 次尝试失败 (3s): RuntimeError: DAIUSDT peg K线为空
[13:22:27] [stablecoins] 第 3/3 次尝试失败 (2s): RuntimeError: DAIUSDT peg K线为空
[13:22:33]   链上窗口: 2026-08-20 00:00 UTC -> 2026-08-21 00:00 UTC (block 25792602 ~ 25799780, latest=25803780)
[13:45:58] ======================================================================
[13:45:58] 每日增量调度开始 | 日期戳=20260821 | ingest_date=2026-08-21
[13:45:58] 源: ['stablecoins']
[13:45:58] 代理: http://127.0.0.1:7897 | 日志: D:\Documents\z_python_data_analy\Quent\workspace_0817\Data_pipeline\data_foundation\data\daily_run_20260821.log
[13:45:58] ======================================================================
[13:46:11]   binance 现货端点选定: https://data-api.binance.vision
[13:46:15]   [warn] peg DAIUSDT: 近 3 天无数据, 写入空批次 (empty: 该交易对近 3 天无成交 (DAIUSDT 自 2020-08 起 Binance 现货停牌))
[13:46:15]   peg DAIUSDT: 0 根 -> DAIUSDT_peg_daily_20260821 (empty: 该交易对近 3 天无成交 (DAIUSDT 自 2020-08 起 Binance 现货停牌))
[13:46:15] [stablecoins] OK (17s)
[13:46:15] ======================================================================
[13:46:15] 调度完成 | 失败源: 无
[13:46:15] manifest: D:\Documents\z_python_data_analy\Quent\workspace_0817\Data_pipeline\data_foundation\data\daily_manifest.json
[13:46:15] ======================================================================
[13:51:46]   USDT: 709281 条日志 (超过上限截断, 仅部分) -> USDT_transfer_logs_daily_20260821
[14:04:10]   USDC: 673421 条日志 -> USDC_transfer_logs_daily_20260821
[14:05:39]   DAI: 26664 条日志 -> DAI_transfer_logs_daily_20260821
[14:06:01]   mempool blocks: 150 块
[14:07:58]   chainlink: {'ETH-USD': {'roundId': 129127208515966894064, 'answer': 238686000000, 'startedAt': 1787320512, 'updatedAt': 1787320535, 'answeredInRound': 129127208515966894064}, 'fetched_at': '2026-08-21T14:07:58.168818+00:00'}
[14:07:58]   onchain 备注: USDT: 709281 条日志 (超过上限截断, 仅部分)
[14:07:58] [onchain] OK (2731s)
== L1: 标准化 ==
  BTCUSDT: 1h/1d/1w + funding/OI/mark/ratio 已标准化
  ETHUSDT: 1h/1d/1w + funding/OI/mark/ratio 已标准化
  SOLUSDT: 1h/1d/1w + funding/OI/mark/ratio 已标准化
  BNBUSDT: 1h/1d/1w + funding/OI/mark/ratio 已标准化
  XRPUSDT: 1h/1d/1w + funding/OI/mark/ratio 已标准化
  ADAUSDT: 1h/1d/1w + funding/OI/mark/ratio 已标准化
  DOGEUSDT: 1h/1d/1w + funding/OI/mark/ratio 已标准化
  AVAXUSDT: 1h/1d/1w + funding/OI/mark/ratio 已标准化
  LINKUSDT: 1h/1d/1w + funding/OI/mark/ratio 已标准化
  LTCUSDT: 1h/1d/1w + funding/OI/mark/ratio 已标准化
  DOTUSDT: 1h/1d/1w + funding/OI/mark/ratio 已标准化
  UNIUSDT: 1h/1d/1w + funding/OI/mark/ratio 已标准化
  AAVEUSDT: 1h/1d/1w + funding/OI/mark/ratio 已标准化
  ARBUSDT: 1h/1d/1w + funding/OI/mark/ratio 已标准化
  POLUSDT: 1h/1d/1w + funding/OI/mark/ratio 已标准化
  instrument 表: 1929 行 -> D:\Documents\z_python_data_analy\Quent\workspace_0817\Data_pipeline\data_foundation\data\l1\instrument\binance/instruments.parquet
[14:08:49]   rebuild binance_l1: ok (35s)
[14:08:49]   rebuild binance_l1: ok (35s)
== L2: 认证 ==
  BTCUSDT: 1h/1d/1w + 衍生品 certified
  ETHUSDT: 1h/1d/1w + 衍生品 certified
  SOLUSDT: 1h/1d/1w + 衍生品 certified
  BNBUSDT: 1h/1d/1w + 衍生品 certified
  XRPUSDT: 1h/1d/1w + 衍生品 certified
  ADAUSDT: 1h/1d/1w + 衍生品 certified
  DOGEUSDT: 1h/1d/1w + 衍生品 certified
  AVAXUSDT: 1h/1d/1w + 衍生品 certified
  LINKUSDT: 1h/1d/1w + 衍生品 certified
  LTCUSDT: 1h/1d/1w + 衍生品 certified
  DOTUSDT: 1h/1d/1w + 衍生品 certified
  UNIUSDT: 1h/1d/1w + 衍生品 certified
  AAVEUSDT: 1h/1d/1w + 衍生品 certified
  ARBUSDT: 1h/1d/1w + 衍生品 certified
  POLUSDT: 1h/1d/1w + 衍生品 certified
  manifests 汇总完成
[14:09:12]   rebuild binance_l2: ok (22s)
[14:09:12]   rebuild binance_l2: ok (22s)
== OKX (BTC, ETH, SOL, XRP, days=上市日至今) ==
-- L0 --
  okx BTC: spot/swap/funding/mark/index/OI 已摄取
  okx ETH: spot/swap/funding/mark/index/OI 已摄取
  okx SOL: spot/swap/funding/mark/index/OI 已摄取
  okx XRP: spot/swap/funding/mark/index/OI 已摄取
-- L1 --
  okx BTC: spot/swap/funding/mark/index/OI 标准化
  okx ETH: spot/swap/funding/mark/index/OI 标准化
  okx SOL: spot/swap/funding/mark/index/OI 标准化
  okx XRP: spot/swap/funding/mark/index/OI 标准化
  okx instruments: 832 行
-- L2 --
  okx BTC: certified
  okx ETH: certified
  okx SOL: certified
  okx XRP: certified
-- basis --
  basis BTC: 58565 行
  basis ETH: 58355 行
  basis SOL: 48893 行
  basis XRP: 58211 行
OKX 管线完成
[14:09:51]   rebuild okx: ok (39s)
[14:09:51]   rebuild okx: ok (39s)
== Coinbase (BTC, ETH, SOL, XRP, 近 365 天) ==
-- L1 --
  coinbase BTC-USD: 8768 行
  coinbase ETH-USD: 8768 行
  coinbase SOL-USD: 8768 行
  coinbase XRP-USD: 8768 行
  coinbase instruments: 483 行
-- L2 --
  coinbase BTC-USD: certified
  coinbase ETH-USD: certified
  coinbase SOL-USD: certified
  coinbase XRP-USD: certified
Coinbase 管线完成
[14:09:53]   rebuild coinbase: ok (2s)
[14:09:53]   rebuild coinbase: ok (2s)
== 阶段3: 稳定币 ==
-- L0 --
  [warn] USDCUSDT K线抓取失败: HTTPSConnectionPool(host='api.binance.com', port=443): Read 
  [warn] DAIUSDT K线抓取失败: HTTPSConnectionPool(host='api.binance.com', port=443): Read 
  稳定币 L0: 0 批次
-- L1 --
  supply: 9525 行 (3 币, 2015-02-25~2026-08-19)
  flows: 6801 行 (5 指标)
  peg: 63770 行 (2 币)
-- L2 --
阶段3 完成
[14:18:25]   rebuild stablecoins: ok (512s)
[14:18:25]   rebuild stablecoins: ok (512s)
== 阶段4: 链上 (近 1 天 ERC-20, 近 24h mempool) ==
-- L0 --
  链上 L0 摄取...
[14:38:06] ======================================================================
[14:38:06] 每日增量调度开始 | 日期戳=20260821 | ingest_date=2026-08-21
[14:38:06] 源: ['rebuild']
[14:38:06] 代理: http://127.0.0.1:7897 | 日志: D:\Documents\z_python_data_analy\Quent\workspace_0817\Data_pipeline\data_foundation\data\daily_run_20260821.log
[14:38:06] ======================================================================
== L1: 标准化 ==
  BTCUSDT: 1h/1d/1w + funding/OI/mark/ratio 已标准化
  ETHUSDT: 1h/1d/1w + funding/OI/mark/ratio 已标准化
  SOLUSDT: 1h/1d/1w + funding/OI/mark/ratio 已标准化
  BNBUSDT: 1h/1d/1w + funding/OI/mark/ratio 已标准化
  XRPUSDT: 1h/1d/1w + funding/OI/mark/ratio 已标准化
  ADAUSDT: 1h/1d/1w + funding/OI/mark/ratio 已标准化
  DOGEUSDT: 1h/1d/1w + funding/OI/mark/ratio 已标准化
  AVAXUSDT: 1h/1d/1w + funding/OI/mark/ratio 已标准化
  LINKUSDT: 1h/1d/1w + funding/OI/mark/ratio 已标准化
  LTCUSDT: 1h/1d/1w + funding/OI/mark/ratio 已标准化
  DOTUSDT: 1h/1d/1w + funding/OI/mark/ratio 已标准化
  UNIUSDT: 1h/1d/1w + funding/OI/mark/ratio 已标准化
  AAVEUSDT: 1h/1d/1w + funding/OI/mark/ratio 已标准化
  ARBUSDT: 1h/1d/1w + funding/OI/mark/ratio 已标准化
  POLUSDT: 1h/1d/1w + funding/OI/mark/ratio 已标准化
  instrument 表: 1929 行 -> D:\Documents\z_python_data_analy\Quent\workspace_0817\Data_pipeline\data_foundation\data\l1\instrument\binance/instruments.parquet
[14:38:31]   rebuild binance_l1: ok (25s)
[14:38:31]   rebuild binance_l1: ok (25s)
== L2: 认证 ==
  BTCUSDT: 1h/1d/1w + 衍生品 certified
  ETHUSDT: 1h/1d/1w + 衍生品 certified
  SOLUSDT: 1h/1d/1w + 衍生品 certified
  BNBUSDT: 1h/1d/1w + 衍生品 certified
  XRPUSDT: 1h/1d/1w + 衍生品 certified
  ADAUSDT: 1h/1d/1w + 衍生品 certified
  DOGEUSDT: 1h/1d/1w + 衍生品 certified
  AVAXUSDT: 1h/1d/1w + 衍生品 certified
  LINKUSDT: 1h/1d/1w + 衍生品 certified
  LTCUSDT: 1h/1d/1w + 衍生品 certified
  DOTUSDT: 1h/1d/1w + 衍生品 certified
  UNIUSDT: 1h/1d/1w + 衍生品 certified
  AAVEUSDT: 1h/1d/1w + 衍生品 certified
  ARBUSDT: 1h/1d/1w + 衍生品 certified
  POLUSDT: 1h/1d/1w + 衍生品 certified
  manifests 汇总完成
[14:38:51]   rebuild binance_l2: ok (19s)
[14:38:51]   rebuild binance_l2: ok (19s)
== OKX (BTC, ETH, SOL, XRP, days=上市日至今) ==
-- L0 --
  okx BTC: spot/swap/funding/mark/index/OI 已摄取
  okx ETH: spot/swap/funding/mark/index/OI 已摄取
  okx SOL: spot/swap/funding/mark/index/OI 已摄取
  okx XRP: spot/swap/funding/mark/index/OI 已摄取
-- L1 --
  okx BTC: spot/swap/funding/mark/index/OI 标准化
  okx ETH: spot/swap/funding/mark/index/OI 标准化
  okx SOL: spot/swap/funding/mark/index/OI 标准化
  okx XRP: spot/swap/funding/mark/index/OI 标准化
  okx instruments: 832 行
-- L2 --
  okx BTC: certified
  okx ETH: certified
  okx SOL: certified
  okx XRP: certified
-- basis --
  basis BTC: 58565 行
  basis ETH: 58355 行
  basis SOL: 48893 行
  basis XRP: 58211 行
OKX 管线完成
[14:39:22]   rebuild okx: ok (31s)
[14:39:22]   rebuild okx: ok (31s)
== Coinbase (BTC, ETH, SOL, XRP, 近 365 天) ==
-- L1 --
  coinbase BTC-USD: 8768 行
  coinbase ETH-USD: 8768 行
  coinbase SOL-USD: 8768 行
  coinbase XRP-USD: 8768 行
  coinbase instruments: 483 行
-- L2 --
  coinbase BTC-USD: certified
  coinbase ETH-USD: certified
  coinbase SOL-USD: certified
  coinbase XRP-USD: certified
Coinbase 管线完成
[14:39:24]   rebuild coinbase: ok (2s)
[14:39:24]   rebuild coinbase: ok (2s)
== 阶段3: 稳定币 ==
-- L0 --
  [warn] USDCUSDT K线抓取失败: HTTPSConnectionPool(host='api.binance.com', port=443): Read 
  [warn] DAIUSDT K线抓取失败: HTTPSConnectionPool(host='api.binance.com', port=443): Read 
  稳定币 L0: 0 批次
-- L1 --
  supply: 9525 行 (3 币, 2015-02-25~2026-08-19)
  flows: 6801 行 (5 指标)
  peg: 63770 行 (2 币)
-- L2 --
阶段3 完成
[14:47:47]   rebuild stablecoins: ok (503s)
[14:47:47]   rebuild stablecoins: ok (503s)
== 阶段4: 链上 (近 1 天 ERC-20, 近 24h mempool) ==
-- L0 --
  链上 L0 摄取...
[14:54:50] ======================================================================
[14:54:50] 每日增量调度开始 | 日期戳=20260821 | ingest_date=2026-08-21
[14:54:50] 源: ['rebuild']
[14:54:50] 代理: http://127.0.0.1:7897 | 日志: D:\Documents\z_python_data_analy\Quent\workspace_0817\Data_pipeline\data_foundation\data\daily_run_20260821.log
[14:54:50] ======================================================================
== L1: 标准化 ==
  BTCUSDT: 1h/1d/1w + funding/OI/mark/ratio 已标准化
  ETHUSDT: 1h/1d/1w + funding/OI/mark/ratio 已标准化
  SOLUSDT: 1h/1d/1w + funding/OI/mark/ratio 已标准化
  BNBUSDT: 1h/1d/1w + funding/OI/mark/ratio 已标准化
  XRPUSDT: 1h/1d/1w + funding/OI/mark/ratio 已标准化
  ADAUSDT: 1h/1d/1w + funding/OI/mark/ratio 已标准化
  DOGEUSDT: 1h/1d/1w + funding/OI/mark/ratio 已标准化
  AVAXUSDT: 1h/1d/1w + funding/OI/mark/ratio 已标准化
  LINKUSDT: 1h/1d/1w + funding/OI/mark/ratio 已标准化
  LTCUSDT: 1h/1d/1w + funding/OI/mark/ratio 已标准化
  DOTUSDT: 1h/1d/1w + funding/OI/mark/ratio 已标准化
  UNIUSDT: 1h/1d/1w + funding/OI/mark/ratio 已标准化
  AAVEUSDT: 1h/1d/1w + funding/OI/mark/ratio 已标准化
  ARBUSDT: 1h/1d/1w + funding/OI/mark/ratio 已标准化
  POLUSDT: 1h/1d/1w + funding/OI/mark/ratio 已标准化
  instrument 表: 1929 行 -> D:\Documents\z_python_data_analy\Quent\workspace_0817\Data_pipeline\data_foundation\data\l1\instrument\binance/instruments.parquet
[14:55:20]   rebuild binance_l1: ok (29s)
[14:55:20]   rebuild binance_l1: ok (29s)
== L2: 认证 ==
  BTCUSDT: 1h/1d/1w + 衍生品 certified
  ETHUSDT: 1h/1d/1w + 衍生品 certified
  SOLUSDT: 1h/1d/1w + 衍生品 certified
  BNBUSDT: 1h/1d/1w + 衍生品 certified
  XRPUSDT: 1h/1d/1w + 衍生品 certified
  ADAUSDT: 1h/1d/1w + 衍生品 certified
  DOGEUSDT: 1h/1d/1w + 衍生品 certified
  AVAXUSDT: 1h/1d/1w + 衍生品 certified
  LINKUSDT: 1h/1d/1w + 衍生品 certified
  LTCUSDT: 1h/1d/1w + 衍生品 certified
  DOTUSDT: 1h/1d/1w + 衍生品 certified
  UNIUSDT: 1h/1d/1w + 衍生品 certified
  AAVEUSDT: 1h/1d/1w + 衍生品 certified
  ARBUSDT: 1h/1d/1w + 衍生品 certified
  POLUSDT: 1h/1d/1w + 衍生品 certified
  manifests 汇总完成
[14:55:40]   rebuild binance_l2: ok (20s)
[14:55:40]   rebuild binance_l2: ok (20s)
== OKX (BTC, ETH, SOL, XRP, days=上市日至今) ==
-- L0 --
  okx BTC: spot/swap/funding/mark/index/OI 已摄取
  okx ETH: spot/swap/funding/mark/index/OI 已摄取
  okx SOL: spot/swap/funding/mark/index/OI 已摄取
  okx XRP: spot/swap/funding/mark/index/OI 已摄取
-- L1 --
  okx BTC: spot/swap/funding/mark/index/OI 标准化
  okx ETH: spot/swap/funding/mark/index/OI 标准化
  okx SOL: spot/swap/funding/mark/index/OI 标准化
  okx XRP: spot/swap/funding/mark/index/OI 标准化
  okx instruments: 832 行
-- L2 --
  okx BTC: certified
  okx ETH: certified
  okx SOL: certified
  okx XRP: certified
-- basis --
  basis BTC: 58565 行
  basis ETH: 58355 行
  basis SOL: 48893 行
  basis XRP: 58211 行
OKX 管线完成
[14:56:14]   rebuild okx: ok (35s)
[14:56:14]   rebuild okx: ok (35s)
== Coinbase (BTC, ETH, SOL, XRP, 近 365 天) ==
-- L1 --
  coinbase BTC-USD: 8768 行
  coinbase ETH-USD: 8768 行
  coinbase SOL-USD: 8768 行
  coinbase XRP-USD: 8768 行
  coinbase instruments: 483 行
-- L2 --
  coinbase BTC-USD: certified
  coinbase ETH-USD: certified
  coinbase SOL-USD: certified
  coinbase XRP-USD: certified
Coinbase 管线完成
[14:56:16]   rebuild coinbase: ok (2s)
[14:56:16]   rebuild coinbase: ok (2s)
== 阶段3: 稳定币 ==
-- L0 --
  [warn] USDCUSDT K线抓取失败: HTTPSConnectionPool(host='api.binance.com', port=443): Read 
  稳定币 L0: 0 批次
-- L1 --
  supply: 9525 行 (3 币, 2015-02-25~2026-08-19)
  flows: 6801 行 (5 指标)
  peg: 63770 行 (2 币)
-- L2 --
阶段3 完成
[15:04:35]   rebuild stablecoins: ok (499s)
[15:04:35]   rebuild stablecoins: ok (499s)
[15:04:35]   [rebuild:onchain] L0 已跳过 (每日 L0 由 run_onchain 完成; Arbitrum/Solana RPC 经代理卡死), 仅重建 L1/L2
[15:04:35]   [rebuild:onchain] L0 已跳过 (每日 L0 由 run_onchain 完成; Arbitrum/Solana RPC 经代理卡死), 仅重建 L1/L2
== 阶段4: 链上 (近 1 天 ERC-20, 近 24h mempool) ==
-- L0 --
-- L1 --
  token_transfer[arbitrum]: 1760201 行 (2 币, NaT~NaT)
  onchain_daily_aggregate[arbitrum]: 0 行
Empty DataFrame
Columns: [chain_id, token, date_utc, transfer_count, unique_from, unique_to, volume_token, mint_count, burn_count, large_transfer_count]
Index: []
  token_transfer[ethereum]: 2915674 行 (3 币, 2026-08-19 22:42:35+00:00~2026-08-21 12:45:01.265000105+00:00)
  onchain_daily_aggregate[ethereum]: 8 行
chain_id token                  date_utc  transfer_count  unique_from  unique_to  volume_token  mint_count  burn_count  large_transfer_count
ethereum   DAI 2026-08-19 00:00:00+00:00            1819          444        547  9.480451e+08          97          79                   8.0
ethereum   DAI 2026-08-20 00:00:00+00:00           52134         2827       3420  9.166996e+09        3310        2812                 575.0
ethereum   DAI 2026-08-21 00:00:00+00:00               1            1          1  1.126631e+02           0           0                   0.0
ethereum  USDC 2026-08-19 00:00:00+00:00           38600        13630      16159  3.087670e+09         279         135                 116.0
ethereum  USDC 2026-08-20 00:00:00+00:00         1317828       136631     174420  8.857506e+10        8798        5659                7368.0
ethereum  USDC 2026-08-21 00:00:00+00:00              17           15         16  4.426508e+05           1           0                   0.0
ethereum  USDT 2026-08-20 00:00:00+00:00         1100124       227131     292845  2.726359e+10           0           0                2935.0
ethereum  USDT 2026-08-21 00:00:00+00:00          405151       126572     138906  1.152886e+10           0           1                1243.0
  solana_snapshot: [{'slot': 440691995, 'block_height': 418741637, 'usdc_supply': 8094247798.152079, 'tps': 4089.35, 'fetched_at': Timestamp('2026-08-21 13:03:50.007366+0000', tz='UTC')}]
  dex_volume: 9137 行 (1 DEX, 2014-02-17~2026-08-21)
  btc_blocks: 150 块
  btc_fees: [{'venue_id': 'mempool', 'fetched_at': '2026-08-20T22:53:43.871869+00:00', 'fastestFee': 5, 'halfHourFee': 4, 'hourFee': 3, 'economyFee': 2, 'minimumFee': 1}]
  oracle_snapshot: 1 对 [{'pair': 'ETH-USD', 'price': 2331.92616865}]
-- L2 --
阶段4 完成
[15:08:07]   rebuild onchain: ok (212s)
[15:08:07]   rebuild onchain: ok (212s)
[15:08:07] [rebuild] OK (797s)
[15:08:07] ======================================================================
[15:08:07] 调度完成 | 失败源: 无
[15:08:07] manifest: D:\Documents\z_python_data_analy\Quent\workspace_0817\Data_pipeline\data_foundation\data\daily_manifest.json
[15:08:07] ======================================================================
[15:08:29] ======================================================================
[15:08:29] 每日增量调度开始 | 日期戳=20260821 | ingest_date=2026-08-21
[15:08:29] 源: ['binance_klines', 'binance_funding', 'binance_stats', 'okx', 'coinbase', 'stablecoins', 'onchain', 'rebuild']
[15:08:29] 代理: http://127.0.0.1:7897 | 日志: D:\Documents\z_python_data_analy\Quent\workspace_0817\Data_pipeline\data_foundation\data\daily_run_20260821.log
[15:08:29] ======================================================================
[15:08:30]   binance 现货端点选定: https://api.binance.com
[15:08:30] [binance_klines] OK (1s)
[15:08:31]   BTCUSDT: 90 条资金费率 -> BTCUSDT_funding_daily_20260821
[15:08:31]   ETHUSDT: 90 条资金费率 -> ETHUSDT_funding_daily_20260821
[15:08:32]   SOLUSDT: 90 条资金费率 -> SOLUSDT_funding_daily_20260821
[15:08:32]   BNBUSDT: 90 条资金费率 -> BNBUSDT_funding_daily_20260821
[15:08:32]   XRPUSDT: 90 条资金费率 -> XRPUSDT_funding_daily_20260821
[15:08:33]   ADAUSDT: 90 条资金费率 -> ADAUSDT_funding_daily_20260821
[15:08:34]   DOGEUSDT: 90 条资金费率 -> DOGEUSDT_funding_daily_20260821
[15:08:36]   AVAXUSDT: 90 条资金费率 -> AVAXUSDT_funding_daily_20260821
[15:08:36]   LINKUSDT: 90 条资金费率 -> LINKUSDT_funding_daily_20260821
[15:08:37]   LTCUSDT: 90 条资金费率 -> LTCUSDT_funding_daily_20260821
[15:08:37]   DOTUSDT: 90 条资金费率 -> DOTUSDT_funding_daily_20260821
[15:08:37]   UNIUSDT: 90 条资金费率 -> UNIUSDT_funding_daily_20260821
[15:08:38]   AAVEUSDT: 90 条资金费率 -> AAVEUSDT_funding_daily_20260821
[15:08:38]   ARBUSDT: 90 条资金费率 -> ARBUSDT_funding_daily_20260821
[15:08:38]   POLUSDT: 100 条资金费率 -> POLUSDT_funding_daily_20260821
[15:08:38] [binance_funding] OK (8s)
[15:09:12]   binance_stats: 共 75 个批次
[15:09:12] [binance_stats] OK (34s)
[15:09:13]   okx BTC: spot/swap/funding/mark/index/OI 每日批次完成
[15:09:13]   okx ETH: spot/swap/funding/mark/index/OI 每日批次完成
[15:09:13]   okx SOL: spot/swap/funding/mark/index/OI 每日批次完成
[15:09:13]   okx XRP: spot/swap/funding/mark/index/OI 每日批次完成
[15:09:13] [okx] OK (1s)
[15:09:13] [coinbase] OK (0s)
[15:09:13] [stablecoins] OK (0s)
[15:09:21]   链上窗口: 2026-08-20 00:00 UTC -> 2026-08-21 00:00 UTC (block 25792602 ~ 25799780, latest=25804311)
[15:09:21] [onchain] OK (7s)
== L1: 标准化 ==
[15:09:43]   [rebuild:binance_l1] 失败: time data "2026-07-22 16:00:00" doesn't match format "%Y-%m-%d %H:%M:%S.%f", at position 7603. You might want to try:
    - passing `format` if your strings have a consistent format;
    - passing `fo
[15:09:43]   [rebuild:binance_l1] 失败: time data "2026-07-22 16:00:00" doesn't match format "%Y-%m-%d %H:%M:%S.%f", at position 7603. You might want to try:
    - passing `format` if your strings have a consistent format;
    - passing `fo
[15:09:43]   rebuild binance_l1: fail: time data "2026-07-22 16:00:00" doesn't match format "%Y-%m-%d %H:%M:%S.%f", at position 7603. You might want to try:
    - passing `format` if your strings have a consistent format;
    - passing `fo (3s)
[15:09:43]   rebuild binance_l1: fail: time data "2026-07-22 16:00:00" doesn't match format "%Y-%m-%d %H:%M:%S.%f", at position 7603. You might want to try:
    - passing `format` if your strings have a consistent format;
    - passing `fo (3s)
== L2: 认证 ==
[15:09:46]   [rebuild:binance_l2] 失败: time data "2026-07-22 16:00:00" doesn't match format "%Y-%m-%d %H:%M:%S.%f", at position 7603. You might want to try:
    - passing `format` if your strings have a consistent format;
    - passing `fo
[15:09:46]   [rebuild:binance_l2] 失败: time data "2026-07-22 16:00:00" doesn't match format "%Y-%m-%d %H:%M:%S.%f", at position 7603. You might want to try:
    - passing `format` if your strings have a consistent format;
    - passing `fo
[15:09:46]   rebuild binance_l2: fail: time data "2026-07-22 16:00:00" doesn't match format "%Y-%m-%d %H:%M:%S.%f", at position 7603. You might want to try:
    - passing `format` if your strings have a consistent format;
    - passing `fo (2s)
[15:09:46]   rebuild binance_l2: fail: time data "2026-07-22 16:00:00" doesn't match format "%Y-%m-%d %H:%M:%S.%f", at position 7603. You might want to try:
    - passing `format` if your strings have a consistent format;
    - passing `fo (2s)
== OKX (BTC, ETH, SOL, XRP, days=上市日至今) ==
-- L0 --
  okx BTC: spot/swap/funding/mark/index/OI 已摄取
  okx ETH: spot/swap/funding/mark/index/OI 已摄取
  okx SOL: spot/swap/funding/mark/index/OI 已摄取
  okx XRP: spot/swap/funding/mark/index/OI 已摄取
-- L1 --
  okx BTC: spot/swap/funding/mark/index/OI 标准化
  okx ETH: spot/swap/funding/mark/index/OI 标准化
  okx SOL: spot/swap/funding/mark/index/OI 标准化
  okx XRP: spot/swap/funding/mark/index/OI 标准化
  okx instruments: 832 行
-- L2 --
  okx BTC: certified
  okx ETH: certified
  okx SOL: certified
  okx XRP: certified
-- basis --
  basis BTC: 58565 行
  basis ETH: 58355 行
  basis SOL: 48893 行
  basis XRP: 58211 行
OKX 管线完成
[15:10:22]   rebuild okx: ok (36s)
[15:10:22]   rebuild okx: ok (36s)
== Coinbase (BTC, ETH, SOL, XRP, 近 365 天) ==
-- L1 --
  coinbase BTC-USD: 8768 行
  coinbase ETH-USD: 8768 行
  coinbase SOL-USD: 8768 行
  coinbase XRP-USD: 8768 行
  coinbase instruments: 483 行
-- L2 --
  coinbase BTC-USD: certified
  coinbase ETH-USD: certified
  coinbase SOL-USD: certified
  coinbase XRP-USD: certified
Coinbase 管线完成
[15:10:24]   rebuild coinbase: ok (2s)
[15:10:24]   rebuild coinbase: ok (2s)
== 阶段3: 稳定币 ==
-- L0 --
  稳定币 L0: 0 批次
-- L1 --
  supply: 9525 行 (3 币, 2015-02-25~2026-08-19)
  flows: 6801 行 (5 指标)
  peg: 63770 行 (2 币)
-- L2 --
阶段3 完成
[15:11:07]   rebuild stablecoins: ok (44s)
[15:11:07]   rebuild stablecoins: ok (44s)
[15:11:07]   [rebuild:onchain] L0 已跳过 (每日 L0 由 run_onchain 完成; Arbitrum/Solana RPC 经代理卡死), 仅重建 L1/L2
[15:11:07]   [rebuild:onchain] L0 已跳过 (每日 L0 由 run_onchain 完成; Arbitrum/Solana RPC 经代理卡死), 仅重建 L1/L2
== 阶段4: 链上 (近 1 天 ERC-20, 近 24h mempool) ==
-- L0 --
-- L1 --
  token_transfer[arbitrum]: 1760201 行 (2 币, NaT~NaT)
  onchain_daily_aggregate[arbitrum]: 0 行
Empty DataFrame
Columns: [chain_id, token, date_utc, transfer_count, unique_from, unique_to, volume_token, mint_count, burn_count, large_transfer_count]
Index: []
  token_transfer[ethereum]: 2915674 行 (3 币, 2026-08-19 22:42:35+00:00~2026-08-21 12:45:01.265000105+00:00)
  onchain_daily_aggregate[ethereum]: 8 行
chain_id token                  date_utc  transfer_count  unique_from  unique_to  volume_token  mint_count  burn_count  large_transfer_count
ethereum   DAI 2026-08-19 00:00:00+00:00            1819          444        547  9.480451e+08          97          79                   8.0
ethereum   DAI 2026-08-20 00:00:00+00:00           52134         2827       3420  9.166996e+09        3310        2812                 575.0
ethereum   DAI 2026-08-21 00:00:00+00:00               1            1          1  1.126631e+02           0           0                   0.0
ethereum  USDC 2026-08-19 00:00:00+00:00           38600        13630      16159  3.087670e+09         279         135                 116.0
ethereum  USDC 2026-08-20 00:00:00+00:00         1317828       136631     174420  8.857506e+10        8798        5659                7368.0
ethereum  USDC 2026-08-21 00:00:00+00:00              17           15         16  4.426508e+05           1           0                   0.0
ethereum  USDT 2026-08-20 00:00:00+00:00         1100124       227131     292845  2.726359e+10           0           0                2935.0
ethereum  USDT 2026-08-21 00:00:00+00:00          405151       126572     138906  1.152886e+10           0           1                1243.0
  solana_snapshot: [{'slot': 440691995, 'block_height': 418741637, 'usdc_supply': 8094247798.152079, 'tps': 4089.35, 'fetched_at': Timestamp('2026-08-21 13:03:50.007366+0000', tz='UTC')}]
  dex_volume: 9137 行 (1 DEX, 2014-02-17~2026-08-21)
  btc_blocks: 150 块
  btc_fees: [{'venue_id': 'mempool', 'fetched_at': '2026-08-20T22:53:43.871869+00:00', 'fastestFee': 5, 'halfHourFee': 4, 'hourFee': 3, 'economyFee': 2, 'minimumFee': 1}]
  oracle_snapshot: 1 对 [{'pair': 'ETH-USD', 'price': 2331.92616865}]
-- L2 --
阶段4 完成
[15:14:30]   rebuild onchain: ok (203s)
[15:14:30]   rebuild onchain: ok (203s)
[15:14:30] [rebuild] 第 1/3 次尝试失败 (309s): RuntimeError: L1/L2 重建部分阶段失败: binance_l1, binance_l2 | 详情见日志 D:\Documents\z_python_data_analy\Quent\workspace_0817\Data_pipeline\data_foundation\data\daily_run_20260821.log
== L1: 标准化 ==
[15:14:41]   [rebuild:binance_l1] 失败: time data "2026-07-22 16:00:00" doesn't match format "%Y-%m-%d %H:%M:%S.%f", at position 7603. You might want to try:
    - passing `format` if your strings have a consistent format;
    - passing `fo
[15:14:41]   [rebuild:binance_l1] 失败: time data "2026-07-22 16:00:00" doesn't match format "%Y-%m-%d %H:%M:%S.%f", at position 7603. You might want to try:
    - passing `format` if your strings have a consistent format;
    - passing `fo
[15:14:41]   rebuild binance_l1: fail: time data "2026-07-22 16:00:00" doesn't match format "%Y-%m-%d %H:%M:%S.%f", at position 7603. You might want to try:
    - passing `format` if your strings have a consistent format;
    - passing `fo (2s)
[15:14:41]   rebuild binance_l1: fail: time data "2026-07-22 16:00:00" doesn't match format "%Y-%m-%d %H:%M:%S.%f", at position 7603. You might want to try:
    - passing `format` if your strings have a consistent format;
    - passing `fo (2s)
== L2: 认证 ==
[15:14:42]   [rebuild:binance_l2] 失败: time data "2026-07-22 16:00:00" doesn't match format "%Y-%m-%d %H:%M:%S.%f", at position 7603. You might want to try:
    - passing `format` if your strings have a consistent format;
    - passing `fo
[15:14:42]   [rebuild:binance_l2] 失败: time data "2026-07-22 16:00:00" doesn't match format "%Y-%m-%d %H:%M:%S.%f", at position 7603. You might want to try:
    - passing `format` if your strings have a consistent format;
    - passing `fo
[15:14:42]   rebuild binance_l2: fail: time data "2026-07-22 16:00:00" doesn't match format "%Y-%m-%d %H:%M:%S.%f", at position 7603. You might want to try:
    - passing `format` if your strings have a consistent format;
    - passing `fo (1s)
[15:14:42]   rebuild binance_l2: fail: time data "2026-07-22 16:00:00" doesn't match format "%Y-%m-%d %H:%M:%S.%f", at position 7603. You might want to try:
    - passing `format` if your strings have a consistent format;
    - passing `fo (1s)
== OKX (BTC, ETH, SOL, XRP, days=上市日至今) ==
-- L0 --
  okx BTC: spot/swap/funding/mark/index/OI 已摄取
  okx ETH: spot/swap/funding/mark/index/OI 已摄取
  okx SOL: spot/swap/funding/mark/index/OI 已摄取
  okx XRP: spot/swap/funding/mark/index/OI 已摄取
-- L1 --
  okx BTC: spot/swap/funding/mark/index/OI 标准化
  okx ETH: spot/swap/funding/mark/index/OI 标准化
  okx SOL: spot/swap/funding/mark/index/OI 标准化
  okx XRP: spot/swap/funding/mark/index/OI 标准化
  okx instruments: 832 行
-- L2 --
  okx BTC: certified
  okx ETH: certified
  okx SOL: certified
  okx XRP: certified
-- basis --
  basis BTC: 58565 行
  basis ETH: 58355 行
  basis SOL: 48893 行
  basis XRP: 58211 行
OKX 管线完成
[15:15:20]   rebuild okx: ok (38s)
[15:15:20]   rebuild okx: ok (38s)
== Coinbase (BTC, ETH, SOL, XRP, 近 365 天) ==
-- L1 --
  coinbase BTC-USD: 8768 行
  coinbase ETH-USD: 8768 行
  coinbase SOL-USD: 8768 行
  coinbase XRP-USD: 8768 行
  coinbase instruments: 483 行
-- L2 --
  coinbase BTC-USD: certified
  coinbase ETH-USD: certified
  coinbase SOL-USD: certified
  coinbase XRP-USD: certified
Coinbase 管线完成
[15:15:22]   rebuild coinbase: ok (2s)
[15:15:22]   rebuild coinbase: ok (2s)
== 阶段3: 稳定币 ==
-- L0 --
  [warn] USDCUSDT K线抓取失败: HTTPSConnectionPool(host='api.binance.com', port=443): Read 
  [warn] DAIUSDT K线抓取失败: HTTPSConnectionPool(host='api.binance.com', port=443): Read 
  稳定币 L0: 0 批次
-- L1 --
  supply: 9525 行 (3 币, 2015-02-25~2026-08-19)
  flows: 6801 行 (5 指标)
  peg: 63770 行 (2 币)
-- L2 --
阶段3 完成
[15:24:18]   rebuild stablecoins: ok (536s)
[15:24:18]   rebuild stablecoins: ok (536s)
[15:24:18]   [rebuild:onchain] L0 已跳过 (每日 L0 由 run_onchain 完成; Arbitrum/Solana RPC 经代理卡死), 仅重建 L1/L2
[15:24:18]   [rebuild:onchain] L0 已跳过 (每日 L0 由 run_onchain 完成; Arbitrum/Solana RPC 经代理卡死), 仅重建 L1/L2
== 阶段4: 链上 (近 1 天 ERC-20, 近 24h mempool) ==
-- L0 --
-- L1 --
  token_transfer[arbitrum]: 1766929 行 (3 币, 2026-08-20 13:36:07.250002861+00:00~2026-08-21 13:36:08+00:00)
  onchain_daily_aggregate[arbitrum]: 6 行
chain_id token                  date_utc  transfer_count  unique_from  unique_to  volume_token  mint_count  burn_count  large_transfer_count
arbitrum   DAI 2026-08-20 00:00:00+00:00            2588          208        243  5.731967e+05           0           0                   0.0
arbitrum   DAI 2026-08-21 00:00:00+00:00            4140          276        349  1.400097e+06           0           0                   0.0
arbitrum  USDC 2026-08-20 00:00:00+00:00          544998        57967      57015  1.184183e+09        5879        3916                 152.0
arbitrum  USDC 2026-08-21 00:00:00+00:00          873927        72430      73033  2.685358e+09        9306        6695                 398.0
arbitrum  USDT 2026-08-20 00:00:00+00:00          131854        18775      19103  1.376483e+08          69         163                   6.0
arbitrum  USDT 2026-08-21 00:00:00+00:00          209422        25178      26367  2.469423e+08         141         246                  28.0
  token_transfer[ethereum]: 2915674 行 (3 币, 2026-08-19 22:42:35+00:00~2026-08-21 12:45:01.265000105+00:00)
  onchain_daily_aggregate[ethereum]: 8 行
chain_id token                  date_utc  transfer_count  unique_from  unique_to  volume_token  mint_count  burn_count  large_transfer_count
ethereum   DAI 2026-08-19 00:00:00+00:00            1819          444        547  9.480451e+08          97          79                   8.0
ethereum   DAI 2026-08-20 00:00:00+00:00           52134         2827       3420  9.166996e+09        3310        2812                 575.0
ethereum   DAI 2026-08-21 00:00:00+00:00               1            1          1  1.126631e+02           0           0                   0.0
ethereum  USDC 2026-08-19 00:00:00+00:00           38600        13630      16159  3.087670e+09         279         135                 116.0
ethereum  USDC 2026-08-20 00:00:00+00:00         1317828       136631     174420  8.857506e+10        8798        5659                7368.0
ethereum  USDC 2026-08-21 00:00:00+00:00              17           15         16  4.426508e+05           1           0                   0.0
ethereum  USDT 2026-08-20 00:00:00+00:00         1100124       227131     292845  2.726359e+10           0           0                2935.0
ethereum  USDT 2026-08-21 00:00:00+00:00          405151       126572     138906  1.152886e+10           0           1                1243.0
  solana_snapshot: [{'slot': 440691995, 'block_height': 418741637, 'usdc_supply': 8094247798.152079, 'tps': 4089.35, 'fetched_at': Timestamp('2026-08-21 13:03:50.007366+0000', tz='UTC')}]
  dex_volume: 9137 行 (1 DEX, 2014-02-17~2026-08-21)
  btc_blocks: 150 块
  btc_fees: [{'venue_id': 'mempool', 'fetched_at': '2026-08-20T22:53:43.871869+00:00', 'fastestFee': 5, 'halfHourFee': 4, 'hourFee': 3, 'economyFee': 2, 'minimumFee': 1}]
  oracle_snapshot: 1 对 [{'pair': 'ETH-USD', 'price': 2331.92616865}]
-- L2 --
阶段4 完成
[15:28:46]   rebuild onchain: ok (268s)
[15:28:46]   rebuild onchain: ok (268s)
[15:28:46] [rebuild] 第 2/3 次尝试失败 (848s): RuntimeError: L1/L2 重建部分阶段失败: binance_l1, binance_l2 | 详情见日志 D:\Documents\z_python_data_analy\Quent\workspace_0817\Data_pipeline\data_foundation\data\daily_run_20260821.log
== L1: 标准化 ==
[15:28:57]   [rebuild:binance_l1] 失败: time data "2026-07-22 16:00:00" doesn't match format "%Y-%m-%d %H:%M:%S.%f", at position 7603. You might want to try:
    - passing `format` if your strings have a consistent format;
    - passing `fo
[15:28:57]   [rebuild:binance_l1] 失败: time data "2026-07-22 16:00:00" doesn't match format "%Y-%m-%d %H:%M:%S.%f", at position 7603. You might want to try:
    - passing `format` if your strings have a consistent format;
    - passing `fo
[15:28:57]   rebuild binance_l1: fail: time data "2026-07-22 16:00:00" doesn't match format "%Y-%m-%d %H:%M:%S.%f", at position 7603. You might want to try:
    - passing `format` if your strings have a consistent format;
    - passing `fo (3s)
[15:28:57]   rebuild binance_l1: fail: time data "2026-07-22 16:00:00" doesn't match format "%Y-%m-%d %H:%M:%S.%f", at position 7603. You might want to try:
    - passing `format` if your strings have a consistent format;
    - passing `fo (3s)
== L2: 认证 ==
[15:28:58]   [rebuild:binance_l2] 失败: time data "2026-07-22 16:00:00" doesn't match format "%Y-%m-%d %H:%M:%S.%f", at position 7603. You might want to try:
    - passing `format` if your strings have a consistent format;
    - passing `fo
[15:28:58]   [rebuild:binance_l2] 失败: time data "2026-07-22 16:00:00" doesn't match format "%Y-%m-%d %H:%M:%S.%f", at position 7603. You might want to try:
    - passing `format` if your strings have a consistent format;
    - passing `fo
[15:28:58]   rebuild binance_l2: fail: time data "2026-07-22 16:00:00" doesn't match format "%Y-%m-%d %H:%M:%S.%f", at position 7603. You might want to try:
    - passing `format` if your strings have a consistent format;
    - passing `fo (2s)
[15:28:58]   rebuild binance_l2: fail: time data "2026-07-22 16:00:00" doesn't match format "%Y-%m-%d %H:%M:%S.%f", at position 7603. You might want to try:
    - passing `format` if your strings have a consistent format;
    - passing `fo (2s)
== OKX (BTC, ETH, SOL, XRP, days=上市日至今) ==
-- L0 --
  okx BTC: spot/swap/funding/mark/index/OI 已摄取
  okx ETH: spot/swap/funding/mark/index/OI 已摄取
  okx SOL: spot/swap/funding/mark/index/OI 已摄取
  okx XRP: spot/swap/funding/mark/index/OI 已摄取
-- L1 --
  okx BTC: spot/swap/funding/mark/index/OI 标准化
  okx ETH: spot/swap/funding/mark/index/OI 标准化
  okx SOL: spot/swap/funding/mark/index/OI 标准化
  okx XRP: spot/swap/funding/mark/index/OI 标准化
  okx instruments: 832 行
-- L2 --
  okx BTC: certified
  okx ETH: certified
  okx SOL: certified
  okx XRP: certified
-- basis --
  basis BTC: 58565 行
  basis ETH: 58355 行
  basis SOL: 48893 行
  basis XRP: 58211 行
OKX 管线完成
[15:29:35]   rebuild okx: ok (37s)
[15:29:35]   rebuild okx: ok (37s)
== Coinbase (BTC, ETH, SOL, XRP, 近 365 天) ==
-- L1 --
  coinbase BTC-USD: 8768 行
  coinbase ETH-USD: 8768 行
  coinbase SOL-USD: 8768 行
  coinbase XRP-USD: 8768 行
  coinbase instruments: 483 行
-- L2 --
  coinbase BTC-USD: certified
  coinbase ETH-USD: certified
  coinbase SOL-USD: certified
  coinbase XRP-USD: certified
Coinbase 管线完成
[15:29:37]   rebuild coinbase: ok (2s)
[15:29:37]   rebuild coinbase: ok (2s)
== 阶段3: 稳定币 ==
-- L0 --
  [warn] USDCUSDT K线抓取失败: HTTPSConnectionPool(host='api.binance.com', port=443): Read 
  [warn] DAIUSDT K线抓取失败: HTTPSConnectionPool(host='api.binance.com', port=443): Read 
  稳定币 L0: 0 批次
-- L1 --
  supply: 9525 行 (3 币, 2015-02-25~2026-08-19)
  flows: 6801 行 (5 指标)
  peg: 63770 行 (2 币)
-- L2 --
阶段3 完成
[15:38:32]   rebuild stablecoins: ok (535s)
[15:38:32]   rebuild stablecoins: ok (535s)
[15:38:32]   [rebuild:onchain] L0 已跳过 (每日 L0 由 run_onchain 完成; Arbitrum/Solana RPC 经代理卡死), 仅重建 L1/L2
[15:38:32]   [rebuild:onchain] L0 已跳过 (每日 L0 由 run_onchain 完成; Arbitrum/Solana RPC 经代理卡死), 仅重建 L1/L2
== 阶段4: 链上 (近 1 天 ERC-20, 近 24h mempool) ==
-- L0 --
-- L1 --
  token_transfer[arbitrum]: 1766929 行 (3 币, 2026-08-20 13:36:07.250002861+00:00~2026-08-21 13:36:08+00:00)
  onchain_daily_aggregate[arbitrum]: 6 行
chain_id token                  date_utc  transfer_count  unique_from  unique_to  volume_token  mint_count  burn_count  large_transfer_count
arbitrum   DAI 2026-08-20 00:00:00+00:00            2588          208        243  5.731967e+05           0           0                   0.0
arbitrum   DAI 2026-08-21 00:00:00+00:00            4140          276        349  1.400097e+06           0           0                   0.0
arbitrum  USDC 2026-08-20 00:00:00+00:00          544998        57967      57015  1.184183e+09        5879        3916                 152.0
arbitrum  USDC 2026-08-21 00:00:00+00:00          873927        72430      73033  2.685358e+09        9306        6695                 398.0
arbitrum  USDT 2026-08-20 00:00:00+00:00          131854        18775      19103  1.376483e+08          69         163                   6.0
arbitrum  USDT 2026-08-21 00:00:00+00:00          209422        25178      26367  2.469423e+08         141         246                  28.0
  token_transfer[ethereum]: 2915674 行 (3 币, 2026-08-19 22:42:35+00:00~2026-08-21 12:45:01.265000105+00:00)
  onchain_daily_aggregate[ethereum]: 8 行
chain_id token                  date_utc  transfer_count  unique_from  unique_to  volume_token  mint_count  burn_count  large_transfer_count
ethereum   DAI 2026-08-19 00:00:00+00:00            1819          444        547  9.480451e+08          97          79                   8.0
ethereum   DAI 2026-08-20 00:00:00+00:00           52134         2827       3420  9.166996e+09        3310        2812                 575.0
ethereum   DAI 2026-08-21 00:00:00+00:00               1            1          1  1.126631e+02           0           0                   0.0
ethereum  USDC 2026-08-19 00:00:00+00:00           38600        13630      16159  3.087670e+09         279         135                 116.0
ethereum  USDC 2026-08-20 00:00:00+00:00         1317828       136631     174420  8.857506e+10        8798        5659                7368.0
ethereum  USDC 2026-08-21 00:00:00+00:00              17           15         16  4.426508e+05           1           0                   0.0
ethereum  USDT 2026-08-20 00:00:00+00:00         1100124       227131     292845  2.726359e+10           0           0                2935.0
ethereum  USDT 2026-08-21 00:00:00+00:00          405151       126572     138906  1.152886e+10           0           1                1243.0
  solana_snapshot: [{'slot': 440691995, 'block_height': 418741637, 'usdc_supply': 8094247798.152079, 'tps': 4089.35, 'fetched_at': Timestamp('2026-08-21 13:03:50.007366+0000', tz='UTC')}]
  dex_volume: 9137 行 (1 DEX, 2014-02-17~2026-08-21)
  btc_blocks: 150 块
  btc_fees: [{'venue_id': 'mempool', 'fetched_at': '2026-08-20T22:53:43.871869+00:00', 'fastestFee': 5, 'halfHourFee': 4, 'hourFee': 3, 'economyFee': 2, 'minimumFee': 1}]
  oracle_snapshot: 1 对 [{'pair': 'ETH-USD', 'price': 2331.92616865}]
-- L2 --
阶段4 完成
[15:42:22]   rebuild onchain: ok (231s)
[15:42:22]   rebuild onchain: ok (231s)
[15:42:22] [rebuild] 第 3/3 次尝试失败 (808s): RuntimeError: L1/L2 重建部分阶段失败: binance_l1, binance_l2 | 详情见日志 D:\Documents\z_python_data_analy\Quent\workspace_0817\Data_pipeline\data_foundation\data\daily_run_20260821.log
[15:42:22] ======================================================================
[15:42:22] 调度完成 | 失败源: ['rebuild']
[15:42:22] manifest: D:\Documents\z_python_data_analy\Quent\workspace_0817\Data_pipeline\data_foundation\data\daily_manifest.json
[15:42:22] ======================================================================
[15:43:47] ======================================================================
[15:43:47] 每日增量调度开始 | 日期戳=20260821 | ingest_date=2026-08-21
[15:43:47] 源: ['binance_funding']
[15:43:47] 代理: http://127.0.0.1:7897 | 日志: D:\Documents\z_python_data_analy\Quent\workspace_0817\Data_pipeline\data_foundation\data\daily_run_20260821.log
[15:43:47] ======================================================================
[15:45:49]   [warn] fapi.binance.com 经代理不可达 (https://fapi.binance.com/fapi/v1/ping: HTTPSConnectionPool(h), binance_funding/binance_stats 将记为失败
[15:45:49] [binance_funding] 第 1/3 次尝试失败 (123s): RuntimeError: fapi.binance.com 经代理不可达 (超时), 资金费率未抓取
[15:45:57] [binance_funding] 第 2/3 次尝试失败 (0s): RuntimeError: fapi.binance.com 经代理不可达 (超时), 资金费率未抓取
[15:46:05] [binance_funding] 第 3/3 次尝试失败 (0s): RuntimeError: fapi.binance.com 经代理不可达 (超时), 资金费率未抓取
[15:46:05] ======================================================================
[15:46:05] 调度完成 | 失败源: ['binance_funding']
[15:46:05] manifest: D:\Documents\z_python_data_analy\Quent\workspace_0817\Data_pipeline\data_foundation\data\daily_manifest.json
[15:46:05] ======================================================================
[15:46:14] ======================================================================
[15:46:14] 每日增量调度开始 | 日期戳=20260821 | ingest_date=2026-08-21
[15:46:14] 源: ['binance_funding', 'rebuild']
[15:46:14] 代理: http://127.0.0.1:7897 | 日志: D:\Documents\z_python_data_analy\Quent\workspace_0817\Data_pipeline\data_foundation\data\daily_run_20260821.log
[15:46:14] ======================================================================
[15:48:17]   [warn] fapi.binance.com 经代理不可达 (https://fapi.binance.com/fapi/v1/ping: HTTPSConnectionPool(h), binance_funding/binance_stats 将记为失败
[15:48:17] [binance_funding] 第 1/3 次尝试失败 (123s): RuntimeError: fapi.binance.com 经代理不可达 (超时), 资金费率未抓取
[15:48:25] [binance_funding] 第 2/3 次尝试失败 (0s): RuntimeError: fapi.binance.com 经代理不可达 (超时), 资金费率未抓取
[15:48:33] [binance_funding] 第 3/3 次尝试失败 (0s): RuntimeError: fapi.binance.com 经代理不可达 (超时), 资金费率未抓取
== L1: 标准化 ==
  BTCUSDT: 1h/1d/1w + funding/OI/mark/ratio 已标准化
  ETHUSDT: 1h/1d/1w + funding/OI/mark/ratio 已标准化
  SOLUSDT: 1h/1d/1w + funding/OI/mark/ratio 已标准化
  BNBUSDT: 1h/1d/1w + funding/OI/mark/ratio 已标准化
  XRPUSDT: 1h/1d/1w + funding/OI/mark/ratio 已标准化
  ADAUSDT: 1h/1d/1w + funding/OI/mark/ratio 已标准化
  DOGEUSDT: 1h/1d/1w + funding/OI/mark/ratio 已标准化
  AVAXUSDT: 1h/1d/1w + funding/OI/mark/ratio 已标准化
  LINKUSDT: 1h/1d/1w + funding/OI/mark/ratio 已标准化
  LTCUSDT: 1h/1d/1w + funding/OI/mark/ratio 已标准化
  DOTUSDT: 1h/1d/1w + funding/OI/mark/ratio 已标准化
  UNIUSDT: 1h/1d/1w + funding/OI/mark/ratio 已标准化
  AAVEUSDT: 1h/1d/1w + funding/OI/mark/ratio 已标准化
  ARBUSDT: 1h/1d/1w + funding/OI/mark/ratio 已标准化
  POLUSDT: 1h/1d/1w + funding/OI/mark/ratio 已标准化
  instrument 表: 1929 行 -> D:\Documents\z_python_data_analy\Quent\workspace_0817\Data_pipeline\data_foundation\data\l1\instrument\binance/instruments.parquet
[15:49:04]   rebuild binance_l1: ok (30s)
[15:49:04]   rebuild binance_l1: ok (30s)
== L2: 认证 ==
  BTCUSDT: 1h/1d/1w + 衍生品 certified
  ETHUSDT: 1h/1d/1w + 衍生品 certified
  SOLUSDT: 1h/1d/1w + 衍生品 certified
  BNBUSDT: 1h/1d/1w + 衍生品 certified
  XRPUSDT: 1h/1d/1w + 衍生品 certified
  ADAUSDT: 1h/1d/1w + 衍生品 certified
  DOGEUSDT: 1h/1d/1w + 衍生品 certified
  AVAXUSDT: 1h/1d/1w + 衍生品 certified
  LINKUSDT: 1h/1d/1w + 衍生品 certified
  LTCUSDT: 1h/1d/1w + 衍生品 certified
  DOTUSDT: 1h/1d/1w + 衍生品 certified
  UNIUSDT: 1h/1d/1w + 衍生品 certified
  AAVEUSDT: 1h/1d/1w + 衍生品 certified
  ARBUSDT: 1h/1d/1w + 衍生品 certified
  POLUSDT: 1h/1d/1w + 衍生品 certified
  manifests 汇总完成
[15:49:25]   rebuild binance_l2: ok (21s)
[15:49:25]   rebuild binance_l2: ok (21s)
== OKX (BTC, ETH, SOL, XRP, days=上市日至今) ==
-- L0 --
  okx BTC: spot/swap/funding/mark/index/OI 已摄取
  okx ETH: spot/swap/funding/mark/index/OI 已摄取
  okx SOL: spot/swap/funding/mark/index/OI 已摄取
  okx XRP: spot/swap/funding/mark/index/OI 已摄取
-- L1 --
  okx BTC: spot/swap/funding/mark/index/OI 标准化
  okx ETH: spot/swap/funding/mark/index/OI 标准化
  okx SOL: spot/swap/funding/mark/index/OI 标准化
  okx XRP: spot/swap/funding/mark/index/OI 标准化
  okx instruments: 832 行
-- L2 --
  okx BTC: certified
  okx ETH: certified
  okx SOL: certified
  okx XRP: certified
-- basis --
  basis BTC: 58565 行
  basis ETH: 58355 行
  basis SOL: 48893 行
  basis XRP: 58211 行
OKX 管线完成
[15:50:01]   rebuild okx: ok (36s)
[15:50:01]   rebuild okx: ok (36s)
== Coinbase (BTC, ETH, SOL, XRP, 近 365 天) ==
-- L1 --
  coinbase BTC-USD: 8768 行
  coinbase ETH-USD: 8768 行
  coinbase SOL-USD: 8768 行
  coinbase XRP-USD: 8768 行
  coinbase instruments: 483 行
-- L2 --
  coinbase BTC-USD: certified
  coinbase ETH-USD: certified
  coinbase SOL-USD: certified
  coinbase XRP-USD: certified
Coinbase 管线完成
[15:50:03]   rebuild coinbase: ok (2s)
[15:50:03]   rebuild coinbase: ok (2s)
== 阶段3: 稳定币 ==
-- L0 --
  [warn] USDCUSDT K线抓取失败: HTTPSConnectionPool(host='api.binance.com', port=443): Read 
[15:56:28] ======================================================================
[15:56:28] 每日增量调度开始 | 日期戳=20260821 | ingest_date=2026-08-21
[15:56:28] 源: ['rebuild']
[15:56:28] 代理: http://127.0.0.1:7897 | 日志: D:\Documents\z_python_data_analy\Quent\workspace_0817\Data_pipeline\data_foundation\data\daily_run_20260821.log
[15:56:28] ======================================================================
== L1: 标准化 ==
  BTCUSDT: 1h/1d/1w + funding/OI/mark/ratio 已标准化
  ETHUSDT: 1h/1d/1w + funding/OI/mark/ratio 已标准化
  SOLUSDT: 1h/1d/1w + funding/OI/mark/ratio 已标准化
  BNBUSDT: 1h/1d/1w + funding/OI/mark/ratio 已标准化
  XRPUSDT: 1h/1d/1w + funding/OI/mark/ratio 已标准化
  ADAUSDT: 1h/1d/1w + funding/OI/mark/ratio 已标准化
  DOGEUSDT: 1h/1d/1w + funding/OI/mark/ratio 已标准化
  AVAXUSDT: 1h/1d/1w + funding/OI/mark/ratio 已标准化
  LINKUSDT: 1h/1d/1w + funding/OI/mark/ratio 已标准化
  LTCUSDT: 1h/1d/1w + funding/OI/mark/ratio 已标准化
  DOTUSDT: 1h/1d/1w + funding/OI/mark/ratio 已标准化
  UNIUSDT: 1h/1d/1w + funding/OI/mark/ratio 已标准化
  AAVEUSDT: 1h/1d/1w + funding/OI/mark/ratio 已标准化
  ARBUSDT: 1h/1d/1w + funding/OI/mark/ratio 已标准化
  POLUSDT: 1h/1d/1w + funding/OI/mark/ratio 已标准化
  instrument 表: 1929 行 -> D:\Documents\z_python_data_analy\Quent\workspace_0817\Data_pipeline\data_foundation\data\l1\instrument\binance/instruments.parquet
[15:56:53]   rebuild binance_l1: ok (24s)
[15:56:53]   rebuild binance_l1: ok (24s)
== L2: 认证 ==
  BTCUSDT: 1h/1d/1w + 衍生品 certified
  ETHUSDT: 1h/1d/1w + 衍生品 certified
  SOLUSDT: 1h/1d/1w + 衍生品 certified
  BNBUSDT: 1h/1d/1w + 衍生品 certified
  XRPUSDT: 1h/1d/1w + 衍生品 certified
  ADAUSDT: 1h/1d/1w + 衍生品 certified
  DOGEUSDT: 1h/1d/1w + 衍生品 certified
  AVAXUSDT: 1h/1d/1w + 衍生品 certified
  LINKUSDT: 1h/1d/1w + 衍生品 certified
  LTCUSDT: 1h/1d/1w + 衍生品 certified
  DOTUSDT: 1h/1d/1w + 衍生品 certified
  UNIUSDT: 1h/1d/1w + 衍生品 certified
  AAVEUSDT: 1h/1d/1w + 衍生品 certified
  ARBUSDT: 1h/1d/1w + 衍生品 certified
  POLUSDT: 1h/1d/1w + 衍生品 certified
  manifests 汇总完成
[15:57:15]   rebuild binance_l2: ok (22s)
[15:57:15]   rebuild binance_l2: ok (22s)
== OKX (BTC, ETH, SOL, XRP, days=上市日至今) ==
-- L0 --
  okx BTC: spot/swap/funding/mark/index/OI 已摄取
  okx ETH: spot/swap/funding/mark/index/OI 已摄取
  okx SOL: spot/swap/funding/mark/index/OI 已摄取
  okx XRP: spot/swap/funding/mark/index/OI 已摄取
-- L1 --
  okx BTC: spot/swap/funding/mark/index/OI 标准化
  okx ETH: spot/swap/funding/mark/index/OI 标准化
  okx SOL: spot/swap/funding/mark/index/OI 标准化
  okx XRP: spot/swap/funding/mark/index/OI 标准化
  okx instruments: 832 行
-- L2 --
  okx BTC: certified
  okx ETH: certified
  okx SOL: certified
  okx XRP: certified
-- basis --
  basis BTC: 58565 行
  basis ETH: 58355 行
  basis SOL: 48893 行
  basis XRP: 58211 行
OKX 管线完成
[15:57:50]   rebuild okx: ok (35s)
[15:57:50]   rebuild okx: ok (35s)
== Coinbase (BTC, ETH, SOL, XRP, 近 365 天) ==
-- L1 --
  coinbase BTC-USD: 8768 行
  coinbase ETH-USD: 8768 行
  coinbase SOL-USD: 8768 行
  coinbase XRP-USD: 8768 行
  coinbase instruments: 483 行
-- L2 --
  coinbase BTC-USD: certified
  coinbase ETH-USD: certified
  coinbase SOL-USD: certified
  coinbase XRP-USD: certified
Coinbase 管线完成
[15:57:52]   rebuild coinbase: ok (2s)
[15:57:52]   rebuild coinbase: ok (2s)
== 阶段3: 稳定币 ==
-- L0 --
  [warn] USDCUSDT K线抓取失败: HTTPSConnectionPool(host='api.binance.com', port=443): Read 
  [warn] DAIUSDT K线抓取失败: HTTPSConnectionPool(host='api.binance.com', port=443): Read 
  稳定币 L0: 0 批次
-- L1 --
  supply: 9525 行 (3 币, 2015-02-25~2026-08-19)
  flows: 6801 行 (5 指标)
  peg: 63770 行 (2 币)
-- L2 --
阶段3 完成
[16:06:27]   rebuild stablecoins: ok (516s)
[16:06:27]   rebuild stablecoins: ok (516s)
[16:06:28]   [rebuild:onchain] L0 已跳过 (每日 L0 由 run_onchain 完成; Arbitrum/Solana RPC 经代理卡死), 仅重建 L1/L2
[16:06:28]   [rebuild:onchain] L0 已跳过 (每日 L0 由 run_onchain 完成; Arbitrum/Solana RPC 经代理卡死), 仅重建 L1/L2
== 阶段4: 链上 (近 1 天 ERC-20, 近 24h mempool) ==
-- L0 --
-- L1 --
  token_transfer[arbitrum]: 1766929 行 (3 币, 2026-08-20 13:36:07.250002861+00:00~2026-08-21 13:36:08+00:00)
  onchain_daily_aggregate[arbitrum]: 6 行
chain_id token                  date_utc  transfer_count  unique_from  unique_to  volume_token  mint_count  burn_count  large_transfer_count
arbitrum   DAI 2026-08-20 00:00:00+00:00            2588          208        243  5.731967e+05           0           0                   0.0
arbitrum   DAI 2026-08-21 00:00:00+00:00            4140          276        349  1.400097e+06           0           0                   0.0
arbitrum  USDC 2026-08-20 00:00:00+00:00          544998        57967      57015  1.184183e+09        5879        3916                 152.0
arbitrum  USDC 2026-08-21 00:00:00+00:00          873927        72430      73033  2.685358e+09        9306        6695                 398.0
arbitrum  USDT 2026-08-20 00:00:00+00:00          131854        18775      19103  1.376483e+08          69         163                   6.0
arbitrum  USDT 2026-08-21 00:00:00+00:00          209422        25178      26367  2.469423e+08         141         246                  28.0
  token_transfer[ethereum]: 1506308 行 (3 币, 2026-08-19 22:42:35+00:00~2026-08-21 12:45:01.265000105+00:00)
  onchain_daily_aggregate[ethereum]: 6 行
chain_id token                  date_utc  transfer_count  unique_from  unique_to  volume_token  mint_count  burn_count  large_transfer_count
ethereum   DAI 2026-08-19 00:00:00+00:00            1819          444        547  9.480451e+08          97          79                     8
ethereum   DAI 2026-08-20 00:00:00+00:00           25471         2753       3320  4.100177e+09        1617        1360                   278
ethereum  USDC 2026-08-19 00:00:00+00:00           38600        13630      16159  3.087670e+09         279         135                   116
ethereum  USDC 2026-08-20 00:00:00+00:00          644424       132184     168678  4.221246e+10        4319        2774                  3629
ethereum  USDT 2026-08-20 00:00:00+00:00          390843       118517     154147  6.285261e+09           0           0                   839
ethereum  USDT 2026-08-21 00:00:00+00:00          405151       126572     138906  1.152886e+10           0           1                  1243
  solana_snapshot: [{'slot': 440691995, 'block_height': 418741637, 'usdc_supply': 8094247798.152079, 'tps': 4089.35, 'fetched_at': Timestamp('2026-08-21 13:03:50.007366+0000', tz='UTC')}]
  dex_volume: 4568 行 (1 DEX, 2014-02-17~2026-08-20)
  btc_blocks: 150 块
  btc_fees: [{'venue_id': 'mempool', 'fetched_at': '2026-08-20T22:53:43.871869+00:00', 'fastestFee': 5, 'halfHourFee': 4, 'hourFee': 3, 'economyFee': 2, 'minimumFee': 1}]
  oracle_snapshot: 1 对 [{'pair': 'ETH-USD', 'price': 2331.92616865}]
-- L2 --
阶段4 完成
[16:09:07]   rebuild onchain: ok (160s)
[16:09:07]   rebuild onchain: ok (160s)
[16:09:07] [rebuild] OK (759s)
[16:09:07] ======================================================================
[16:09:07] 调度完成 | 失败源: 无
[16:09:07] manifest: D:\Documents\z_python_data_analy\Quent\workspace_0817\Data_pipeline\data_foundation\data\daily_manifest.json
[16:09:07] ======================================================================
[16:09:52] ======================================================================
[16:09:52] 每日增量调度开始 | 日期戳=20260821 | ingest_date=2026-08-21
[16:09:52] 源: ['binance_funding']
[16:09:52] 代理: http://127.0.0.1:7897 | 日志: D:\Documents\z_python_data_analy\Quent\workspace_0817\Data_pipeline\data_foundation\data\daily_run_20260821.log
[16:09:52] ======================================================================
[16:09:52]   BTCUSDT: 90 条资金费率 -> BTCUSDT_funding_daily_20260821
[16:09:53]   ETHUSDT: 90 条资金费率 -> ETHUSDT_funding_daily_20260821
[16:09:53]   SOLUSDT: 90 条资金费率 -> SOLUSDT_funding_daily_20260821
[16:09:53]   BNBUSDT: 90 条资金费率 -> BNBUSDT_funding_daily_20260821
[16:09:54]   XRPUSDT: 90 条资金费率 -> XRPUSDT_funding_daily_20260821
[16:09:54]   ADAUSDT: 90 条资金费率 -> ADAUSDT_funding_daily_20260821
[16:09:54]   DOGEUSDT: 90 条资金费率 -> DOGEUSDT_funding_daily_20260821
[16:09:55]   AVAXUSDT: 90 条资金费率 -> AVAXUSDT_funding_daily_20260821
[16:09:55]   LINKUSDT: 90 条资金费率 -> LINKUSDT_funding_daily_20260821
[16:09:56]   LTCUSDT: 90 条资金费率 -> LTCUSDT_funding_daily_20260821
[16:09:56]   DOTUSDT: 90 条资金费率 -> DOTUSDT_funding_daily_20260821
[16:09:56]   UNIUSDT: 90 条资金费率 -> UNIUSDT_funding_daily_20260821
[16:09:57]   AAVEUSDT: 90 条资金费率 -> AAVEUSDT_funding_daily_20260821
[16:09:57]   ARBUSDT: 90 条资金费率 -> ARBUSDT_funding_daily_20260821
[16:09:57]   POLUSDT: 100 条资金费率 -> POLUSDT_funding_daily_20260821
[16:09:57] [binance_funding] OK (6s)
[16:09:57] ======================================================================
[16:09:57] 调度完成 | 失败源: 无
[16:09:57] manifest: D:\Documents\z_python_data_analy\Quent\workspace_0817\Data_pipeline\data_foundation\data\daily_manifest.json
[16:09:57] ======================================================================
[16:10:08] ======================================================================
[16:10:08] 每日增量调度开始 | 日期戳=20260821 | ingest_date=2026-08-21
[16:10:08] 源: ['rebuild']
[16:10:08] 代理: http://127.0.0.1:7897 | 日志: D:\Documents\z_python_data_analy\Quent\workspace_0817\Data_pipeline\data_foundation\data\daily_run_20260821.log
[16:10:08] ======================================================================
== L1: 标准化 ==
  BTCUSDT: 1h/1d/1w + funding/OI/mark/ratio 已标准化
  ETHUSDT: 1h/1d/1w + funding/OI/mark/ratio 已标准化
  SOLUSDT: 1h/1d/1w + funding/OI/mark/ratio 已标准化
  BNBUSDT: 1h/1d/1w + funding/OI/mark/ratio 已标准化
  XRPUSDT: 1h/1d/1w + funding/OI/mark/ratio 已标准化
  ADAUSDT: 1h/1d/1w + funding/OI/mark/ratio 已标准化
  DOGEUSDT: 1h/1d/1w + funding/OI/mark/ratio 已标准化
  AVAXUSDT: 1h/1d/1w + funding/OI/mark/ratio 已标准化
  LINKUSDT: 1h/1d/1w + funding/OI/mark/ratio 已标准化
  LTCUSDT: 1h/1d/1w + funding/OI/mark/ratio 已标准化
  DOTUSDT: 1h/1d/1w + funding/OI/mark/ratio 已标准化
  UNIUSDT: 1h/1d/1w + funding/OI/mark/ratio 已标准化
  AAVEUSDT: 1h/1d/1w + funding/OI/mark/ratio 已标准化
  ARBUSDT: 1h/1d/1w + funding/OI/mark/ratio 已标准化
  POLUSDT: 1h/1d/1w + funding/OI/mark/ratio 已标准化
  instrument 表: 1929 行 -> D:\Documents\z_python_data_analy\Quent\workspace_0817\Data_pipeline\data_foundation\data\l1\instrument\binance/instruments.parquet
[16:10:41]   rebuild binance_l1: ok (31s)
[16:10:41]   rebuild binance_l1: ok (31s)
== L2: 认证 ==
  BTCUSDT: 1h/1d/1w + 衍生品 certified
  ETHUSDT: 1h/1d/1w + 衍生品 certified
  SOLUSDT: 1h/1d/1w + 衍生品 certified
  BNBUSDT: 1h/1d/1w + 衍生品 certified
  XRPUSDT: 1h/1d/1w + 衍生品 certified
  ADAUSDT: 1h/1d/1w + 衍生品 certified
  DOGEUSDT: 1h/1d/1w + 衍生品 certified
  AVAXUSDT: 1h/1d/1w + 衍生品 certified
  LINKUSDT: 1h/1d/1w + 衍生品 certified
  LTCUSDT: 1h/1d/1w + 衍生品 certified
  DOTUSDT: 1h/1d/1w + 衍生品 certified
  UNIUSDT: 1h/1d/1w + 衍生品 certified
  AAVEUSDT: 1h/1d/1w + 衍生品 certified
  ARBUSDT: 1h/1d/1w + 衍生品 certified
  POLUSDT: 1h/1d/1w + 衍生品 certified
  manifests 汇总完成
[16:11:02]   rebuild binance_l2: ok (21s)
[16:11:02]   rebuild binance_l2: ok (21s)
== OKX (BTC, ETH, SOL, XRP, days=上市日至今) ==
-- L0 --
  okx BTC: spot/swap/funding/mark/index/OI 已摄取
  okx ETH: spot/swap/funding/mark/index/OI 已摄取
  okx SOL: spot/swap/funding/mark/index/OI 已摄取
  okx XRP: spot/swap/funding/mark/index/OI 已摄取
-- L1 --
  okx BTC: spot/swap/funding/mark/index/OI 标准化
  okx ETH: spot/swap/funding/mark/index/OI 标准化
  okx SOL: spot/swap/funding/mark/index/OI 标准化
  okx XRP: spot/swap/funding/mark/index/OI 标准化
  okx instruments: 832 行
-- L2 --
  okx BTC: certified
  okx ETH: certified
  okx SOL: certified
  okx XRP: certified
-- basis --
  basis BTC: 58565 行
  basis ETH: 58355 行
  basis SOL: 48893 行
  basis XRP: 58211 行
OKX 管线完成
[16:11:37]   rebuild okx: ok (35s)
[16:11:37]   rebuild okx: ok (35s)
== Coinbase (BTC, ETH, SOL, XRP, 近 365 天) ==
-- L1 --
  coinbase BTC-USD: 8768 行
  coinbase ETH-USD: 8768 行
  coinbase SOL-USD: 8768 行
  coinbase XRP-USD: 8768 行
  coinbase instruments: 483 行
-- L2 --
  coinbase BTC-USD: certified
  coinbase ETH-USD: certified
  coinbase SOL-USD: certified
  coinbase XRP-USD: certified
Coinbase 管线完成
[16:11:39]   rebuild coinbase: ok (2s)
[16:11:39]   rebuild coinbase: ok (2s)
== 阶段3: 稳定币 ==
-- L0 --
  稳定币 L0: 0 批次
-- L1 --
  supply: 9525 行 (3 币, 2015-02-25~2026-08-19)
  flows: 6801 行 (5 指标)
  peg: 63770 行 (2 币)
-- L2 --
阶段3 完成
[16:14:18]   rebuild stablecoins: ok (159s)
[16:14:18]   rebuild stablecoins: ok (159s)
[16:14:18]   [rebuild:onchain] L0 已跳过 (每日 L0 由 run_onchain 完成; Arbitrum/Solana RPC 经代理卡死), 仅重建 L1/L2
[16:14:18]   [rebuild:onchain] L0 已跳过 (每日 L0 由 run_onchain 完成; Arbitrum/Solana RPC 经代理卡死), 仅重建 L1/L2
== 阶段4: 链上 (近 1 天 ERC-20, 近 24h mempool) ==
-- L0 --
-- L1 --
  token_transfer[arbitrum]: 1766929 行 (3 币, 2026-08-20 13:36:07.250002861+00:00~2026-08-21 13:36:08+00:00)
  onchain_daily_aggregate[arbitrum]: 6 行
chain_id token                  date_utc  transfer_count  unique_from  unique_to  volume_token  mint_count  burn_count  large_transfer_count
arbitrum   DAI 2026-08-20 00:00:00+00:00            2588          208        243  5.731967e+05           0           0                   0.0
arbitrum   DAI 2026-08-21 00:00:00+00:00            4140          276        349  1.400097e+06           0           0                   0.0
arbitrum  USDC 2026-08-20 00:00:00+00:00          544998        57967      57015  1.184183e+09        5879        3916                 152.0
arbitrum  USDC 2026-08-21 00:00:00+00:00          873927        72430      73033  2.685358e+09        9306        6695                 398.0
arbitrum  USDT 2026-08-20 00:00:00+00:00          131854        18775      19103  1.376483e+08          69         163                   6.0
arbitrum  USDT 2026-08-21 00:00:00+00:00          209422        25178      26367  2.469423e+08         141         246                  28.0
  token_transfer[ethereum]: 1506308 行 (3 币, 2026-08-19 22:42:35+00:00~2026-08-21 12:45:01.265000105+00:00)
  onchain_daily_aggregate[ethereum]: 6 行
chain_id token                  date_utc  transfer_count  unique_from  unique_to  volume_token  mint_count  burn_count  large_transfer_count
ethereum   DAI 2026-08-19 00:00:00+00:00            1819          444        547  9.480451e+08          97          79                     8
ethereum   DAI 2026-08-20 00:00:00+00:00           25471         2753       3320  4.100177e+09        1617        1360                   278
ethereum  USDC 2026-08-19 00:00:00+00:00           38600        13630      16159  3.087670e+09         279         135                   116
ethereum  USDC 2026-08-20 00:00:00+00:00          644424       132184     168678  4.221246e+10        4319        2774                  3629
ethereum  USDT 2026-08-20 00:00:00+00:00          390843       118517     154147  6.285261e+09           0           0                   839
ethereum  USDT 2026-08-21 00:00:00+00:00          405151       126572     138906  1.152886e+10           0           1                  1243
  solana_snapshot: [{'slot': 440691995, 'block_height': 418741637, 'usdc_supply': 8094247798.152079, 'tps': 4089.35, 'fetched_at': Timestamp('2026-08-21 13:03:50.007366+0000', tz='UTC')}]
  dex_volume: 4568 行 (1 DEX, 2014-02-17~2026-08-20)
  btc_blocks: 150 块
  btc_fees: [{'venue_id': 'mempool', 'fetched_at': '2026-08-20T22:53:43.871869+00:00', 'fastestFee': 5, 'halfHourFee': 4, 'hourFee': 3, 'economyFee': 2, 'minimumFee': 1}]
  oracle_snapshot: 1 对 [{'pair': 'ETH-USD', 'price': 2331.92616865}]
-- L2 --
阶段4 完成
[16:16:58]   rebuild onchain: ok (159s)
[16:16:58]   rebuild onchain: ok (159s)
[16:16:58] [rebuild] OK (409s)
[16:16:58] ======================================================================
[16:16:58] 调度完成 | 失败源: 无
[16:16:58] manifest: D:\Documents\z_python_data_analy\Quent\workspace_0817\Data_pipeline\data_foundation\data\daily_manifest.json
[16:16:58] ======================================================================
[16:17:20] ======================================================================
[16:17:20] 每日增量调度开始 | 日期戳=20260821 | ingest_date=2026-08-21
[16:17:20] 源: ['binance_klines', 'binance_funding', 'binance_stats', 'okx', 'coinbase', 'stablecoins', 'onchain', 'rebuild']
[16:17:20] 代理: http://127.0.0.1:7897 | 日志: D:\Documents\z_python_data_analy\Quent\workspace_0817\Data_pipeline\data_foundation\data\daily_run_20260821.log
[16:17:20] ======================================================================
[16:17:21]   binance 现货端点选定: https://api.binance.com
[16:17:21] [binance_klines] OK (1s)
[16:17:22] [binance_funding] OK (1s)
[16:17:24]   binance_stats: 共 0 个批次
[16:17:24] [binance_stats] OK (3s)
[16:17:25]   okx BTC: spot/swap/funding/mark/index/OI 每日批次完成
[16:17:25]   okx ETH: spot/swap/funding/mark/index/OI 每日批次完成
[16:17:25]   okx SOL: spot/swap/funding/mark/index/OI 每日批次完成
[16:17:25]   okx XRP: spot/swap/funding/mark/index/OI 每日批次完成
[16:17:25] [okx] OK (1s)
[16:17:25] [coinbase] OK (0s)
[16:17:26] [stablecoins] OK (0s)
[16:17:34]   链上窗口: 2026-08-20 00:00 UTC -> 2026-08-21 00:00 UTC (block 25792602 ~ 25799780, latest=25804652)
[16:17:34] [onchain] OK (9s)
== L1: 标准化 ==
  BTCUSDT: 1h/1d/1w + funding/OI/mark/ratio 已标准化
  ETHUSDT: 1h/1d/1w + funding/OI/mark/ratio 已标准化
  SOLUSDT: 1h/1d/1w + funding/OI/mark/ratio 已标准化
  BNBUSDT: 1h/1d/1w + funding/OI/mark/ratio 已标准化
  XRPUSDT: 1h/1d/1w + funding/OI/mark/ratio 已标准化
  ADAUSDT: 1h/1d/1w + funding/OI/mark/ratio 已标准化
  DOGEUSDT: 1h/1d/1w + funding/OI/mark/ratio 已标准化
  AVAXUSDT: 1h/1d/1w + funding/OI/mark/ratio 已标准化
  LINKUSDT: 1h/1d/1w + funding/OI/mark/ratio 已标准化
  LTCUSDT: 1h/1d/1w + funding/OI/mark/ratio 已标准化
  DOTUSDT: 1h/1d/1w + funding/OI/mark/ratio 已标准化
  UNIUSDT: 1h/1d/1w + funding/OI/mark/ratio 已标准化
  AAVEUSDT: 1h/1d/1w + funding/OI/mark/ratio 已标准化
  ARBUSDT: 1h/1d/1w + funding/OI/mark/ratio 已标准化
  POLUSDT: 1h/1d/1w + funding/OI/mark/ratio 已标准化
  instrument 表: 1929 行 -> D:\Documents\z_python_data_analy\Quent\workspace_0817\Data_pipeline\data_foundation\data\l1\instrument\binance/instruments.parquet
[16:18:04]   rebuild binance_l1: ok (28s)
[16:18:04]   rebuild binance_l1: ok (28s)
== L2: 认证 ==
  BTCUSDT: 1h/1d/1w + 衍生品 certified
  ETHUSDT: 1h/1d/1w + 衍生品 certified
  SOLUSDT: 1h/1d/1w + 衍生品 certified
  BNBUSDT: 1h/1d/1w + 衍生品 certified
  XRPUSDT: 1h/1d/1w + 衍生品 certified
  ADAUSDT: 1h/1d/1w + 衍生品 certified
  DOGEUSDT: 1h/1d/1w + 衍生品 certified
  AVAXUSDT: 1h/1d/1w + 衍生品 certified
  LINKUSDT: 1h/1d/1w + 衍生品 certified
  LTCUSDT: 1h/1d/1w + 衍生品 certified
  DOTUSDT: 1h/1d/1w + 衍生品 certified
  UNIUSDT: 1h/1d/1w + 衍生品 certified
  AAVEUSDT: 1h/1d/1w + 衍生品 certified
  ARBUSDT: 1h/1d/1w + 衍生品 certified
  POLUSDT: 1h/1d/1w + 衍生品 certified
  manifests 汇总完成
[16:18:24]   rebuild binance_l2: ok (20s)
[16:18:24]   rebuild binance_l2: ok (20s)
== OKX (BTC, ETH, SOL, XRP, days=上市日至今) ==
-- L0 --
  okx BTC: spot/swap/funding/mark/index/OI 已摄取
  okx ETH: spot/swap/funding/mark/index/OI 已摄取
  okx SOL: spot/swap/funding/mark/index/OI 已摄取
  okx XRP: spot/swap/funding/mark/index/OI 已摄取
-- L1 --
  okx BTC: spot/swap/funding/mark/index/OI 标准化
  okx ETH: spot/swap/funding/mark/index/OI 标准化
  okx SOL: spot/swap/funding/mark/index/OI 标准化
  okx XRP: spot/swap/funding/mark/index/OI 标准化
  okx instruments: 832 行
-- L2 --
  okx BTC: certified
  okx ETH: certified
  okx SOL: certified
  okx XRP: certified
-- basis --
  basis BTC: 58565 行
  basis ETH: 58355 行
  basis SOL: 48893 行
  basis XRP: 58211 行
OKX 管线完成
[16:18:59]   rebuild okx: ok (34s)
[16:18:59]   rebuild okx: ok (34s)
== Coinbase (BTC, ETH, SOL, XRP, 近 365 天) ==
-- L1 --
  coinbase BTC-USD: 8768 行
  coinbase ETH-USD: 8768 行
  coinbase SOL-USD: 8768 行
  coinbase XRP-USD: 8768 行
  coinbase instruments: 483 行
-- L2 --
  coinbase BTC-USD: certified
  coinbase ETH-USD: certified
  coinbase SOL-USD: certified
  coinbase XRP-USD: certified
Coinbase 管线完成
[16:19:00]   rebuild coinbase: ok (2s)
[16:19:00]   rebuild coinbase: ok (2s)
== 阶段3: 稳定币 ==
-- L0 --
  稳定币 L0: 0 批次
-- L1 --
  supply: 9525 行 (3 币, 2015-02-25~2026-08-19)
  flows: 6801 行 (5 指标)
  peg: 63770 行 (2 币)
-- L2 --
阶段3 完成
[16:19:45]   rebuild stablecoins: ok (45s)
[16:19:45]   rebuild stablecoins: ok (45s)
[16:19:45]   [rebuild:onchain] L0 已跳过 (每日 L0 由 run_onchain 完成; Arbitrum/Solana RPC 经代理卡死), 仅重建 L1/L2
[16:19:45]   [rebuild:onchain] L0 已跳过 (每日 L0 由 run_onchain 完成; Arbitrum/Solana RPC 经代理卡死), 仅重建 L1/L2
== 阶段4: 链上 (近 1 天 ERC-20, 近 24h mempool) ==
-- L0 --
-- L1 --
  token_transfer[arbitrum]: 1766929 行 (3 币, 2026-08-20 13:36:07.250002861+00:00~2026-08-21 13:36:08+00:00)
  onchain_daily_aggregate[arbitrum]: 6 行
chain_id token                  date_utc  transfer_count  unique_from  unique_to  volume_token  mint_count  burn_count  large_transfer_count
arbitrum   DAI 2026-08-20 00:00:00+00:00            2588          208        243  5.731967e+05           0           0                   0.0
arbitrum   DAI 2026-08-21 00:00:00+00:00            4140          276        349  1.400097e+06           0           0                   0.0
arbitrum  USDC 2026-08-20 00:00:00+00:00          544998        57967      57015  1.184183e+09        5879        3916                 152.0
arbitrum  USDC 2026-08-21 00:00:00+00:00          873927        72430      73033  2.685358e+09        9306        6695                 398.0
arbitrum  USDT 2026-08-20 00:00:00+00:00          131854        18775      19103  1.376483e+08          69         163                   6.0
arbitrum  USDT 2026-08-21 00:00:00+00:00          209422        25178      26367  2.469423e+08         141         246                  28.0
  token_transfer[ethereum]: 1506308 行 (3 币, 2026-08-19 22:42:35+00:00~2026-08-21 12:45:01.265000105+00:00)
  onchain_daily_aggregate[ethereum]: 6 行
chain_id token                  date_utc  transfer_count  unique_from  unique_to  volume_token  mint_count  burn_count  large_transfer_count
ethereum   DAI 2026-08-19 00:00:00+00:00            1819          444        547  9.480451e+08          97          79                     8
ethereum   DAI 2026-08-20 00:00:00+00:00           25471         2753       3320  4.100177e+09        1617        1360                   278
ethereum  USDC 2026-08-19 00:00:00+00:00           38600        13630      16159  3.087670e+09         279         135                   116
ethereum  USDC 2026-08-20 00:00:00+00:00          644424       132184     168678  4.221246e+10        4319        2774                  3629
ethereum  USDT 2026-08-20 00:00:00+00:00          390843       118517     154147  6.285261e+09           0           0                   839
ethereum  USDT 2026-08-21 00:00:00+00:00          405151       126572     138906  1.152886e+10           0           1                  1243
  solana_snapshot: [{'slot': 440691995, 'block_height': 418741637, 'usdc_supply': 8094247798.152079, 'tps': 4089.35, 'fetched_at': Timestamp('2026-08-21 13:03:50.007366+0000', tz='UTC')}]
  dex_volume: 4568 行 (1 DEX, 2014-02-17~2026-08-20)
  btc_blocks: 150 块
  btc_fees: [{'venue_id': 'mempool', 'fetched_at': '2026-08-20T22:53:43.871869+00:00', 'fastestFee': 5, 'halfHourFee': 4, 'hourFee': 3, 'economyFee': 2, 'minimumFee': 1}]
  oracle_snapshot: 1 对 [{'pair': 'ETH-USD', 'price': 2331.92616865}]
-- L2 --
阶段4 完成
[16:22:30]   rebuild onchain: ok (165s)
[16:22:30]   rebuild onchain: ok (165s)
[16:22:30] [rebuild] OK (296s)
[16:22:30] ======================================================================
[16:22:30] 调度完成 | 失败源: 无
[16:22:30] manifest: D:\Documents\z_python_data_analy\Quent\workspace_0817\Data_pipeline\data_foundation\data\daily_manifest.json
[16:22:30] ======================================================================
[18:30:05] ======================================================================
[18:30:05] 每日增量调度开始 | 日期戳=20260821 | ingest_date=2026-08-21
[18:30:05] 源: ['binance_klines', 'binance_funding', 'binance_stats', 'okx', 'coinbase', 'stablecoins', 'onchain', 'rebuild']
[18:30:05] 代理: http://127.0.0.1:7897 | 日志: D:\Documents\z_python_data_analy\Quent\workspace_0817\Data_pipeline\data_foundation\data\daily_run_20260821.log
[18:30:05] ======================================================================
[18:30:27]   binance 现货端点选定: https://data-api.binance.vision
[18:30:27] [binance_klines] OK (22s)
[18:32:30]   [warn] fapi.binance.com 经代理不可达 (https://fapi.binance.com/fapi/v1/ping: HTTPSConnectionPool(h), binance_funding/binance_stats 将记为失败
[18:32:30] [binance_funding] 第 1/3 次尝试失败 (123s): RuntimeError: fapi.binance.com 经代理不可达 (超时), 资金费率未抓取
[18:32:38] [binance_funding] 第 2/3 次尝试失败 (0s): RuntimeError: fapi.binance.com 经代理不可达 (超时), 资金费率未抓取
[18:32:46] [binance_funding] 第 3/3 次尝试失败 (0s): RuntimeError: fapi.binance.com 经代理不可达 (超时), 资金费率未抓取
[18:32:46] [binance_stats] 第 1/3 次尝试失败 (0s): RuntimeError: fapi.binance.com 经代理不可达 (超时), 统计接口未抓取
[18:32:54] [binance_stats] 第 2/3 次尝试失败 (0s): RuntimeError: fapi.binance.com 经代理不可达 (超时), 统计接口未抓取
[18:33:02] [binance_stats] 第 3/3 次尝试失败 (0s): RuntimeError: fapi.binance.com 经代理不可达 (超时), 统计接口未抓取
[18:33:02]   okx BTC: spot/swap/funding/mark/index/OI 每日批次完成
[18:33:02]   okx ETH: spot/swap/funding/mark/index/OI 每日批次完成
[18:33:02]   okx SOL: spot/swap/funding/mark/index/OI 每日批次完成
[18:33:02]   okx XRP: spot/swap/funding/mark/index/OI 每日批次完成
[18:33:02] [okx] OK (1s)
[18:33:02] [coinbase] OK (0s)
[18:33:02] [stablecoins] OK (0s)
[18:33:12]   链上窗口: 2026-08-20 00:00 UTC -> 2026-08-21 00:00 UTC (block 25792602 ~ 25799779, latest=25805329)
[18:33:12] [onchain] OK (9s)
== L1: 标准化 ==
  BTCUSDT: 1h/1d/1w + funding/OI/mark/ratio 已标准化
  ETHUSDT: 1h/1d/1w + funding/OI/mark/ratio 已标准化
  SOLUSDT: 1h/1d/1w + funding/OI/mark/ratio 已标准化
  BNBUSDT: 1h/1d/1w + funding/OI/mark/ratio 已标准化
  XRPUSDT: 1h/1d/1w + funding/OI/mark/ratio 已标准化
  ADAUSDT: 1h/1d/1w + funding/OI/mark/ratio 已标准化
  DOGEUSDT: 1h/1d/1w + funding/OI/mark/ratio 已标准化
  AVAXUSDT: 1h/1d/1w + funding/OI/mark/ratio 已标准化
  LINKUSDT: 1h/1d/1w + funding/OI/mark/ratio 已标准化
  LTCUSDT: 1h/1d/1w + funding/OI/mark/ratio 已标准化
  DOTUSDT: 1h/1d/1w + funding/OI/mark/ratio 已标准化
  UNIUSDT: 1h/1d/1w + funding/OI/mark/ratio 已标准化
  AAVEUSDT: 1h/1d/1w + funding/OI/mark/ratio 已标准化
  ARBUSDT: 1h/1d/1w + funding/OI/mark/ratio 已标准化
  POLUSDT: 1h/1d/1w + funding/OI/mark/ratio 已标准化
  instrument 表: 1929 行 -> D:\Documents\z_python_data_analy\Quent\workspace_0817\Data_pipeline\data_foundation\data\l1\instrument\binance/instruments.parquet
[18:34:10]   rebuild binance_l1: ok (47s)
[18:34:10]   rebuild binance_l1: ok (47s)
== L2: 认证 ==
  BTCUSDT: 1h/1d/1w + 衍生品 certified
  ETHUSDT: 1h/1d/1w + 衍生品 certified
  SOLUSDT: 1h/1d/1w + 衍生品 certified
  BNBUSDT: 1h/1d/1w + 衍生品 certified
  XRPUSDT: 1h/1d/1w + 衍生品 certified
  ADAUSDT: 1h/1d/1w + 衍生品 certified
  DOGEUSDT: 1h/1d/1w + 衍生品 certified
  AVAXUSDT: 1h/1d/1w + 衍生品 certified
  LINKUSDT: 1h/1d/1w + 衍生品 certified
  LTCUSDT: 1h/1d/1w + 衍生品 certified
  DOTUSDT: 1h/1d/1w + 衍生品 certified
  UNIUSDT: 1h/1d/1w + 衍生品 certified
  AAVEUSDT: 1h/1d/1w + 衍生品 certified
  ARBUSDT: 1h/1d/1w + 衍生品 certified
  POLUSDT: 1h/1d/1w + 衍生品 certified
  manifests 汇总完成
[18:34:45]   rebuild binance_l2: ok (35s)
[18:34:45]   rebuild binance_l2: ok (35s)
== OKX (BTC, ETH, SOL, XRP, days=上市日至今) ==
-- L0 --
  okx BTC: spot/swap/funding/mark/index/OI 已摄取
  okx ETH: spot/swap/funding/mark/index/OI 已摄取
  okx SOL: spot/swap/funding/mark/index/OI 已摄取
  okx XRP: spot/swap/funding/mark/index/OI 已摄取
-- L1 --
  okx BTC: spot/swap/funding/mark/index/OI 标准化
  okx ETH: spot/swap/funding/mark/index/OI 标准化
  okx SOL: spot/swap/funding/mark/index/OI 标准化
  okx XRP: spot/swap/funding/mark/index/OI 标准化
  okx instruments: 832 行
-- L2 --
  okx BTC: certified
  okx ETH: certified
  okx SOL: certified
  okx XRP: certified
-- basis --
  basis BTC: 58565 行
  basis ETH: 58355 行
  basis SOL: 48893 行
  basis XRP: 58211 行
OKX 管线完成
[18:35:36]   rebuild okx: ok (51s)
[18:35:36]   rebuild okx: ok (51s)
== Coinbase (BTC, ETH, SOL, XRP, 近 365 天) ==
-- L1 --
  coinbase BTC-USD: 8768 行
  coinbase ETH-USD: 8768 行
  coinbase SOL-USD: 8768 行
  coinbase XRP-USD: 8768 行
  coinbase instruments: 483 行
-- L2 --
  coinbase BTC-USD: certified
  coinbase ETH-USD: certified
  coinbase SOL-USD: certified
  coinbase XRP-USD: certified
Coinbase 管线完成
[18:35:39]   rebuild coinbase: ok (3s)
[18:35:39]   rebuild coinbase: ok (3s)
== 阶段3: 稳定币 ==
-- L0 --
  [warn] USDCUSDT K线抓取失败: HTTPSConnectionPool(host='api.binance.com', port=443): Read 
  [warn] DAIUSDT K线抓取失败: HTTPSConnectionPool(host='api.binance.com', port=443): Read 
  稳定币 L0: 0 批次
-- L1 --
  supply: 9525 行 (3 币, 2015-02-25~2026-08-19)
  flows: 6801 行 (5 指标)
  peg: 63770 行 (2 币)
-- L2 --
阶段3 完成
[18:44:37]   rebuild stablecoins: ok (538s)
[18:44:37]   rebuild stablecoins: ok (538s)
[18:44:37]   [rebuild:onchain] L0 已跳过 (每日 L0 由 run_onchain 完成; Arbitrum/Solana RPC 经代理卡死), 仅重建 L1/L2
[18:44:37]   [rebuild:onchain] L0 已跳过 (每日 L0 由 run_onchain 完成; Arbitrum/Solana RPC 经代理卡死), 仅重建 L1/L2
== 阶段4: 链上 (近 1 天 ERC-20, 近 24h mempool) ==
-- L0 --
-- L1 --
  token_transfer[arbitrum]: 1766929 行 (3 币, 2026-08-20 13:36:07.250002861+00:00~2026-08-21 13:36:08+00:00)
  onchain_daily_aggregate[arbitrum]: 6 行
chain_id token                  date_utc  transfer_count  unique_from  unique_to  volume_token  mint_count  burn_count  large_transfer_count
arbitrum   DAI 2026-08-20 00:00:00+00:00            2588          208        243  5.731967e+05           0           0                   0.0
arbitrum   DAI 2026-08-21 00:00:00+00:00            4140          276        349  1.400097e+06           0           0                   0.0
arbitrum  USDC 2026-08-20 00:00:00+00:00          544998        57967      57015  1.184183e+09        5879        3916                 152.0
arbitrum  USDC 2026-08-21 00:00:00+00:00          873927        72430      73033  2.685358e+09        9306        6695                 398.0
arbitrum  USDT 2026-08-20 00:00:00+00:00          131854        18775      19103  1.376483e+08          69         163                   6.0
arbitrum  USDT 2026-08-21 00:00:00+00:00          209422        25178      26367  2.469423e+08         141         246                  28.0
  token_transfer[ethereum]: 1506308 行 (3 币, 2026-08-19 22:42:35+00:00~2026-08-21 12:45:01.265000105+00:00)
  onchain_daily_aggregate[ethereum]: 6 行
chain_id token                  date_utc  transfer_count  unique_from  unique_to  volume_token  mint_count  burn_count  large_transfer_count
ethereum   DAI 2026-08-19 00:00:00+00:00            1819          444        547  9.480451e+08          97          79                     8
ethereum   DAI 2026-08-20 00:00:00+00:00           25471         2753       3320  4.100177e+09        1617        1360                   278
ethereum  USDC 2026-08-19 00:00:00+00:00           38600        13630      16159  3.087670e+09         279         135                   116
ethereum  USDC 2026-08-20 00:00:00+00:00          644424       132184     168678  4.221246e+10        4319        2774                  3629
ethereum  USDT 2026-08-20 00:00:00+00:00          390843       118517     154147  6.285261e+09           0           0                   839
ethereum  USDT 2026-08-21 00:00:00+00:00          405151       126572     138906  1.152886e+10           0           1                  1243
  solana_snapshot: [{'slot': 440691995, 'block_height': 418741637, 'usdc_supply': 8094247798.152079, 'tps': 4089.35, 'fetched_at': Timestamp('2026-08-21 13:03:50.007366+0000', tz='UTC')}]
  dex_volume: 4568 行 (1 DEX, 2014-02-17~2026-08-20)
  btc_blocks: 150 块
  btc_fees: [{'venue_id': 'mempool', 'fetched_at': '2026-08-20T22:53:43.871869+00:00', 'fastestFee': 5, 'halfHourFee': 4, 'hourFee': 3, 'economyFee': 2, 'minimumFee': 1}]
  oracle_snapshot: 1 对 [{'pair': 'ETH-USD', 'price': 2331.92616865}]
-- L2 --
阶段4 完成
[18:49:54]   rebuild onchain: ok (318s)
[18:49:54]   rebuild onchain: ok (318s)
[18:49:54] [rebuild] OK (1003s)
[18:49:55] ======================================================================
[18:49:55] 调度完成 | 失败源: ['binance_funding', 'binance_stats']
[18:49:55] manifest: D:\Documents\z_python_data_analy\Quent\workspace_0817\Data_pipeline\data_foundation\data\daily_manifest.json
[18:49:55] ======================================================================
[20:07:17] ======================================================================
[20:07:17] 每日增量调度开始 | 日期戳=20260821 | ingest_date=2026-08-21
[20:07:17] 源: ['metadata']
[20:07:17] 代理: http://127.0.0.1:7897 | 日志: D:\Documents\z_python_data_analy\Quent\workspace_0817\Data_pipeline\data_foundation\data\daily_run_20260821.log
[20:07:17] ======================================================================
[20:07:18]   metadata binance_spot: 今日批次已存在, 跳过抓取 (幂等)
[20:07:18]   metadata binance_perp: 今日批次已存在, 跳过抓取 (幂等)
[20:07:18]   metadata okx: 今日批次已存在, 跳过抓取 (幂等)
[20:07:18]   metadata coinbase: 今日批次已存在, 跳过抓取 (幂等)
[20:07:18]   metadata 完成: 新写批次 0, 各 venue PIT 已重认证
[20:07:18] [metadata] OK (1s)
[20:07:18] ======================================================================
[20:07:18] 调度完成 | 失败源: 无
[20:07:18] manifest: D:\Documents\z_python_data_analy\Quent\workspace_0817\Data_pipeline\data_foundation\data\daily_manifest.json
[20:07:18] ======================================================================
[20:12:41] ======================================================================
[20:12:41] 每日增量调度开始 | 日期戳=20260821 | ingest_date=2026-08-21
[20:12:41] 源: ['metadata']
[20:12:41] 代理: http://127.0.0.1:7897 | 日志: D:\Documents\z_python_data_analy\Quent\workspace_0817\Data_pipeline\data_foundation\data\daily_run_20260821.log
[20:12:41] ======================================================================
[20:12:42]   metadata binance_spot: 今日批次已存在, 跳过抓取 (幂等)
[20:12:42]   metadata binance_perp: 今日批次已存在, 跳过抓取 (幂等)
[20:12:42]   metadata okx: 今日批次已存在, 跳过抓取 (幂等)
[20:12:42]   metadata coinbase: 今日批次已存在, 跳过抓取 (幂等)
[20:12:43]   metadata 完成: 新写批次 0, 各 venue PIT 已重认证
[20:12:43] [metadata] OK (2s)
[20:12:43] ======================================================================
[20:12:43] 调度完成 | 失败源: 无
[20:12:43] manifest: D:\Documents\z_python_data_analy\Quent\workspace_0817\Data_pipeline\data_foundation\data\daily_manifest.json
[20:12:43] ======================================================================
