[13:09:52] ======================================================================
[13:09:52] 每日增量调度开始 | 日期戳=20260920 | ingest_date=2026-09-20
[13:09:52] 源: ['binance_klines', 'binance_funding', 'binance_stats', 'okx', 'coinbase', 'stablecoins', 'onchain', 'metadata', 'sentiment_macro', 'tron', 'cross_deriv', 'universe', 'rebuild']
[13:09:52] 代理: http://127.0.0.1:7897 | 日志: D:\Documents\z_python_data_analy\Quent\workspace_0817\Data_pipeline\data_foundation\data\daily_run_20260920.log
[13:10:54] 网络链路探测: T0_vision=不可用, T1_p7897=不可用, T2_p7900=不可用, T2_p7906=不可用, T2_p7907=不可用, T2_p7904=不可用, T2_p7902=不可用, T3_socks5h=不可用, T3_doh_pin=不可用
[13:10:54] ======================================================================
[13:11:09] netpath 切换通道 -> T2_p7900
[13:11:09]   binance 现货端点选定: https://data-api.binance.vision
[13:11:30] netpath 切换通道 -> T2_p7900
[13:11:52] netpath 切换通道 -> T2_p7906
[13:11:52]   BTCUSDT: 73 根 -> BTCUSDT_daily_20260920
[13:11:52]   ETHUSDT: 73 根 -> ETHUSDT_daily_20260920
[13:11:53]   SOLUSDT: 73 根 -> SOLUSDT_daily_20260920
[13:11:53]   BNBUSDT: 73 根 -> BNBUSDT_daily_20260920
[13:11:53]   XRPUSDT: 73 根 -> XRPUSDT_daily_20260920
[13:11:53]   ADAUSDT: 73 根 -> ADAUSDT_daily_20260920
[13:11:54]   DOGEUSDT: 73 根 -> DOGEUSDT_daily_20260920
[13:11:54]   AVAXUSDT: 73 根 -> AVAXUSDT_daily_20260920
[13:11:54]   LINKUSDT: 73 根 -> LINKUSDT_daily_20260920
[13:11:54]   LTCUSDT: 73 根 -> LTCUSDT_daily_20260920
[13:11:54]   DOTUSDT: 73 根 -> DOTUSDT_daily_20260920
[13:11:55]   UNIUSDT: 73 根 -> UNIUSDT_daily_20260920
[13:11:55]   AAVEUSDT: 73 根 -> AAVEUSDT_daily_20260920
[13:11:55]   ARBUSDT: 73 根 -> ARBUSDT_daily_20260920
[13:11:55]   POLUSDT: 73 根 -> POLUSDT_daily_20260920
[13:11:55] [binance_klines] OK (62s)
[13:12:10] netpath 切换通道 -> T2_p7907
[13:12:30] netpath 切换通道 -> T2_p7904
[13:12:58]   [warn] fapi.binance.com 经代理不可达 (netpath 全通道失败 (5 次尝试) https://fapi.binance.com/fapi/v1/ping:), binance_funding/binance_stats 将记为失败
[13:12:58] [binance_funding] 第 1/3 次尝试失败 (63s): RuntimeError: fapi.binance.com 经代理不可达 (超时), 资金费率未抓取
[13:13:06] [binance_funding] 第 2/3 次尝试失败 (0s): RuntimeError: fapi.binance.com 经代理不可达 (超时), 资金费率未抓取
[13:13:14] [binance_funding] 第 3/3 次尝试失败 (0s): RuntimeError: fapi.binance.com 经代理不可达 (超时), 资金费率未抓取
[13:13:14] [binance_stats] 第 1/3 次尝试失败 (0s): RuntimeError: fapi.binance.com 经代理不可达 (超时), 统计接口未抓取
[13:13:22] [binance_stats] 第 2/3 次尝试失败 (0s): RuntimeError: fapi.binance.com 经代理不可达 (超时), 统计接口未抓取
[13:13:30] [binance_stats] 第 3/3 次尝试失败 (0s): RuntimeError: fapi.binance.com 经代理不可达 (超时), 统计接口未抓取
[13:13:42] netpath 切换通道 -> T2_p7907
[13:13:58] netpath 切换通道 -> T2_p7904
[13:14:24] netpath 切换通道 -> T2_p7902
[13:14:53] netpath 切换通道 -> T3_socks5h
[13:15:02] netpath 切换通道 -> T2_p7907
[13:15:19] netpath 切换通道 -> T2_p7904
[13:16:07] netpath 切换通道 -> T2_p7902
[13:16:35] netpath 切换通道 -> T3_socks5h
[13:16:35] [okx] 第 1/3 次尝试失败 (185s): RuntimeError: netpath 全通道失败 (8 次尝试) https://www.okx.com/api/v5/market/history-candles: T2_p7904:HTTPSConnectionPool(host='www.okx.com', port=443): Max retries exceede | T2_p7904:HTTPSConnectionPool(host='www.okx.com', port=443): Max retries exceede | T2_p7902:HTTPSConnectionPool(host='www.okx.com', port=443): Max
[13:16:54] netpath 切换通道 -> T2_p7907
[13:17:10] netpath 切换通道 -> T2_p7904
[13:18:09] netpath 切换通道 -> T2_p7902
[13:18:37] netpath 切换通道 -> T3_socks5h
[13:18:48] netpath 切换通道 -> T2_p7907
[13:19:07] netpath 切换通道 -> T2_p7904
[13:19:33] netpath 切换通道 -> T2_p7902
[13:20:26]   okx BTC: spot/swap/funding/mark/index/OI 每日批次完成
[13:20:36]   okx ETH: spot/swap/funding/mark/index/OI 每日批次完成
[13:20:46]   okx SOL: spot/swap/funding/mark/index/OI 每日批次完成
[13:20:57]   okx XRP: spot/swap/funding/mark/index/OI 每日批次完成
[13:20:57] [okx] OK (253s)
[13:20:59]   coinbase BTC-USD: 72 根 -> BTCUSD_cb_daily_20260920
[13:21:00]   coinbase ETH-USD: 72 根 -> ETHUSD_cb_daily_20260920
[13:21:30] netpath 切换通道 -> T3_socks5h
[13:21:30]   coinbase SOL-USD: 72 根 -> SOLUSD_cb_daily_20260920
[13:21:32]   coinbase XRP-USD: 72 根 -> XRPUSD_cb_daily_20260920
[13:21:32] [coinbase] OK (35s)
[13:21:53]   defillama 供应量快照: [['defillama', '2026-09-20', 'USDT', '183353983069.52'], ['defillama', '2026-09-20', 'USDC', '74355437272.25'], ['defillama', '2026-09-20', 'DAI', '4802661992.57']]
[13:21:56]   ercin stablecoin_exchange_inflow_total: 已重下载
[13:21:57]   ercin stablecoin_exchange_netflow: 已重下载
[13:21:57]   ercin stablecoin_exchange_outflow_total: 已重下载
[13:21:57]   ercin stablecoin_exchange_reserve: 已重下载
[13:21:58]   ercin stablecoin_exchange_supply_ratio: 已重下载
[13:22:00]   peg USDCUSDT: 73 根 -> USDCUSDT_peg_daily_20260920 (ok)
[13:22:01]   [warn] peg DAIUSDT: 近 3 天无数据, 写入空批次 (empty: 该交易对近 3 天无成交 (DAIUSDT 自 2020-08 起 Binance 现货停牌))
[13:22:01]   peg DAIUSDT: 0 根 -> DAIUSDT_peg_daily_20260920 (empty: 该交易对近 3 天无成交 (DAIUSDT 自 2020-08 起 Binance 现货停牌))
[13:22:01] [stablecoins] OK (29s)
[13:22:04]   链上窗口: 2026-09-19 00:00 UTC -> 2026-09-20 00:00 UTC (block 26007835 ~ 26014998, latest=26018992)
[13:22:40]   [warn] USDT 日志抓取失败: https://rpc.mevblocker.io: {'jsonrpc': '2.0', 'id': 1, 'error': {'code': -32005, (已跳过该币)
[13:23:11]   [warn] USDC 日志抓取失败: https://rpc.mevblocker.io: {'jsonrpc': '2.0', 'id': 1, 'error': {'code': -32005, (已跳过该币)
[13:23:57]   DAI: 14368 条日志 -> DAI_transfer_logs_daily_20260920
[13:24:17]   mempool blocks: 150 块
[13:24:46]   chainlink: {'ETH-USD': {'roundId': 129127208515966895153, 'answer': 257942171199, 'startedAt': 1789909327, 'updatedAt': 1789909343, 'answeredInRound': 129127208515966895153}, 'fetched_at': '2026-09-20T13:24:46.751437+00:00'}
[13:24:46]   onchain 备注: USDT: 抓取失败 https://rpc.mevblocker.io: {'jsonrpc': '2.0', 'id': 1, 'error': {'code': -32005,; USDC: 抓取失败 https://rpc.mevblocker.io: {'jsonrpc': '2.0', 'id': 1, 'error': {'code': -32005,
[13:24:46] [onchain] OK (166s)
[13:25:23] netpath 切换通道 -> T3_doh_pin
[13:26:31] netpath 切换通道 -> T0_vision
[13:26:42]   metadata binance_spot: binance /api/v3/exchangeInfo (现货, 全 symbol) -> metadata_binance_spot_20260920
[13:26:53] netpath 切换通道 -> T2_p7900
[13:27:31] netpath 切换通道 -> T2_p7906
[13:27:55] netpath 切换通道 -> T2_p7907
[13:28:27] netpath 切换通道 -> T2_p7904
[13:28:27] [metadata] 第 1/3 次尝试失败 (221s): RuntimeError: netpath 全通道失败 (8 次尝试) https://fapi.binance.com/fapi/v1/exchangeInfo: T2_p7906:HTTPSConnectionPool(host='fapi.binance.com', port=443): Max retries ex | T2_p7906:HTTPSConnectionPool(host='fapi.binance.com', port=443): Max retries ex | T2_p7907:HTTPSConnectionPool(host='fapi.binance.com', port=443): Ma
[13:28:35]   metadata binance_spot: 今日批次已存在, 跳过抓取 (幂等)
[13:29:19] netpath 切换通道 -> T2_p7900
[13:29:39] netpath 切换通道 -> T2_p7906
[13:30:02] netpath 切换通道 -> T2_p7907
[13:30:34] netpath 切换通道 -> T2_p7904
[13:30:34] [metadata] 第 2/3 次尝试失败 (119s): RuntimeError: netpath 全通道失败 (8 次尝试) https://fapi.binance.com/fapi/v1/exchangeInfo: T2_p7906:HTTPSConnectionPool(host='fapi.binance.com', port=443): Max retries ex | T2_p7906:HTTPSConnectionPool(host='fapi.binance.com', port=443): Max retries ex | T2_p7907:HTTPSConnectionPool(host='fapi.binance.com', port=443): Ma
[13:30:42]   metadata binance_spot: 今日批次已存在, 跳过抓取 (幂等)
[13:30:53] netpath 切换通道 -> T2_p7900
[13:31:13] netpath 切换通道 -> T2_p7906
[13:31:38] netpath 切换通道 -> T2_p7907
[13:32:11] netpath 切换通道 -> T2_p7904
[13:32:11] [metadata] 第 3/3 次尝试失败 (88s): RuntimeError: netpath 全通道失败 (8 次尝试) https://fapi.binance.com/fapi/v1/exchangeInfo: T2_p7906:HTTPSConnectionPool(host='fapi.binance.com', port=443): Max retries ex | T2_p7906:HTTPSConnectionPool(host='fapi.binance.com', port=443): Max retries ex | T2_p7907:HTTPSConnectionPool(host='fapi.binance.com', port=443): Ma
[13:33:24] [sentiment_macro] OK (73s)
[13:37:19] [tron] OK (235s)
[13:39:48] [cross_deriv] OK (149s)
[13:39:48] [universe] 第 1/3 次尝试失败 (0s): ArrowInvalid: Could not open Parquet input source '<Buffer>': Parquet magic bytes not found in footer. Either the file is corrupted or this is not a parquet file.
[13:39:56] [universe] 第 2/3 次尝试失败 (0s): ArrowInvalid: Could not open Parquet input source '<Buffer>': Parquet magic bytes not found in footer. Either the file is corrupted or this is not a parquet file.
[13:40:04] [universe] 第 3/3 次尝试失败 (0s): ArrowInvalid: Could not open Parquet input source '<Buffer>': Parquet magic bytes not found in footer. Either the file is corrupted or this is not a parquet file.
== L1: 标准化 ==
  BTCUSDT: 1h/1d/1w + funding/OI/mark/ratio 已标准化
  ETHUSDT: 1h/1d/1w + funding/OI/mark/ratio 已标准化
  SOLUSDT: 1h/1d/1w + funding/OI/mark/ratio 已标准化
  BNBUSDT: 1h/1d/1w + funding/OI/mark/ratio 已标准化
  XRPUSDT: 1h/1d/1w + funding/OI/mark/ratio 已标准化
  ADAUSDT: 1h/1d/1w + funding/OI/mark/ratio 已标准化
  DOGEUSDT: 1h/1d/1w + funding/OI/mark/ratio 已标准化
  AVAXUSDT: 1h/1d/1w + funding/OI/mark/ratio 已标准化
  LINKUSDT: 1h/1d/1w + funding/OI/mark/ratio 已标准化
  LTCUSDT: 1h/1d/1w + funding/OI/mark/ratio 已标准化
  DOTUSDT: 1h/1d/1w + funding/OI/mark/ratio 已标准化
  UNIUSDT: 1h/1d/1w + funding/OI/mark/ratio 已标准化
  AAVEUSDT: 1h/1d/1w + funding/OI/mark/ratio 已标准化
  ARBUSDT: 1h/1d/1w + funding/OI/mark/ratio 已标准化
  POLUSDT: 1h/1d/1w + funding/OI/mark/ratio 已标准化
  [skip] instrument 已是 PIT 快照历史, 由 run_daily metadata 源维护
[13:43:16]   rebuild binance_l1: ok (192s)
[13:43:16]   rebuild binance_l1: ok (192s)
== L2: 认证 ==
  BTCUSDT: 1h/1d/1w + 衍生品 certified
  ETHUSDT: 1h/1d/1w + 衍生品 certified
  SOLUSDT: 1h/1d/1w + 衍生品 certified
  BNBUSDT: 1h/1d/1w + 衍生品 certified
  XRPUSDT: 1h/1d/1w + 衍生品 certified
  ADAUSDT: 1h/1d/1w + 衍生品 certified
  DOGEUSDT: 1h/1d/1w + 衍生品 certified
  AVAXUSDT: 1h/1d/1w + 衍生品 certified
  LINKUSDT: 1h/1d/1w + 衍生品 certified
  LTCUSDT: 1h/1d/1w + 衍生品 certified
  DOTUSDT: 1h/1d/1w + 衍生品 certified
  UNIUSDT: 1h/1d/1w + 衍生品 certified
  AAVEUSDT: 1h/1d/1w + 衍生品 certified
  ARBUSDT: 1h/1d/1w + 衍生品 certified
  POLUSDT: 1h/1d/1w + 衍生品 certified
  manifests 汇总完成
[13:44:41]   rebuild binance_l2: ok (85s)
[13:44:41]   rebuild binance_l2: ok (85s)
== OKX (BTC, ETH, SOL, XRP, days=上市日至今) ==
-- L0 --
  okx BTC: spot/swap/funding/mark/index/OI 已摄取
  okx ETH: spot/swap/funding/mark/index/OI 已摄取
  okx SOL: spot/swap/funding/mark/index/OI 已摄取
  okx XRP: spot/swap/funding/mark/index/OI 已摄取
-- L1 --
  okx BTC: spot/swap/funding/mark/index/OI 标准化
  okx ETH: spot/swap/funding/mark/index/OI 标准化
  okx SOL: spot/swap/funding/mark/index/OI 标准化
  okx XRP: spot/swap/funding/mark/index/OI 标准化
  okx instruments: 832 行
-- L2 --
  okx BTC: certified
  okx ETH: certified
  okx SOL: certified
  okx XRP: certified
-- basis --
  basis BTC: 59252 行
  basis ETH: 59062 行
  basis SOL: 49600 行
  basis XRP: 58918 行
OKX 管线完成
[13:45:43]   rebuild okx: ok (61s)
[13:45:43]   rebuild okx: ok (61s)
== Coinbase (BTC, ETH, SOL, XRP, 近 365 天) ==
-- L1 --
  coinbase BTC-USD: 97717 行
  coinbase ETH-USD: 90308 行
  coinbase SOL-USD: 45946 行
  coinbase XRP-USD: 44432 行
  coinbase instruments: 483 行
-- L2 --
  coinbase BTC-USD: certified
  coinbase ETH-USD: certified
  coinbase SOL-USD: certified
  coinbase XRP-USD: certified
Coinbase 管线完成
[13:45:57]   rebuild coinbase: ok (14s)
[13:45:57]   rebuild coinbase: ok (14s)
== 阶段3: 稳定币 ==
-- L0 --
  稳定币 L0: 0 批次
-- L1 --
  supply: 9525 行 (3 币, 2015-02-25~2026-08-19)
  flows: 6951 行 (5 指标)
  peg: 64352 行 (2 币)
-- L2 --
阶段3 完成
[13:47:06]   rebuild stablecoins: ok (70s)
[13:47:06]   rebuild stablecoins: ok (70s)
[13:47:06]   [rebuild:onchain] L0 已跳过 (每日 L0 由 run_onchain 完成; Arbitrum/Solana RPC 经代理卡死), 仅重建 L1/L2
[13:47:06]   [rebuild:onchain] L0 已跳过 (每日 L0 由 run_onchain 完成; Arbitrum/Solana RPC 经代理卡死), 仅重建 L1/L2
== 阶段4: 链上 (近 1 天 ERC-20, 近 24h mempool) ==
-- L0 --
-- L1 --
[ethereum] 文件: 回填 57 个 (.gz), 遗留 29 个
    ethereum 2026-08-01: +17678 行 (suspect=0)
    ethereum 2026-08-02: +17577 行 (suspect=0)
    ethereum 2026-08-03: +15810 行 (suspect=0)
    ethereum 2026-08-04: +18431 行 (suspect=0)
    ethereum 2026-08-05: +17631 行 (suspect=0)
    ethereum 2026-08-06: +20114 行 (suspect=0)
    ethereum 2026-08-07: +22156 行 (suspect=0)
    ethereum 2026-08-08: +22796 行 (suspect=0)
    ethereum 2026-08-09: +17891 行 (suspect=0)
    ethereum 2026-08-10: +24288 行 (suspect=0)
  [ethereum] 进度 10/86, 累计读取 194372 行, 11s
    ethereum 2026-08-11: +26641 行 (suspect=0)
    ethereum 2026-08-12: +22690 行 (suspect=0)
    ethereum 2026-08-13: +20396 行 (suspect=0)
    ethereum 2026-08-14: +16720 行 (suspect=0)
    ethereum 2026-08-15: +12118 行 (suspect=0)
    ethereum 2026-08-16: +13208 行 (suspect=0)
    ethereum 2026-08-17: +16188 行 (suspect=0)
    ethereum 2026-08-18: +14331 行 (suspect=0)
    ethereum 2026-08-01: +598484 行 (suspect=0)
    ethereum 2026-08-02: +470578 行 (suspect=0)
  [ethereum] 进度 20/86, 累计读取 1405726 行, 63s
    ethereum 2026-08-03: +582954 行 (suspect=0)
    ethereum 2026-08-04: +681434 行 (suspect=0)
    ethereum 2026-08-05: +624023 行 (suspect=0)
    ethereum 2026-08-06: +558467 行 (suspect=0)
    ethereum 2026-08-07: +710019 行 (suspect=0)
    ethereum 2026-08-08: +735588 行 (suspect=0)
    ethereum 2026-08-09: +436471 行 (suspect=0)
    ethereum 2026-08-10: +659275 行 (suspect=0)
    ethereum 2026-08-11: +761429 行 (suspect=0)
    ethereum 2026-08-12: +635374 行 (suspect=0)
  [ethereum] 进度 30/86, 累计读取 7790760 行, 310s
    ethereum 2026-08-13: +576999 行 (suspect=0)
    ethereum 2026-08-14: +544570 行 (suspect=0)
    ethereum 2026-08-15: +372355 行 (suspect=0)
    ethereum 2026-08-16: +367853 行 (suspect=0)
    ethereum 2026-08-17: +504668 行 (suspect=0)
    ethereum 2026-08-18: +479392 行 (suspect=0)
    ethereum 2026-08-01: +839322 行 (suspect=0)
    ethereum 2026-08-02: +673052 行 (suspect=0)
    ethereum 2026-08-03: +706817 行 (suspect=0)
    ethereum 2026-08-04: +875153 行 (suspect=0)
  [ethereum] 进度 40/86, 累计读取 13730941 行, 567s
    ethereum 2026-08-05: +881698 行 (suspect=0)
    ethereum 2026-08-06: +771880 行 (suspect=0)
    ethereum 2026-08-07: +1027535 行 (suspect=0)
    ethereum 2026-08-08: +1243174 行 (suspect=0)
    ethereum 2026-08-09: +648694 行 (suspect=0)
    ethereum 2026-08-10: +894563 行 (suspect=0)
    ethereum 2026-08-11: +1024473 行 (suspect=0)
    ethereum 2026-08-12: +850019 行 (suspect=0)
    ethereum 2026-08-13: +739094 行 (suspect=0)
    ethereum 2026-08-14: +715596 行 (suspect=0)
  [ethereum] 进度 50/86, 累计读取 22527667 行, 925s
    ethereum 2026-08-15: +542457 行 (suspect=0)
    ethereum 2026-08-16: +529394 行 (suspect=0)
    ethereum 2026-08-17: +678346 行 (suspect=0)
    ethereum 2026-08-18: +672370 行 (suspect=0)
    ethereum 2026-08-19: +650609 行 (suspect=0)
    ethereum 2026-08-19: +19465 行 (suspect=0)
    ethereum 2026-08-19: +522782 行 (suspect=0)
    ethereum 2026-08-19: +1823 行 (suspect=0)
    ethereum 2026-08-20: +25467 行 (suspect=0)
    ethereum 2026-08-19: +38696 行 (suspect=0)
    ethereum 2026-08-20: +644328 行 (suspect=0)
    ethereum 2026-08-20: +1196 行 (suspect=0)
    ethereum 2026-08-21: +1 行 (suspect=0)
  [ethereum] 进度 60/86, 累计读取 26880068 行, 1076s
    ethereum 2026-08-20: +29076 行 (suspect=0)
    ethereum 2026-08-21: +17 行 (suspect=0)
    ethereum 2026-08-20: +709281 行 (suspect=0)
    ethereum 2026-08-20: +141322 行 (suspect=0)
    ethereum 2026-08-21: +405151 行 (suspect=0)
    ethereum 2026-08-21: +24838 行 (suspect=0)
    ethereum 2026-08-22: +5 行 (suspect=0)
    ethereum 2026-08-21: +640948 行 (suspect=0)
    ethereum 2026-08-22: +78 行 (suspect=0)
    ethereum 2026-08-21: +288463 行 (suspect=0)
    ethereum 2026-08-22: +63 行 (suspect=0)
    ethereum 2026-08-22: +24638 行 (suspect=0)
    ethereum 2026-08-23: +2 行 (suspect=0)
    ethereum 2026-08-22: +609161 行 (suspect=0)
    ethereum 2026-08-23: +81 行 (suspect=0)
    ethereum 2026-08-22: +702514 行 (suspect=0)
    ethereum 2026-08-23: +23612 行 (suspect=0)
    ethereum 2026-08-24: +8 行 (suspect=0)
  [ethereum] 进度 70/86, 累计读取 31778657 行, 1244s
    ethereum 2026-08-23: +609277 行 (suspect=0)
    ethereum 2026-08-24: +147 行 (suspect=0)
    ethereum 2026-08-23: +710360 行 (suspect=0)
    ethereum 2026-08-27: +22168 行 (suspect=0)
    ethereum 2026-08-28: +4 行 (suspect=0)
    ethereum 2026-08-27: +607417 行 (suspect=0)
    ethereum 2026-08-28: +83 行 (suspect=0)
    ethereum 2026-08-28: +21569 行 (suspect=0)
    ethereum 2026-08-29: +13 行 (suspect=0)
    ethereum 2026-08-28: +620671 行 (suspect=0)
    ethereum 2026-08-29: +119 行 (suspect=0)
    ethereum 2026-08-28: +710301 行 (suspect=0)
    ethereum 2026-08-30: +17437 行 (suspect=0)
    ethereum 2026-08-31: +4 行 (suspect=0)
    ethereum 2026-08-30: +513432 行 (suspect=0)
    ethereum 2026-08-31: +104 行 (suspect=0)
    ethereum 2026-08-30: +622640 行 (suspect=0)
    ethereum 2026-08-31: +116 行 (suspect=0)
  [ethereum] 进度 80/86, 累计读取 36234687 行, 1426s
    ethereum 2026-09-01: +19135 行 (suspect=0)
    ethereum 2026-09-02: +5 行 (suspect=0)
    ethereum 2026-09-04: +22365 行 (suspect=0)
    ethereum 2026-09-11: +19172 行 (suspect=0)
    ethereum 2026-09-12: +13214 行 (suspect=0)
    ethereum 2026-09-18: +21061 行 (suspect=0)
    ethereum 2026-09-19: +1 行 (suspect=0)
    ethereum 2026-09-19: +14360 行 (suspect=0)
    ethereum 2026-09-20: +5 行 (suspect=0)
[ethereum] 完成: 读取 36344008 行 -> 写入 35019039 行 (去重 1324969), 聚合 108 组, 1444s
[arbitrum] 文件: 回填 54 个 (.gz), 遗留 3 个
    arbitrum 2026-08-01: +1036 行 (suspect=0)
    arbitrum 2026-08-02: +1256 行 (suspect=0)
    arbitrum 2026-08-03: +1616 行 (suspect=0)
    arbitrum 2026-08-04: +1371 行 (suspect=0)
    arbitrum 2026-08-05: +1627 行 (suspect=0)
    arbitrum 2026-08-06: +1428 行 (suspect=0)
    arbitrum 2026-08-07: +1106 行 (suspect=0)
    arbitrum 2026-08-08: +675 行 (suspect=0)
    arbitrum 2026-08-09: +1791 行 (suspect=0)
    arbitrum 2026-08-10: +1286 行 (suspect=0)
  [arbitrum] 进度 10/57, 累计读取 13192 行, 1553s
    arbitrum 2026-08-11: +3619 行 (suspect=0)
    arbitrum 2026-08-12: +2202 行 (suspect=0)
    arbitrum 2026-08-13: +1202 行 (suspect=0)
    arbitrum 2026-08-14: +1134 行 (suspect=0)
    arbitrum 2026-08-15: +533 行 (suspect=0)
    arbitrum 2026-08-16: +696 行 (suspect=0)
    arbitrum 2026-08-17: +1493 行 (suspect=0)
    arbitrum 2026-08-18: +1636 行 (suspect=0)
    arbitrum 2026-08-01: +792990 行 (suspect=0)
    arbitrum 2026-08-02: +710947 行 (suspect=0)
    arbitrum 2026-08-03: +1 行 (suspect=0)
  [arbitrum] 进度 20/57, 累计读取 1529645 行, 1596s
    arbitrum 2026-08-03: +1030046 行 (suspect=0)
    arbitrum 2026-08-04: +983391 行 (suspect=0)
    arbitrum 2026-08-05: +4 行 (suspect=0)
    arbitrum 2026-08-05: +994830 行 (suspect=0)
    arbitrum 2026-08-06: +943122 行 (suspect=0)
    arbitrum 2026-08-07: +883938 行 (suspect=0)
    arbitrum 2026-08-08: +2 行 (suspect=0)
    arbitrum 2026-08-08: +596313 行 (suspect=0)
    arbitrum 2026-08-09: +628269 行 (suspect=0)
    arbitrum 2026-08-10: +840825 行 (suspect=0)
    arbitrum 2026-08-11: +830406 行 (suspect=0)
    arbitrum 2026-08-12: +796635 行 (suspect=0)
    arbitrum 2026-08-13: +1 行 (suspect=0)
  [arbitrum] 进度 30/57, 累计读取 10057428 行, 1831s
    arbitrum 2026-08-13: +766030 行 (suspect=0)
    arbitrum 2026-08-14: +821563 行 (suspect=0)
    arbitrum 2026-08-15: +557253 行 (suspect=0)
    arbitrum 2026-08-16: +571482 行 (suspect=0)
    arbitrum 2026-08-17: +835198 行 (suspect=0)
    arbitrum 2026-08-18: +1 行 (suspect=0)
    arbitrum 2026-08-18: +805002 行 (suspect=0)
    arbitrum 2026-08-19: +4 行 (suspect=0)
    arbitrum 2026-08-01: +207328 行 (suspect=0)
    arbitrum 2026-08-02: +1 行 (suspect=0)
    arbitrum 2026-08-02: +183404 行 (suspect=0)
    arbitrum 2026-08-03: +229007 行 (suspect=0)
    arbitrum 2026-08-04: +303528 行 (suspect=0)
  [arbitrum] 进度 40/57, 累计读取 15337229 行, 1977s
    arbitrum 2026-08-05: +316334 行 (suspect=0)
    arbitrum 2026-08-06: +246926 行 (suspect=0)
    arbitrum 2026-08-07: +201492 行 (suspect=0)
    arbitrum 2026-08-08: +1 行 (suspect=0)
    arbitrum 2026-08-08: +166924 行 (suspect=0)
    arbitrum 2026-08-09: +175337 行 (suspect=0)
    arbitrum 2026-08-10: +175503 行 (suspect=0)
    arbitrum 2026-08-11: +181106 行 (suspect=0)
    arbitrum 2026-08-12: +238250 行 (suspect=0)
    arbitrum 2026-08-13: +259813 行 (suspect=0)
    arbitrum 2026-08-14: +229568 行 (suspect=0)
  [arbitrum] 进度 50/57, 累计读取 17528483 行, 2045s
    arbitrum 2026-08-15: +210834 行 (suspect=0)
    arbitrum 2026-08-16: +176473 行 (suspect=0)
    arbitrum 2026-08-17: +187789 行 (suspect=0)
    arbitrum 2026-08-18: +170220 行 (suspect=0)
    arbitrum 2026-08-20: +2588 行 (suspect=0)
    arbitrum 2026-08-21: +4140 行 (suspect=0)
    arbitrum 2026-08-20: +544998 行 (suspect=0)
    arbitrum 2026-08-21: +873927 行 (suspect=0)
    arbitrum 2026-08-20: +131854 行 (suspect=0)
    arbitrum 2026-08-21: +209422 行 (suspect=0)
[arbitrum] 完成: 读取 20040728 行 -> 写入 20040727 行 (去重 1), 聚合 68 组, 2126s
[arbitrum] onchain_daily_aggregate: 68 行 (2026-08-01 ~ 2026-08-21)
[ethereum] onchain_daily_aggregate: 108 行 (2026-08-01 ~ 2026-09-20)
streaming build 完成: token_transfer 55059766 行, aggregate 176 行, 总耗时 36 分钟
  solana_snapshot: [{'slot': 440691995, 'block_height': 418741637, 'usdc_supply': 8094247798.152079, 'tps': 4089.35, 'fetched_at': Timestamp('2026-08-21 13:03:50.007366+0000', tz='UTC')}]
  dex_volume: 4568 行 (1 DEX, 2014-02-17~2026-08-20)
  btc_blocks: 150 块
  btc_fees: [{'venue_id': 'mempool', 'fetched_at': '2026-08-20T22:53:43.871869+00:00', 'fastestFee': 5, 'halfHourFee': 4, 'hourFee': 3, 'economyFee': 2, 'minimumFee': 1}]
  oracle_snapshot: 1 对 [{'pair': 'ETH-USD', 'price': 2331.92616865}]
-- L2 --
阶段4 完成
[14:22:46]   rebuild onchain: ok (2139s)
[14:22:46]   rebuild onchain: ok (2139s)
[14:25:07]   [rebuild] finalize: 40 个数据集 manifest 已全局汇总
[14:25:07] [rebuild] OK (2703s)
[14:25:07] 失败告警已发送: ['binance_funding', 'binance_stats', 'metadata', 'universe']
[14:25:07] ======================================================================
[14:25:07] 调度完成 | 失败源: ['binance_funding', 'binance_stats', 'metadata', 'universe']
[14:25:07] manifest: D:\Documents\z_python_data_analy\Quent\workspace_0817\Data_pipeline\data_foundation\data\daily_manifest.json
[14:25:07] ======================================================================
[18:30:12] ======================================================================
[18:30:12] 每日增量调度开始 | 日期戳=20260920 | ingest_date=2026-09-20
[18:30:12] 源: ['binance_klines', 'binance_funding', 'binance_stats', 'okx', 'coinbase', 'stablecoins', 'onchain', 'metadata', 'sentiment_macro', 'tron', 'cross_deriv', 'universe', 'rebuild']
[18:30:12] 代理: http://127.0.0.1:7897 | 日志: D:\Documents\z_python_data_analy\Quent\workspace_0817\Data_pipeline\data_foundation\data\daily_run_20260920.log
[18:31:02] 网络链路探测: T0_vision=不可用, T1_p7897=不可用, T2_p7900=628ms, T2_p7906=不可用, T2_p7907=不可用, T2_p7904=不可用, T2_p7902=不可用, T3_socks5h=不可用, T3_doh_pin=不可用
[18:31:02] ======================================================================
[18:31:17] netpath 切换通道 -> T2_p7906
[18:31:17]   binance 现货端点选定: https://data-api.binance.vision
[18:31:21] [binance_klines] OK (19s)
[18:31:50] netpath 切换通道 -> T2_p7906
[18:32:05] netpath 切换通道 -> T2_p7907
[18:32:17]   [warn] fapi.binance.com 经代理不可达 (netpath 全通道失败 (5 次尝试) https://fapi.binance.com/fapi/v1/ping:), binance_funding/binance_stats 将记为失败
[18:32:17] [binance_funding] 第 1/3 次尝试失败 (57s): RuntimeError: fapi.binance.com 经代理不可达 (超时), 资金费率未抓取
[18:32:25] [binance_funding] 第 2/3 次尝试失败 (0s): RuntimeError: fapi.binance.com 经代理不可达 (超时), 资金费率未抓取
[18:32:33] [binance_funding] 第 3/3 次尝试失败 (0s): RuntimeError: fapi.binance.com 经代理不可达 (超时), 资金费率未抓取
[18:32:33] [binance_stats] 第 1/3 次尝试失败 (0s): RuntimeError: fapi.binance.com 经代理不可达 (超时), 统计接口未抓取
[18:32:41] [binance_stats] 第 2/3 次尝试失败 (0s): RuntimeError: fapi.binance.com 经代理不可达 (超时), 统计接口未抓取
[18:32:49] [binance_stats] 第 3/3 次尝试失败 (0s): RuntimeError: fapi.binance.com 经代理不可达 (超时), 统计接口未抓取
[18:32:55]   okx BTC: spot/swap/funding/mark/index/OI 每日批次完成
[18:32:55]   okx ETH: spot/swap/funding/mark/index/OI 每日批次完成
[18:32:55]   okx SOL: spot/swap/funding/mark/index/OI 每日批次完成
[18:32:55]   okx XRP: spot/swap/funding/mark/index/OI 每日批次完成
[18:32:55] [okx] OK (6s)
[18:32:56] [coinbase] OK (1s)
[18:32:58] [stablecoins] OK (2s)
[18:33:26]   链上窗口: 2026-09-19 00:00 UTC -> 2026-09-20 00:00 UTC (block 26007835 ~ 26014998, latest=26020542)
[18:35:09]   [warn] USDT 日志抓取失败: https://rpc.mevblocker.io: netpath 全通道失败 (1 次尝试) https://rpc.mevblocker.io: T2_p (已跳过该币)
[18:36:21]   [warn] USDC 日志抓取失败: https://rpc.mevblocker.io: netpath 全通道失败 (1 次尝试) https://rpc.mevblocker.io: T2_p (已跳过该币)
[18:36:21]   onchain 备注: USDT: 抓取失败 https://rpc.mevblocker.io: netpath 全通道失败 (1 次尝试) https://rpc.mevblocker.io: T2_p; USDC: 抓取失败 https://rpc.mevblocker.io: netpath 全通道失败 (1 次尝试) https://rpc.mevblocker.io: T2_p
[18:36:21] [onchain] OK (203s)
[18:36:43]   metadata binance_spot: 今日批次已存在, 跳过抓取 (幂等)
[18:36:44]   metadata binance_perp: binance fapi /fapi/v1/exchangeInfo (USDT-M 永续, 全 symbol) -> metadata_binance_perp_20260920
[18:37:15] netpath 切换通道 -> T2_p7906
[18:37:31] netpath 切换通道 -> T2_p7907
[18:37:58] netpath 切换通道 -> T2_p7904
[18:38:10]   metadata okx: okx /public/instruments (SPOT+SWAP) -> metadata_okx_20260920
[18:38:17]   metadata coinbase: coinbase /products (全 products) -> metadata_coinbase_20260920
[18:38:22]   metadata binance_perp: 归一化 905 行
[18:38:22]   metadata okx: 归一化 1893 行
[18:38:22]   metadata coinbase: 归一化 838 行
[18:38:25]   metadata 完成: 新写批次 3, 各 venue PIT 已重认证
[18:38:25] [metadata] OK (124s)
[18:39:28] [sentiment_macro] OK (63s)
[18:49:10] [tron] OK (581s)
[18:51:21] [cross_deriv] OK (131s)
[18:51:21] [universe] 第 1/3 次尝试失败 (0s): ArrowInvalid: Could not open Parquet input source '<Buffer>': Parquet magic bytes not found in footer. Either the file is corrupted or this is not a parquet file.
[18:51:29] [universe] 第 2/3 次尝试失败 (0s): ArrowInvalid: Could not open Parquet input source '<Buffer>': Parquet magic bytes not found in footer. Either the file is corrupted or this is not a parquet file.
[18:51:37] [universe] 第 3/3 次尝试失败 (0s): ArrowInvalid: Could not open Parquet input source '<Buffer>': Parquet magic bytes not found in footer. Either the file is corrupted or this is not a parquet file.
== L1: 标准化 ==
  BTCUSDT: 1h/1d/1w + funding/OI/mark/ratio 已标准化
  ETHUSDT: 1h/1d/1w + funding/OI/mark/ratio 已标准化
  SOLUSDT: 1h/1d/1w + funding/OI/mark/ratio 已标准化
  BNBUSDT: 1h/1d/1w + funding/OI/mark/ratio 已标准化
  XRPUSDT: 1h/1d/1w + funding/OI/mark/ratio 已标准化
  ADAUSDT: 1h/1d/1w + funding/OI/mark/ratio 已标准化
  DOGEUSDT: 1h/1d/1w + funding/OI/mark/ratio 已标准化
  AVAXUSDT: 1h/1d/1w + funding/OI/mark/ratio 已标准化
  LINKUSDT: 1h/1d/1w + funding/OI/mark/ratio 已标准化
  LTCUSDT: 1h/1d/1w + funding/OI/mark/ratio 已标准化
  DOTUSDT: 1h/1d/1w + funding/OI/mark/ratio 已标准化
  UNIUSDT: 1h/1d/1w + funding/OI/mark/ratio 已标准化
  AAVEUSDT: 1h/1d/1w + funding/OI/mark/ratio 已标准化
  ARBUSDT: 1h/1d/1w + funding/OI/mark/ratio 已标准化
  POLUSDT: 1h/1d/1w + funding/OI/mark/ratio 已标准化
  [skip] instrument 已是 PIT 快照历史, 由 run_daily metadata 源维护
[18:54:07]   rebuild binance_l1: ok (150s)
[18:54:07]   rebuild binance_l1: ok (150s)
== L2: 认证 ==
  BTCUSDT: 1h/1d/1w + 衍生品 certified
  ETHUSDT: 1h/1d/1w + 衍生品 certified
  SOLUSDT: 1h/1d/1w + 衍生品 certified
  BNBUSDT: 1h/1d/1w + 衍生品 certified
  XRPUSDT: 1h/1d/1w + 衍生品 certified
  ADAUSDT: 1h/1d/1w + 衍生品 certified
  DOGEUSDT: 1h/1d/1w + 衍生品 certified
  AVAXUSDT: 1h/1d/1w + 衍生品 certified
  LINKUSDT: 1h/1d/1w + 衍生品 certified
  LTCUSDT: 1h/1d/1w + 衍生品 certified
  DOTUSDT: 1h/1d/1w + 衍生品 certified
  UNIUSDT: 1h/1d/1w + 衍生品 certified
  AAVEUSDT: 1h/1d/1w + 衍生品 certified
  ARBUSDT: 1h/1d/1w + 衍生品 certified
  POLUSDT: 1h/1d/1w + 衍生品 certified
  manifests 汇总完成
[18:55:22]   rebuild binance_l2: ok (74s)
[18:55:22]   rebuild binance_l2: ok (74s)
== OKX (BTC, ETH, SOL, XRP, days=上市日至今) ==
-- L0 --
  okx BTC: spot/swap/funding/mark/index/OI 已摄取
  okx ETH: spot/swap/funding/mark/index/OI 已摄取
  okx SOL: spot/swap/funding/mark/index/OI 已摄取
  okx XRP: spot/swap/funding/mark/index/OI 已摄取
-- L1 --
  okx BTC: spot/swap/funding/mark/index/OI 标准化
  okx ETH: spot/swap/funding/mark/index/OI 标准化
  okx SOL: spot/swap/funding/mark/index/OI 标准化
  okx XRP: spot/swap/funding/mark/index/OI 标准化
  okx instruments: 832 行
-- L2 --
  okx BTC: certified
  okx ETH: certified
  okx SOL: certified
  okx XRP: certified
-- basis --
  basis BTC: 59252 行
  basis ETH: 59062 行
  basis SOL: 49600 行
  basis XRP: 58918 行
OKX 管线完成
[18:56:00]   rebuild okx: ok (38s)
[18:56:00]   rebuild okx: ok (38s)
== Coinbase (BTC, ETH, SOL, XRP, 近 365 天) ==
-- L1 --
  coinbase BTC-USD: 97717 行
  coinbase ETH-USD: 90308 行
  coinbase SOL-USD: 45946 行
  coinbase XRP-USD: 44432 行
  coinbase instruments: 483 行
-- L2 --
  coinbase BTC-USD: certified
  coinbase ETH-USD: certified
  coinbase SOL-USD: certified
  coinbase XRP-USD: certified
Coinbase 管线完成
[18:56:09]   rebuild coinbase: ok (10s)
[18:56:09]   rebuild coinbase: ok (10s)
== 阶段3: 稳定币 ==
-- L0 --
  [warn] USDCUSDT K线抓取失败: netpath 全通道失败 (1 次尝试) https://api.binance.com/api/v3/klines:
  [warn] DAIUSDT K线抓取失败: netpath 全通道失败 (1 次尝试) https://api.binance.com/api/v3/klines:
  稳定币 L0: 0 批次
-- L1 --
  supply: 9525 行 (3 币, 2015-02-25~2026-08-19)
  flows: 6951 行 (5 指标)
  peg: 64352 行 (2 币)
-- L2 --
阶段3 完成
[18:59:27]   rebuild stablecoins: ok (198s)
[18:59:27]   rebuild stablecoins: ok (198s)
[18:59:27]   [rebuild:onchain] L0 已跳过 (每日 L0 由 run_onchain 完成; Arbitrum/Solana RPC 经代理卡死), 仅重建 L1/L2
[18:59:27]   [rebuild:onchain] L0 已跳过 (每日 L0 由 run_onchain 完成; Arbitrum/Solana RPC 经代理卡死), 仅重建 L1/L2
== 阶段4: 链上 (近 1 天 ERC-20, 近 24h mempool) ==
-- L0 --
-- L1 --
[ethereum] 文件: 回填 57 个 (.gz), 遗留 29 个
    ethereum 2026-08-01: +17678 行 (suspect=0)
    ethereum 2026-08-02: +17577 行 (suspect=0)
    ethereum 2026-08-03: +15810 行 (suspect=0)
    ethereum 2026-08-04: +18431 行 (suspect=0)
    ethereum 2026-08-05: +17631 行 (suspect=0)
    ethereum 2026-08-06: +20114 行 (suspect=0)
    ethereum 2026-08-07: +22156 行 (suspect=0)
    ethereum 2026-08-08: +22796 行 (suspect=0)
    ethereum 2026-08-09: +17891 行 (suspect=0)
    ethereum 2026-08-10: +24288 行 (suspect=0)
  [ethereum] 进度 10/86, 累计读取 194372 行, 6s
    ethereum 2026-08-11: +26641 行 (suspect=0)
    ethereum 2026-08-12: +22690 行 (suspect=0)
    ethereum 2026-08-13: +20396 行 (suspect=0)
    ethereum 2026-08-14: +16720 行 (suspect=0)
    ethereum 2026-08-15: +12118 行 (suspect=0)
    ethereum 2026-08-16: +13208 行 (suspect=0)
    ethereum 2026-08-17: +16188 行 (suspect=0)
    ethereum 2026-08-18: +14331 行 (suspect=0)
    ethereum 2026-08-01: +598484 行 (suspect=0)
    ethereum 2026-08-02: +470578 行 (suspect=0)
  [ethereum] 进度 20/86, 累计读取 1405726 行, 38s
    ethereum 2026-08-03: +582954 行 (suspect=0)
    ethereum 2026-08-04: +681434 行 (suspect=0)
    ethereum 2026-08-05: +624023 行 (suspect=0)
    ethereum 2026-08-06: +558467 行 (suspect=0)
    ethereum 2026-08-07: +710019 行 (suspect=0)
    ethereum 2026-08-08: +735588 行 (suspect=0)
    ethereum 2026-08-09: +436471 行 (suspect=0)
    ethereum 2026-08-10: +659275 行 (suspect=0)
    ethereum 2026-08-11: +761429 行 (suspect=0)
    ethereum 2026-08-12: +635374 行 (suspect=0)
  [ethereum] 进度 30/86, 累计读取 7790760 行, 206s
    ethereum 2026-08-13: +576999 行 (suspect=0)
    ethereum 2026-08-14: +544570 行 (suspect=0)
    ethereum 2026-08-15: +372355 行 (suspect=0)
    ethereum 2026-08-16: +367853 行 (suspect=0)
    ethereum 2026-08-17: +504668 行 (suspect=0)
    ethereum 2026-08-18: +479392 行 (suspect=0)
    ethereum 2026-08-01: +839322 行 (suspect=0)
    ethereum 2026-08-02: +673052 行 (suspect=0)
    ethereum 2026-08-03: +706817 行 (suspect=0)
    ethereum 2026-08-04: +875153 行 (suspect=0)
  [ethereum] 进度 40/86, 累计读取 13730941 行, 376s
    ethereum 2026-08-05: +881698 行 (suspect=0)
    ethereum 2026-08-06: +771880 行 (suspect=0)
    ethereum 2026-08-07: +1027535 行 (suspect=0)
    ethereum 2026-08-08: +1243174 行 (suspect=0)
    ethereum 2026-08-09: +648694 行 (suspect=0)
    ethereum 2026-08-10: +894563 行 (suspect=0)
    ethereum 2026-08-11: +1024473 行 (suspect=0)
    ethereum 2026-08-12: +850019 行 (suspect=0)
    ethereum 2026-08-13: +739094 行 (suspect=0)
    ethereum 2026-08-14: +715596 行 (suspect=0)
  [ethereum] 进度 50/86, 累计读取 22527667 行, 626s
    ethereum 2026-08-15: +542457 行 (suspect=0)
    ethereum 2026-08-16: +529394 行 (suspect=0)
    ethereum 2026-08-17: +678346 行 (suspect=0)
    ethereum 2026-08-18: +672370 行 (suspect=0)
    ethereum 2026-08-19: +650609 行 (suspect=0)
    ethereum 2026-08-19: +19465 行 (suspect=0)
    ethereum 2026-08-19: +522782 行 (suspect=0)
    ethereum 2026-08-19: +1823 行 (suspect=0)
    ethereum 2026-08-20: +25467 行 (suspect=0)
    ethereum 2026-08-19: +38696 行 (suspect=0)
    ethereum 2026-08-20: +644328 行 (suspect=0)
    ethereum 2026-08-20: +1196 行 (suspect=0)
    ethereum 2026-08-21: +1 行 (suspect=0)
  [ethereum] 进度 60/86, 累计读取 26880068 行, 767s
    ethereum 2026-08-20: +29076 行 (suspect=0)
    ethereum 2026-08-21: +17 行 (suspect=0)
    ethereum 2026-08-20: +709281 行 (suspect=0)
    ethereum 2026-08-20: +141322 行 (suspect=0)
    ethereum 2026-08-21: +405151 行 (suspect=0)
    ethereum 2026-08-21: +24838 行 (suspect=0)
    ethereum 2026-08-22: +5 行 (suspect=0)
    ethereum 2026-08-21: +640948 行 (suspect=0)
    ethereum 2026-08-22: +78 行 (suspect=0)
    ethereum 2026-08-21: +288463 行 (suspect=0)
    ethereum 2026-08-22: +63 行 (suspect=0)
    ethereum 2026-08-22: +24638 行 (suspect=0)
    ethereum 2026-08-23: +2 行 (suspect=0)
    ethereum 2026-08-22: +609161 行 (suspect=0)
    ethereum 2026-08-23: +81 行 (suspect=0)
    ethereum 2026-08-22: +702514 行 (suspect=0)
    ethereum 2026-08-23: +23612 行 (suspect=0)
    ethereum 2026-08-24: +8 行 (suspect=0)
  [ethereum] 进度 70/86, 累计读取 31778657 行, 928s
    ethereum 2026-08-23: +609277 行 (suspect=0)
    ethereum 2026-08-24: +147 行 (suspect=0)
    ethereum 2026-08-23: +710360 行 (suspect=0)
    ethereum 2026-08-27: +22168 行 (suspect=0)
    ethereum 2026-08-28: +4 行 (suspect=0)
    ethereum 2026-08-27: +607417 行 (suspect=0)
    ethereum 2026-08-28: +83 行 (suspect=0)
    ethereum 2026-08-28: +21569 行 (suspect=0)
    ethereum 2026-08-29: +13 行 (suspect=0)
    ethereum 2026-08-28: +620671 行 (suspect=0)
    ethereum 2026-08-29: +119 行 (suspect=0)
    ethereum 2026-08-28: +710301 行 (suspect=0)
    ethereum 2026-08-30: +17437 行 (suspect=0)
    ethereum 2026-08-31: +4 行 (suspect=0)
    ethereum 2026-08-30: +513432 行 (suspect=0)
    ethereum 2026-08-31: +104 行 (suspect=0)
    ethereum 2026-08-30: +622640 行 (suspect=0)
    ethereum 2026-08-31: +116 行 (suspect=0)
  [ethereum] 进度 80/86, 累计读取 36234687 行, 1090s
    ethereum 2026-09-01: +19135 行 (suspect=0)
    ethereum 2026-09-02: +5 行 (suspect=0)
    ethereum 2026-09-04: +22365 行 (suspect=0)
    ethereum 2026-09-11: +19172 行 (suspect=0)
    ethereum 2026-09-12: +13214 行 (suspect=0)
    ethereum 2026-09-18: +21061 行 (suspect=0)
    ethereum 2026-09-19: +1 行 (suspect=0)
    ethereum 2026-09-19: +14360 行 (suspect=0)
    ethereum 2026-09-20: +5 行 (suspect=0)
[ethereum] 完成: 读取 36344008 行 -> 写入 35019039 行 (去重 1324969), 聚合 108 组, 1106s
[arbitrum] 文件: 回填 54 个 (.gz), 遗留 3 个
    arbitrum 2026-08-01: +1036 行 (suspect=0)
    arbitrum 2026-08-02: +1256 行 (suspect=0)
    arbitrum 2026-08-03: +1616 行 (suspect=0)
    arbitrum 2026-08-04: +1371 行 (suspect=0)
    arbitrum 2026-08-05: +1627 行 (suspect=0)
    arbitrum 2026-08-06: +1428 行 (suspect=0)
    arbitrum 2026-08-07: +1106 行 (suspect=0)
    arbitrum 2026-08-08: +675 行 (suspect=0)
    arbitrum 2026-08-09: +1791 行 (suspect=0)
    arbitrum 2026-08-10: +1286 行 (suspect=0)
  [arbitrum] 进度 10/57, 累计读取 13192 行, 1200s
    arbitrum 2026-08-11: +3619 行 (suspect=0)
    arbitrum 2026-08-12: +2202 行 (suspect=0)
    arbitrum 2026-08-13: +1202 行 (suspect=0)
    arbitrum 2026-08-14: +1134 行 (suspect=0)
    arbitrum 2026-08-15: +533 行 (suspect=0)
    arbitrum 2026-08-16: +696 行 (suspect=0)
    arbitrum 2026-08-17: +1493 行 (suspect=0)
    arbitrum 2026-08-18: +1636 行 (suspect=0)
    arbitrum 2026-08-01: +792990 行 (suspect=0)
    arbitrum 2026-08-02: +710947 行 (suspect=0)
    arbitrum 2026-08-03: +1 行 (suspect=0)
  [arbitrum] 进度 20/57, 累计读取 1529645 行, 1240s
    arbitrum 2026-08-03: +1030046 行 (suspect=0)
    arbitrum 2026-08-04: +983391 行 (suspect=0)
    arbitrum 2026-08-05: +4 行 (suspect=0)
    arbitrum 2026-08-05: +994830 行 (suspect=0)
    arbitrum 2026-08-06: +943122 行 (suspect=0)
    arbitrum 2026-08-07: +883938 行 (suspect=0)
    arbitrum 2026-08-08: +2 行 (suspect=0)
    arbitrum 2026-08-08: +596313 行 (suspect=0)
    arbitrum 2026-08-09: +628269 行 (suspect=0)
    arbitrum 2026-08-10: +840825 行 (suspect=0)
    arbitrum 2026-08-11: +830406 行 (suspect=0)
    arbitrum 2026-08-12: +796635 行 (suspect=0)
    arbitrum 2026-08-13: +1 行 (suspect=0)
  [arbitrum] 进度 30/57, 累计读取 10057428 行, 1452s
    arbitrum 2026-08-13: +766030 行 (suspect=0)
    arbitrum 2026-08-14: +821563 行 (suspect=0)
    arbitrum 2026-08-15: +557253 行 (suspect=0)
    arbitrum 2026-08-16: +571482 行 (suspect=0)
    arbitrum 2026-08-17: +835198 行 (suspect=0)
    arbitrum 2026-08-18: +1 行 (suspect=0)
    arbitrum 2026-08-18: +805002 行 (suspect=0)
    arbitrum 2026-08-19: +4 行 (suspect=0)
    arbitrum 2026-08-01: +207328 行 (suspect=0)
    arbitrum 2026-08-02: +1 行 (suspect=0)
    arbitrum 2026-08-02: +183404 行 (suspect=0)
    arbitrum 2026-08-03: +229007 行 (suspect=0)
    arbitrum 2026-08-04: +303528 行 (suspect=0)
  [arbitrum] 进度 40/57, 累计读取 15337229 行, 1593s
    arbitrum 2026-08-05: +316334 行 (suspect=0)
    arbitrum 2026-08-06: +246926 行 (suspect=0)
    arbitrum 2026-08-07: +201492 行 (suspect=0)
    arbitrum 2026-08-08: +1 行 (suspect=0)
    arbitrum 2026-08-08: +166924 行 (suspect=0)
    arbitrum 2026-08-09: +175337 行 (suspect=0)
    arbitrum 2026-08-10: +175503 行 (suspect=0)
    arbitrum 2026-08-11: +181106 行 (suspect=0)
    arbitrum 2026-08-12: +238250 行 (suspect=0)
    arbitrum 2026-08-13: +259813 行 (suspect=0)
    arbitrum 2026-08-14: +229568 行 (suspect=0)
  [arbitrum] 进度 50/57, 累计读取 17528483 行, 1663s
    arbitrum 2026-08-15: +210834 行 (suspect=0)
    arbitrum 2026-08-16: +176473 行 (suspect=0)
    arbitrum 2026-08-17: +187789 行 (suspect=0)
    arbitrum 2026-08-18: +170220 行 (suspect=0)
    arbitrum 2026-08-20: +2588 行 (suspect=0)
    arbitrum 2026-08-21: +4140 行 (suspect=0)
    arbitrum 2026-08-20: +544998 行 (suspect=0)
    arbitrum 2026-08-21: +873927 行 (suspect=0)
    arbitrum 2026-08-20: +131854 行 (suspect=0)
    arbitrum 2026-08-21: +209422 行 (suspect=0)
[arbitrum] 完成: 读取 20040728 行 -> 写入 20040727 行 (去重 1), 聚合 68 组, 1743s
[arbitrum] onchain_daily_aggregate: 68 行 (2026-08-01 ~ 2026-08-21)
[ethereum] onchain_daily_aggregate: 108 行 (2026-08-01 ~ 2026-09-20)
streaming build 完成: token_transfer 55059766 行, aggregate 176 行, 总耗时 29 分钟
  solana_snapshot: [{'slot': 440691995, 'block_height': 418741637, 'usdc_supply': 8094247798.152079, 'tps': 4089.35, 'fetched_at': Timestamp('2026-08-21 13:03:50.007366+0000', tz='UTC')}]
  dex_volume: 4568 行 (1 DEX, 2014-02-17~2026-08-20)
  btc_blocks: 150 块
  btc_fees: [{'venue_id': 'mempool', 'fetched_at': '2026-08-20T22:53:43.871869+00:00', 'fastestFee': 5, 'halfHourFee': 4, 'hourFee': 3, 'economyFee': 2, 'minimumFee': 1}]
  oracle_snapshot: 1 对 [{'pair': 'ETH-USD', 'price': 2331.92616865}]
-- L2 --
阶段4 完成
[19:28:42]   rebuild onchain: ok (1755s)
[19:28:42]   rebuild onchain: ok (1755s)
[19:30:43]   [rebuild] finalize: 40 个数据集 manifest 已全局汇总
[19:30:43] [rebuild] OK (2346s)
[19:30:43] 失败告警已发送: ['binance_funding', 'binance_stats', 'universe']
[19:30:43] ======================================================================
[19:30:43] 调度完成 | 失败源: ['binance_funding', 'binance_stats', 'universe']
[19:30:43] manifest: D:\Documents\z_python_data_analy\Quent\workspace_0817\Data_pipeline\data_foundation\data\daily_manifest.json
[19:30:43] ======================================================================
