[18:30:02] ======================================================================
[18:30:02] 每日增量调度开始 | 日期戳=20260824 | ingest_date=2026-08-24
[18:30:02] 源: ['binance_klines', 'binance_funding', 'binance_stats', 'okx', 'coinbase', 'stablecoins', 'onchain', 'metadata', 'sentiment_macro', 'tron', 'cross_deriv', 'universe', 'rebuild']
[18:30:02] 代理: http://127.0.0.1:7897 | 日志: D:\Documents\z_python_data_analy\Quent\workspace_0817\Data_pipeline\data_foundation\data\daily_run_20260824.log
[18:31:01] 网络链路探测: T0_vision=不可用, T1_p7897=不可用, T2_p7900=427ms, T2_p7906=不可用, T2_p7907=不可用, T2_p7904=不可用, T2_p7902=1778ms, T3_socks5h=不可用, T3_doh_pin=不可用
[18:31:01] ======================================================================
[18:31:02]   binance 现货端点选定: https://api.binance.com
[18:31:03]   BTCUSDT: 73 根 -> BTCUSDT_daily_20260824
[18:31:03]   ETHUSDT: 73 根 -> ETHUSDT_daily_20260824
[18:31:04]   SOLUSDT: 73 根 -> SOLUSDT_daily_20260824
[18:31:04]   BNBUSDT: 73 根 -> BNBUSDT_daily_20260824
[18:31:04]   XRPUSDT: 73 根 -> XRPUSDT_daily_20260824
[18:31:04]   ADAUSDT: 73 根 -> ADAUSDT_daily_20260824
[18:31:05]   DOGEUSDT: 73 根 -> DOGEUSDT_daily_20260824
[18:31:05]   AVAXUSDT: 73 根 -> AVAXUSDT_daily_20260824
[18:31:05]   LINKUSDT: 73 根 -> LINKUSDT_daily_20260824
[18:31:06]   LTCUSDT: 73 根 -> LTCUSDT_daily_20260824
[18:31:06]   DOTUSDT: 73 根 -> DOTUSDT_daily_20260824
[18:31:06]   UNIUSDT: 73 根 -> UNIUSDT_daily_20260824
[18:31:06]   AAVEUSDT: 73 根 -> AAVEUSDT_daily_20260824
[18:31:07]   ARBUSDT: 73 根 -> ARBUSDT_daily_20260824
[18:31:07]   POLUSDT: 73 根 -> POLUSDT_daily_20260824
[18:31:07] [binance_klines] OK (6s)
[18:31:17]   BTCUSDT: 90 条资金费率 -> BTCUSDT_funding_daily_20260824
[18:31:17]   ETHUSDT: 90 条资金费率 -> ETHUSDT_funding_daily_20260824
[18:31:18]   SOLUSDT: 90 条资金费率 -> SOLUSDT_funding_daily_20260824
[18:31:18]   BNBUSDT: 90 条资金费率 -> BNBUSDT_funding_daily_20260824
[18:31:18]   XRPUSDT: 90 条资金费率 -> XRPUSDT_funding_daily_20260824
[18:31:19]   ADAUSDT: 90 条资金费率 -> ADAUSDT_funding_daily_20260824
[18:31:19]   DOGEUSDT: 90 条资金费率 -> DOGEUSDT_funding_daily_20260824
[18:31:19]   AVAXUSDT: 90 条资金费率 -> AVAXUSDT_funding_daily_20260824
[18:31:20]   LINKUSDT: 90 条资金费率 -> LINKUSDT_funding_daily_20260824
[18:31:20]   LTCUSDT: 90 条资金费率 -> LTCUSDT_funding_daily_20260824
[18:31:21]   DOTUSDT: 90 条资金费率 -> DOTUSDT_funding_daily_20260824
[18:31:21]   UNIUSDT: 90 条资金费率 -> UNIUSDT_funding_daily_20260824
[18:31:21]   AAVEUSDT: 90 条资金费率 -> AAVEUSDT_funding_daily_20260824
[18:31:22]   ARBUSDT: 90 条资金费率 -> ARBUSDT_funding_daily_20260824
[18:31:22]   POLUSDT: 100 条资金费率 -> POLUSDT_funding_daily_20260824
[18:31:22] [binance_funding] OK (15s)
[18:31:52]   binance_stats: 共 75 个批次
[18:31:52] [binance_stats] OK (30s)
[18:31:59]   okx BTC: spot/swap/funding/mark/index/OI 每日批次完成
[18:32:02]   okx ETH: spot/swap/funding/mark/index/OI 每日批次完成
[18:32:05]   okx SOL: spot/swap/funding/mark/index/OI 每日批次完成
[18:32:08]   okx XRP: spot/swap/funding/mark/index/OI 每日批次完成
[18:32:08] [okx] OK (16s)
[18:32:10]   coinbase BTC-USD: 72 根 -> BTCUSD_cb_daily_20260824
[18:32:11]   coinbase ETH-USD: 72 根 -> ETHUSD_cb_daily_20260824
[18:32:13]   coinbase SOL-USD: 72 根 -> SOLUSD_cb_daily_20260824
[18:32:15]   coinbase XRP-USD: 72 根 -> XRPUSD_cb_daily_20260824
[18:32:15] [coinbase] OK (7s)
[18:32:23]   defillama 供应量快照: [['defillama', '2026-08-24', 'USDT', '183226913300.92'], ['defillama', '2026-08-24', 'USDC', '73660219065.29'], ['defillama', '2026-08-24', 'DAI', '4788326367.13']]
[18:32:24]   ercin stablecoin_exchange_inflow_total: 已重下载
[18:32:25]   ercin stablecoin_exchange_netflow: 已重下载
[18:32:26]   ercin stablecoin_exchange_outflow_total: 已重下载
[18:32:26]   ercin stablecoin_exchange_reserve: 已重下载
[18:32:27]   ercin stablecoin_exchange_supply_ratio: 已重下载
[18:32:27]   peg USDCUSDT: 73 根 -> USDCUSDT_peg_daily_20260824 (ok)
[18:32:27]   [warn] peg DAIUSDT: 近 3 天无数据, 写入空批次 (empty: 该交易对近 3 天无成交 (DAIUSDT 自 2020-08 起 Binance 现货停牌))
[18:32:27]   peg DAIUSDT: 0 根 -> DAIUSDT_peg_daily_20260824 (empty: 该交易对近 3 天无成交 (DAIUSDT 自 2020-08 起 Binance 现货停牌))
[18:32:27] [stablecoins] OK (13s)
[18:32:30]   链上窗口: 2026-08-23 00:00 UTC -> 2026-08-24 00:00 UTC (block 25814127 ~ 25821306, latest=25826854)
[18:56:25]   USDT: 710360 条日志 (超过上限截断, 仅部分) -> USDT_transfer_logs_daily_20260824
[19:01:22]   USDC: 609505 条日志 -> USDC_transfer_logs_daily_20260824
[19:02:09]   DAI: 23622 条日志 -> DAI_transfer_logs_daily_20260824
[19:02:16]   mempool blocks: 150 块
[19:02:21]   chainlink: {'ETH-USD': {'roundId': 129127208515966894230, 'answer': 247504000000, 'startedAt': 1787598025, 'updatedAt': 1787598047, 'answeredInRound': 129127208515966894230}, 'fetched_at': '2026-08-24T19:02:21.674359+00:00'}
[19:02:21]   onchain 备注: USDT: 710360 条日志 (超过上限截断, 仅部分)
[19:02:21] [onchain] OK (1794s)
[19:03:43] netpath 切换通道 -> T2_p7906
[19:04:01] netpath 切换通道 -> T2_p7907
[19:04:27] netpath 切换通道 -> T2_p7904
[19:04:35]   metadata binance_spot: binance /api/v3/exchangeInfo (现货, 全 symbol) -> metadata_binance_spot_20260824
[19:04:37]   metadata binance_perp: binance fapi /fapi/v1/exchangeInfo (USDT-M 永续, 全 symbol) -> metadata_binance_perp_20260824
[19:04:41]   metadata okx: okx /public/instruments (SPOT+SWAP) -> metadata_okx_20260824
[19:05:45] netpath 切换通道 -> T2_p7902
[19:06:00]   metadata coinbase: coinbase /products (全 products) -> metadata_coinbase_20260824
[19:06:46]   metadata binance_spot: 归一化 3681 行
[19:06:46]   metadata binance_perp: 归一化 872 行
[19:06:46]   metadata okx: 归一化 1833 行
[19:06:46]   metadata coinbase: 归一化 835 行
[19:06:48]   metadata 完成: 新写批次 4, 各 venue PIT 已重认证
[19:06:48] [metadata] OK (267s)
[19:07:20] [sentiment_macro] OK (32s)
[19:25:44] [tron] OK (1104s)
[19:28:01] [cross_deriv] OK (137s)
[19:29:06] [universe] OK (65s)
== L1: 标准化 ==
  BTCUSDT: 1h/1d/1w + funding/OI/mark/ratio 已标准化
  ETHUSDT: 1h/1d/1w + funding/OI/mark/ratio 已标准化
  SOLUSDT: 1h/1d/1w + funding/OI/mark/ratio 已标准化
  BNBUSDT: 1h/1d/1w + funding/OI/mark/ratio 已标准化
  XRPUSDT: 1h/1d/1w + funding/OI/mark/ratio 已标准化
  ADAUSDT: 1h/1d/1w + funding/OI/mark/ratio 已标准化
  DOGEUSDT: 1h/1d/1w + funding/OI/mark/ratio 已标准化
  AVAXUSDT: 1h/1d/1w + funding/OI/mark/ratio 已标准化
  LINKUSDT: 1h/1d/1w + funding/OI/mark/ratio 已标准化
  LTCUSDT: 1h/1d/1w + funding/OI/mark/ratio 已标准化
  DOTUSDT: 1h/1d/1w + funding/OI/mark/ratio 已标准化
  UNIUSDT: 1h/1d/1w + funding/OI/mark/ratio 已标准化
  AAVEUSDT: 1h/1d/1w + funding/OI/mark/ratio 已标准化
  ARBUSDT: 1h/1d/1w + funding/OI/mark/ratio 已标准化
  POLUSDT: 1h/1d/1w + funding/OI/mark/ratio 已标准化
  [skip] instrument 已是 PIT 快照历史, 由 run_daily metadata 源维护
[19:31:29]   rebuild binance_l1: ok (143s)
[19:31:29]   rebuild binance_l1: ok (143s)
== L2: 认证 ==
  BTCUSDT: 1h/1d/1w + 衍生品 certified
  ETHUSDT: 1h/1d/1w + 衍生品 certified
  SOLUSDT: 1h/1d/1w + 衍生品 certified
  BNBUSDT: 1h/1d/1w + 衍生品 certified
  XRPUSDT: 1h/1d/1w + 衍生品 certified
  ADAUSDT: 1h/1d/1w + 衍生品 certified
  DOGEUSDT: 1h/1d/1w + 衍生品 certified
  AVAXUSDT: 1h/1d/1w + 衍生品 certified
  LINKUSDT: 1h/1d/1w + 衍生品 certified
  LTCUSDT: 1h/1d/1w + 衍生品 certified
  DOTUSDT: 1h/1d/1w + 衍生品 certified
  UNIUSDT: 1h/1d/1w + 衍生品 certified
  AAVEUSDT: 1h/1d/1w + 衍生品 certified
  ARBUSDT: 1h/1d/1w + 衍生品 certified
  POLUSDT: 1h/1d/1w + 衍生品 certified
  manifests 汇总完成
[19:33:00]   rebuild binance_l2: ok (91s)
[19:33:00]   rebuild binance_l2: ok (91s)
== OKX (BTC, ETH, SOL, XRP, days=上市日至今) ==
-- L0 --
  okx BTC: spot/swap/funding/mark/index/OI 已摄取
  okx ETH: spot/swap/funding/mark/index/OI 已摄取
  okx SOL: spot/swap/funding/mark/index/OI 已摄取
  okx XRP: spot/swap/funding/mark/index/OI 已摄取
-- L1 --
  okx BTC: spot/swap/funding/mark/index/OI 标准化
  okx ETH: spot/swap/funding/mark/index/OI 标准化
  okx SOL: spot/swap/funding/mark/index/OI 标准化
  okx XRP: spot/swap/funding/mark/index/OI 标准化
  okx instruments: 832 行
-- L2 --
  okx BTC: certified
  okx ETH: certified
  okx SOL: certified
  okx XRP: certified
-- basis --
  basis BTC: 58639 行
  basis ETH: 58429 行
  basis SOL: 48967 行
  basis XRP: 58285 行
OKX 管线完成
[19:33:43]   rebuild okx: ok (43s)
[19:33:43]   rebuild okx: ok (43s)
== Coinbase (BTC, ETH, SOL, XRP, 近 365 天) ==
-- L1 --
  coinbase BTC-USD: 97215 行
  coinbase ETH-USD: 89806 行
  coinbase SOL-USD: 45444 行
  coinbase XRP-USD: 43930 行
  coinbase instruments: 483 行
-- L2 --
  coinbase BTC-USD: certified
  coinbase ETH-USD: certified
  coinbase SOL-USD: certified
  coinbase XRP-USD: certified
Coinbase 管线完成
[19:33:54]   rebuild coinbase: ok (11s)
[19:33:54]   rebuild coinbase: ok (11s)
== 阶段3: 稳定币 ==
-- L0 --
  稳定币 L0: 0 批次
-- L1 --
  supply: 9525 行 (3 币, 2015-02-25~2026-08-19)
  flows: 6816 行 (5 指标)
  peg: 63847 行 (2 币)
-- L2 --
阶段3 完成
[19:35:57]   rebuild stablecoins: ok (123s)
[19:35:57]   rebuild stablecoins: ok (123s)
[19:35:57]   [rebuild:onchain] L0 已跳过 (每日 L0 由 run_onchain 完成; Arbitrum/Solana RPC 经代理卡死), 仅重建 L1/L2
[19:35:57]   [rebuild:onchain] L0 已跳过 (每日 L0 由 run_onchain 完成; Arbitrum/Solana RPC 经代理卡死), 仅重建 L1/L2
== 阶段4: 链上 (近 1 天 ERC-20, 近 24h mempool) ==
-- L0 --
-- L1 --
[22:34:03]   [rebuild:onchain] 失败: Unable to allocate 395. MiB for an array with shape (51740444, 1) and data type float64
[22:34:03]   [rebuild:onchain] 失败: Unable to allocate 395. MiB for an array with shape (51740444, 1) and data type float64
[22:42:51]   rebuild onchain: fail: Unable to allocate 395. MiB for an array with shape (51740444, 1) and data type float64 (11214s)
[22:42:51]   rebuild onchain: fail: Unable to allocate 395. MiB for an array with shape (51740444, 1) and data type float64 (11214s)
[22:42:51] [rebuild] 第 1/3 次尝试失败 (11625s): RuntimeError: L1/L2 重建部分阶段失败: onchain | 详情见日志 D:\Documents\z_python_data_analy\Quent\workspace_0817\Data_pipeline\data_foundation\data\daily_run_20260824.log
== L1: 标准化 ==
  BTCUSDT: 1h/1d/1w + funding/OI/mark/ratio 已标准化
  ETHUSDT: 1h/1d/1w + funding/OI/mark/ratio 已标准化
  SOLUSDT: 1h/1d/1w + funding/OI/mark/ratio 已标准化
  BNBUSDT: 1h/1d/1w + funding/OI/mark/ratio 已标准化
  XRPUSDT: 1h/1d/1w + funding/OI/mark/ratio 已标准化
  ADAUSDT: 1h/1d/1w + funding/OI/mark/ratio 已标准化
  DOGEUSDT: 1h/1d/1w + funding/OI/mark/ratio 已标准化
  AVAXUSDT: 1h/1d/1w + funding/OI/mark/ratio 已标准化
  LINKUSDT: 1h/1d/1w + funding/OI/mark/ratio 已标准化
  LTCUSDT: 1h/1d/1w + funding/OI/mark/ratio 已标准化
  DOTUSDT: 1h/1d/1w + funding/OI/mark/ratio 已标准化
  UNIUSDT: 1h/1d/1w + funding/OI/mark/ratio 已标准化
  AAVEUSDT: 1h/1d/1w + funding/OI/mark/ratio 已标准化
  ARBUSDT: 1h/1d/1w + funding/OI/mark/ratio 已标准化
  POLUSDT: 1h/1d/1w + funding/OI/mark/ratio 已标准化
  [skip] instrument 已是 PIT 快照历史, 由 run_daily metadata 源维护
[22:45:44]   rebuild binance_l1: ok (165s)
[22:45:44]   rebuild binance_l1: ok (165s)
== L2: 认证 ==
  BTCUSDT: 1h/1d/1w + 衍生品 certified
  ETHUSDT: 1h/1d/1w + 衍生品 certified
  SOLUSDT: 1h/1d/1w + 衍生品 certified
  BNBUSDT: 1h/1d/1w + 衍生品 certified
  XRPUSDT: 1h/1d/1w + 衍生品 certified
  ADAUSDT: 1h/1d/1w + 衍生品 certified
  DOGEUSDT: 1h/1d/1w + 衍生品 certified
  AVAXUSDT: 1h/1d/1w + 衍生品 certified
  LINKUSDT: 1h/1d/1w + 衍生品 certified
  LTCUSDT: 1h/1d/1w + 衍生品 certified
  DOTUSDT: 1h/1d/1w + 衍生品 certified
  UNIUSDT: 1h/1d/1w + 衍生品 certified
  AAVEUSDT: 1h/1d/1w + 衍生品 certified
  ARBUSDT: 1h/1d/1w + 衍生品 certified
  POLUSDT: 1h/1d/1w + 衍生品 certified
  manifests 汇总完成
[22:47:20]   rebuild binance_l2: ok (95s)
[22:47:20]   rebuild binance_l2: ok (95s)
== OKX (BTC, ETH, SOL, XRP, days=上市日至今) ==
-- L0 --
  okx BTC: spot/swap/funding/mark/index/OI 已摄取
  okx ETH: spot/swap/funding/mark/index/OI 已摄取
  okx SOL: spot/swap/funding/mark/index/OI 已摄取
  okx XRP: spot/swap/funding/mark/index/OI 已摄取
-- L1 --
  okx BTC: spot/swap/funding/mark/index/OI 标准化
  okx ETH: spot/swap/funding/mark/index/OI 标准化
  okx SOL: spot/swap/funding/mark/index/OI 标准化
  okx XRP: spot/swap/funding/mark/index/OI 标准化
  okx instruments: 832 行
-- L2 --
  okx BTC: certified
  okx ETH: certified
  okx SOL: certified
  okx XRP: certified
-- basis --
  basis BTC: 58639 行
  basis ETH: 58429 行
  basis SOL: 48967 行
  basis XRP: 58285 行
OKX 管线完成
[22:48:06]   rebuild okx: ok (46s)
[22:48:06]   rebuild okx: ok (46s)
== Coinbase (BTC, ETH, SOL, XRP, 近 365 天) ==
-- L1 --
  coinbase BTC-USD: 97215 行
  coinbase ETH-USD: 89806 行
  coinbase SOL-USD: 45444 行
  coinbase XRP-USD: 43930 行
  coinbase instruments: 483 行
-- L2 --
  coinbase BTC-USD: certified
  coinbase ETH-USD: certified
  coinbase SOL-USD: certified
  coinbase XRP-USD: certified
Coinbase 管线完成
[22:48:18]   rebuild coinbase: ok (12s)
[22:48:18]   rebuild coinbase: ok (12s)
== 阶段3: 稳定币 ==
-- L0 --
  稳定币 L0: 0 批次
-- L1 --
  supply: 9525 行 (3 币, 2015-02-25~2026-08-19)
  flows: 6816 行 (5 指标)
  peg: 63847 行 (2 币)
-- L2 --
阶段3 完成
[22:53:05]   rebuild stablecoins: ok (287s)
[22:53:05]   rebuild stablecoins: ok (287s)
[22:53:05]   [rebuild:onchain] L0 已跳过 (每日 L0 由 run_onchain 完成; Arbitrum/Solana RPC 经代理卡死), 仅重建 L1/L2
[22:53:05]   [rebuild:onchain] L0 已跳过 (每日 L0 由 run_onchain 完成; Arbitrum/Solana RPC 经代理卡死), 仅重建 L1/L2
== 阶段4: 链上 (近 1 天 ERC-20, 近 24h mempool) ==
-- L0 --
-- L1 --
[01:01:29]   [rebuild:onchain] 失败: Unable to allocate 395. MiB for an array with shape (51740444, 1) and data type float64
[01:01:29]   [rebuild:onchain] 失败: Unable to allocate 395. MiB for an array with shape (51740444, 1) and data type float64
[01:13:03]   rebuild onchain: fail: Unable to allocate 395. MiB for an array with shape (51740444, 1) and data type float64 (8399s)
[01:13:03]   rebuild onchain: fail: Unable to allocate 395. MiB for an array with shape (51740444, 1) and data type float64 (8399s)
[01:13:03] [rebuild] 第 2/3 次尝试失败 (9004s): RuntimeError: L1/L2 重建部分阶段失败: onchain | 详情见日志 D:\Documents\z_python_data_analy\Quent\workspace_0817\Data_pipeline\data_foundation\data\daily_run_20260824.log
== L1: 标准化 ==
  BTCUSDT: 1h/1d/1w + funding/OI/mark/ratio 已标准化
  ETHUSDT: 1h/1d/1w + funding/OI/mark/ratio 已标准化
  SOLUSDT: 1h/1d/1w + funding/OI/mark/ratio 已标准化
  BNBUSDT: 1h/1d/1w + funding/OI/mark/ratio 已标准化
  XRPUSDT: 1h/1d/1w + funding/OI/mark/ratio 已标准化
  ADAUSDT: 1h/1d/1w + funding/OI/mark/ratio 已标准化
  DOGEUSDT: 1h/1d/1w + funding/OI/mark/ratio 已标准化
  AVAXUSDT: 1h/1d/1w + funding/OI/mark/ratio 已标准化
  LINKUSDT: 1h/1d/1w + funding/OI/mark/ratio 已标准化
  LTCUSDT: 1h/1d/1w + funding/OI/mark/ratio 已标准化
  DOTUSDT: 1h/1d/1w + funding/OI/mark/ratio 已标准化
  UNIUSDT: 1h/1d/1w + funding/OI/mark/ratio 已标准化
  AAVEUSDT: 1h/1d/1w + funding/OI/mark/ratio 已标准化
  ARBUSDT: 1h/1d/1w + funding/OI/mark/ratio 已标准化
  POLUSDT: 1h/1d/1w + funding/OI/mark/ratio 已标准化
  [skip] instrument 已是 PIT 快照历史, 由 run_daily metadata 源维护
[01:16:03]   rebuild binance_l1: ok (172s)
[01:16:03]   rebuild binance_l1: ok (172s)
== L2: 认证 ==
  BTCUSDT: 1h/1d/1w + 衍生品 certified
  ETHUSDT: 1h/1d/1w + 衍生品 certified
  SOLUSDT: 1h/1d/1w + 衍生品 certified
  BNBUSDT: 1h/1d/1w + 衍生品 certified
  XRPUSDT: 1h/1d/1w + 衍生品 certified
  ADAUSDT: 1h/1d/1w + 衍生品 certified
  DOGEUSDT: 1h/1d/1w + 衍生品 certified
  AVAXUSDT: 1h/1d/1w + 衍生品 certified
  LINKUSDT: 1h/1d/1w + 衍生品 certified
  LTCUSDT: 1h/1d/1w + 衍生品 certified
  DOTUSDT: 1h/1d/1w + 衍生品 certified
  UNIUSDT: 1h/1d/1w + 衍生品 certified
  AAVEUSDT: 1h/1d/1w + 衍生品 certified
  ARBUSDT: 1h/1d/1w + 衍生品 certified
  POLUSDT: 1h/1d/1w + 衍生品 certified
  manifests 汇总完成
[01:17:37]   rebuild binance_l2: ok (94s)
[01:17:37]   rebuild binance_l2: ok (94s)
== OKX (BTC, ETH, SOL, XRP, days=上市日至今) ==
-- L0 --
  okx BTC: spot/swap/funding/mark/index/OI 已摄取
  okx ETH: spot/swap/funding/mark/index/OI 已摄取
  okx SOL: spot/swap/funding/mark/index/OI 已摄取
  okx XRP: spot/swap/funding/mark/index/OI 已摄取
-- L1 --
  okx BTC: spot/swap/funding/mark/index/OI 标准化
  okx ETH: spot/swap/funding/mark/index/OI 标准化
  okx SOL: spot/swap/funding/mark/index/OI 标准化
  okx XRP: spot/swap/funding/mark/index/OI 标准化
  okx instruments: 832 行
-- L2 --
  okx BTC: certified
  okx ETH: certified
  okx SOL: certified
  okx XRP: certified
-- basis --
  basis BTC: 58639 行
  basis ETH: 58429 行
  basis SOL: 48967 行
  basis XRP: 58285 行
OKX 管线完成
[01:18:24]   rebuild okx: ok (47s)
[01:18:24]   rebuild okx: ok (47s)
== Coinbase (BTC, ETH, SOL, XRP, 近 365 天) ==
-- L1 --
  coinbase BTC-USD: 97215 行
  coinbase ETH-USD: 89806 行
  coinbase SOL-USD: 45444 行
  coinbase XRP-USD: 43930 行
  coinbase instruments: 483 行
-- L2 --
  coinbase BTC-USD: certified
  coinbase ETH-USD: certified
  coinbase SOL-USD: certified
  coinbase XRP-USD: certified
Coinbase 管线完成
[01:18:36]   rebuild coinbase: ok (12s)
[01:18:36]   rebuild coinbase: ok (12s)
== 阶段3: 稳定币 ==
-- L0 --
  [warn] USDCUSDT K线抓取失败: netpath 全通道失败 (1 次尝试) https://api.binance.com/api/v3/klines:
  [warn] DAIUSDT K线抓取失败: netpath 全通道失败 (1 次尝试) https://api.binance.com/api/v3/klines:
  稳定币 L0: 0 批次
-- L1 --
  supply: 9525 行 (3 币, 2015-02-25~2026-08-19)
  flows: 6816 行 (5 指标)
  peg: 63847 行 (2 币)
-- L2 --
阶段3 完成
[01:22:38]   rebuild stablecoins: ok (242s)
[01:22:38]   rebuild stablecoins: ok (242s)
[01:22:38]   [rebuild:onchain] L0 已跳过 (每日 L0 由 run_onchain 完成; Arbitrum/Solana RPC 经代理卡死), 仅重建 L1/L2
[01:22:38]   [rebuild:onchain] L0 已跳过 (每日 L0 由 run_onchain 完成; Arbitrum/Solana RPC 经代理卡死), 仅重建 L1/L2
== 阶段4: 链上 (近 1 天 ERC-20, 近 24h mempool) ==
-- L0 --
-- L1 --
[03:08:47]   [rebuild:onchain] 失败: Unable to allocate 395. MiB for an array with shape (51740444, 1) and data type float64
[03:08:47]   [rebuild:onchain] 失败: Unable to allocate 395. MiB for an array with shape (51740444, 1) and data type float64
[03:17:51]   rebuild onchain: fail: Unable to allocate 395. MiB for an array with shape (51740444, 1) and data type float64 (6913s)
[03:17:51]   rebuild onchain: fail: Unable to allocate 395. MiB for an array with shape (51740444, 1) and data type float64 (6913s)
[03:17:51] [rebuild] 第 3/3 次尝试失败 (7480s): RuntimeError: L1/L2 重建部分阶段失败: onchain | 详情见日志 D:\Documents\z_python_data_analy\Quent\workspace_0817\Data_pipeline\data_foundation\data\daily_run_20260824.log
[03:17:52] 失败告警已发送: ['rebuild']
[03:17:52] ======================================================================
[03:17:52] 调度完成 | 失败源: ['rebuild']
[03:17:52] manifest: D:\Documents\z_python_data_analy\Quent\workspace_0817\Data_pipeline\data_foundation\data\daily_manifest.json
[03:17:52] ======================================================================
