[18:30:02] ======================================================================
[18:30:02] 每日增量调度开始 | 日期戳=20260912 | ingest_date=2026-09-12
[18:30:02] 源: ['binance_klines', 'binance_funding', 'binance_stats', 'okx', 'coinbase', 'stablecoins', 'onchain', 'metadata', 'sentiment_macro', 'tron', 'cross_deriv', 'universe', 'rebuild']
[18:30:02] 代理: http://127.0.0.1:7897 | 日志: D:\Documents\z_python_data_analy\Quent\workspace_0817\Data_pipeline\data_foundation\data\daily_run_20260912.log
[18:30:56] 网络链路探测: T0_vision=不可用, T1_p7897=不可用, T2_p7900=不可用, T2_p7906=不可用, T2_p7907=不可用, T2_p7904=不可用, T2_p7902=不可用, T3_socks5h=不可用, T3_doh_pin=不可用
[18:30:56] ======================================================================
[18:30:57]   binance 现货端点选定: https://api.binance.com
[18:31:02]   BTCUSDT: 73 根 -> BTCUSDT_daily_20260912
[18:31:02]   ETHUSDT: 73 根 -> ETHUSDT_daily_20260912
[18:31:03]   SOLUSDT: 73 根 -> SOLUSDT_daily_20260912
[18:31:04]   BNBUSDT: 73 根 -> BNBUSDT_daily_20260912
[18:31:04]   XRPUSDT: 73 根 -> XRPUSDT_daily_20260912
[18:31:05]   ADAUSDT: 73 根 -> ADAUSDT_daily_20260912
[18:31:05]   DOGEUSDT: 73 根 -> DOGEUSDT_daily_20260912
[18:31:06]   AVAXUSDT: 73 根 -> AVAXUSDT_daily_20260912
[18:31:07]   LINKUSDT: 73 根 -> LINKUSDT_daily_20260912
[18:31:07]   LTCUSDT: 73 根 -> LTCUSDT_daily_20260912
[18:31:08]   DOTUSDT: 73 根 -> DOTUSDT_daily_20260912
[18:31:09]   UNIUSDT: 73 根 -> UNIUSDT_daily_20260912
[18:31:09]   AAVEUSDT: 73 根 -> AAVEUSDT_daily_20260912
[18:31:10]   ARBUSDT: 73 根 -> ARBUSDT_daily_20260912
[18:31:10]   POLUSDT: 73 根 -> POLUSDT_daily_20260912
[18:31:10] [binance_klines] OK (14s)
[18:31:22]   BTCUSDT: 90 条资金费率 -> BTCUSDT_funding_daily_20260912
[18:31:23]   ETHUSDT: 90 条资金费率 -> ETHUSDT_funding_daily_20260912
[18:31:23]   SOLUSDT: 90 条资金费率 -> SOLUSDT_funding_daily_20260912
[18:31:24]   BNBUSDT: 90 条资金费率 -> BNBUSDT_funding_daily_20260912
[18:31:25]   XRPUSDT: 90 条资金费率 -> XRPUSDT_funding_daily_20260912
[18:31:25]   ADAUSDT: 90 条资金费率 -> ADAUSDT_funding_daily_20260912
[18:31:26]   DOGEUSDT: 90 条资金费率 -> DOGEUSDT_funding_daily_20260912
[18:31:27]   AVAXUSDT: 90 条资金费率 -> AVAXUSDT_funding_daily_20260912
[18:31:28]   LINKUSDT: 90 条资金费率 -> LINKUSDT_funding_daily_20260912
[18:31:28]   LTCUSDT: 90 条资金费率 -> LTCUSDT_funding_daily_20260912
[18:31:29]   DOTUSDT: 90 条资金费率 -> DOTUSDT_funding_daily_20260912
[18:31:30]   UNIUSDT: 90 条资金费率 -> UNIUSDT_funding_daily_20260912
[18:31:30]   AAVEUSDT: 90 条资金费率 -> AAVEUSDT_funding_daily_20260912
[18:31:31]   ARBUSDT: 90 条资金费率 -> ARBUSDT_funding_daily_20260912
[18:31:32]   POLUSDT: 100 条资金费率 -> POLUSDT_funding_daily_20260912
[18:31:32] [binance_funding] OK (21s)
[18:32:36]   binance_stats: 共 75 个批次
[18:32:36] [binance_stats] OK (64s)
[18:32:50]   okx BTC: spot/swap/funding/mark/index/OI 每日批次完成
[18:32:57]   okx ETH: spot/swap/funding/mark/index/OI 每日批次完成
[18:33:04]   okx SOL: spot/swap/funding/mark/index/OI 每日批次完成
[18:33:11]   okx XRP: spot/swap/funding/mark/index/OI 每日批次完成
[18:33:11] [okx] OK (35s)
[18:33:13]   coinbase BTC-USD: 72 根 -> BTCUSD_cb_daily_20260912
[18:33:14]   coinbase ETH-USD: 72 根 -> ETHUSD_cb_daily_20260912
[18:33:16]   coinbase SOL-USD: 72 根 -> SOLUSD_cb_daily_20260912
[18:33:17]   coinbase XRP-USD: 72 根 -> XRPUSD_cb_daily_20260912
[18:33:17] [coinbase] OK (6s)
[18:33:49]   defillama 供应量快照: [['defillama', '2026-09-12', 'USDT', '183486504332.29'], ['defillama', '2026-09-12', 'USDC', '74462450366.87'], ['defillama', '2026-09-12', 'DAI', '4786641271.72']]
[18:33:51]   ercin stablecoin_exchange_inflow_total: 已重下载
[18:33:52]   ercin stablecoin_exchange_netflow: 已重下载
[18:33:53]   ercin stablecoin_exchange_outflow_total: 已重下载
[18:33:53]   ercin stablecoin_exchange_reserve: 已重下载
[18:33:54]   ercin stablecoin_exchange_supply_ratio: 已重下载
[18:33:55]   peg USDCUSDT: 73 根 -> USDCUSDT_peg_daily_20260912 (ok)
[18:33:56]   [warn] peg DAIUSDT: 近 3 天无数据, 写入空批次 (empty: 该交易对近 3 天无成交 (DAIUSDT 自 2020-08 起 Binance 现货停牌))
[18:33:56]   peg DAIUSDT: 0 根 -> DAIUSDT_peg_daily_20260912 (empty: 该交易对近 3 天无成交 (DAIUSDT 自 2020-08 起 Binance 现货停牌))
[18:33:56] [stablecoins] OK (39s)
[18:33:59]   链上窗口: 2026-09-11 00:00 UTC -> 2026-09-12 00:00 UTC (block 25950431 ~ 25957606, latest=25963155)
[18:34:34]   [warn] USDT 日志抓取失败: https://rpc.mevblocker.io: {'jsonrpc': '2.0', 'id': 1, 'error': {'code': -32005, (已跳过该币)
[18:35:05]   [warn] USDC 日志抓取失败: https://rpc.mevblocker.io: {'jsonrpc': '2.0', 'id': 1, 'error': {'code': -32005, (已跳过该币)
[18:35:59]   DAI: 19172 条日志 -> DAI_transfer_logs_daily_20260912
[18:36:12]   mempool blocks: 195 块
[18:36:38]   chainlink: {'ETH-USD': {'roundId': 129127208515966894874, 'answer': 252378299337, 'startedAt': 1789236323, 'updatedAt': 1789236335, 'answeredInRound': 129127208515966894874}, 'fetched_at': '2026-09-12T18:36:38.210828+00:00'}
[18:36:38]   onchain 备注: USDT: 抓取失败 https://rpc.mevblocker.io: {'jsonrpc': '2.0', 'id': 1, 'error': {'code': -32005,; USDC: 抓取失败 https://rpc.mevblocker.io: {'jsonrpc': '2.0', 'id': 1, 'error': {'code': -32005,
[18:36:38] [onchain] OK (162s)
[18:37:01]   metadata binance_spot: binance /api/v3/exchangeInfo (现货, 全 symbol) -> metadata_binance_spot_20260912
[18:37:15] netpath 切换通道 -> T2_p7900
[18:37:27] netpath 切换通道 -> T2_p7906
[18:37:51] netpath 切换通道 -> T2_p7907
[18:38:23] netpath 切换通道 -> T2_p7904
[18:38:23] [metadata] 第 1/3 次尝试失败 (105s): RuntimeError: netpath 全通道失败 (8 次尝试) https://fapi.binance.com/fapi/v1/exchangeInfo: T2_p7906:HTTPSConnectionPool(host='fapi.binance.com', port=443): Max retries ex | T2_p7906:HTTPSConnectionPool(host='fapi.binance.com', port=443): Max retries ex | T2_p7907:HTTPSConnectionPool(host='fapi.binance.com', port=443): Ma
[18:38:31]   metadata binance_spot: 今日批次已存在, 跳过抓取 (幂等)
[18:38:35]   metadata binance_perp: binance fapi /fapi/v1/exchangeInfo (USDT-M 永续, 全 symbol) -> metadata_binance_perp_20260912
[18:38:37]   metadata okx: okx /public/instruments (SPOT+SWAP) -> metadata_okx_20260912
[18:38:37]   metadata coinbase: coinbase /products (全 products) -> metadata_coinbase_20260912
[18:39:29]   metadata binance_perp: 归一化 897 行
[18:39:29]   metadata okx: 归一化 1895 行
[18:39:29]   metadata coinbase: 归一化 837 行
[18:39:33]   metadata 完成: 新写批次 3, 各 venue PIT 已重认证
[18:39:33] [metadata] OK (61s)
[18:39:47] netpath 切换通道 -> T2_p7900
[18:40:13] [sentiment_macro] OK (41s)
[18:49:16] [tron] OK (543s)
[18:51:56] [cross_deriv] OK (160s)
[18:51:57] [universe] 第 1/3 次尝试失败 (1s): ArrowInvalid: Could not open Parquet input source '<Buffer>': Parquet magic bytes not found in footer. Either the file is corrupted or this is not a parquet file.
[18:52:05] [universe] 第 2/3 次尝试失败 (0s): ArrowInvalid: Could not open Parquet input source '<Buffer>': Parquet magic bytes not found in footer. Either the file is corrupted or this is not a parquet file.
[18:52:13] [universe] 第 3/3 次尝试失败 (0s): ArrowInvalid: Could not open Parquet input source '<Buffer>': Parquet magic bytes not found in footer. Either the file is corrupted or this is not a parquet file.
== L1: 标准化 ==
  BTCUSDT: 1h/1d/1w + funding/OI/mark/ratio 已标准化
  ETHUSDT: 1h/1d/1w + funding/OI/mark/ratio 已标准化
  SOLUSDT: 1h/1d/1w + funding/OI/mark/ratio 已标准化
  BNBUSDT: 1h/1d/1w + funding/OI/mark/ratio 已标准化
  XRPUSDT: 1h/1d/1w + funding/OI/mark/ratio 已标准化
  ADAUSDT: 1h/1d/1w + funding/OI/mark/ratio 已标准化
  DOGEUSDT: 1h/1d/1w + funding/OI/mark/ratio 已标准化
  AVAXUSDT: 1h/1d/1w + funding/OI/mark/ratio 已标准化
  LINKUSDT: 1h/1d/1w + funding/OI/mark/ratio 已标准化
  LTCUSDT: 1h/1d/1w + funding/OI/mark/ratio 已标准化
  DOTUSDT: 1h/1d/1w + funding/OI/mark/ratio 已标准化
  UNIUSDT: 1h/1d/1w + funding/OI/mark/ratio 已标准化
  AAVEUSDT: 1h/1d/1w + funding/OI/mark/ratio 已标准化
  ARBUSDT: 1h/1d/1w + funding/OI/mark/ratio 已标准化
  POLUSDT: 1h/1d/1w + funding/OI/mark/ratio 已标准化
  [skip] instrument 已是 PIT 快照历史, 由 run_daily metadata 源维护
[18:55:40]   rebuild binance_l1: ok (207s)
[18:55:40]   rebuild binance_l1: ok (207s)
== L2: 认证 ==
  BTCUSDT: 1h/1d/1w + 衍生品 certified
  ETHUSDT: 1h/1d/1w + 衍生品 certified
  SOLUSDT: 1h/1d/1w + 衍生品 certified
  BNBUSDT: 1h/1d/1w + 衍生品 certified
  XRPUSDT: 1h/1d/1w + 衍生品 certified
  ADAUSDT: 1h/1d/1w + 衍生品 certified
  DOGEUSDT: 1h/1d/1w + 衍生品 certified
  AVAXUSDT: 1h/1d/1w + 衍生品 certified
  LINKUSDT: 1h/1d/1w + 衍生品 certified
  LTCUSDT: 1h/1d/1w + 衍生品 certified
  DOTUSDT: 1h/1d/1w + 衍生品 certified
  UNIUSDT: 1h/1d/1w + 衍生品 certified
  AAVEUSDT: 1h/1d/1w + 衍生品 certified
  ARBUSDT: 1h/1d/1w + 衍生品 certified
  POLUSDT: 1h/1d/1w + 衍生品 certified
  manifests 汇总完成
[19:00:51]   rebuild binance_l2: ok (311s)
[19:00:51]   rebuild binance_l2: ok (311s)
== OKX (BTC, ETH, SOL, XRP, days=上市日至今) ==
-- L0 --
  okx BTC: spot/swap/funding/mark/index/OI 已摄取
  okx ETH: spot/swap/funding/mark/index/OI 已摄取
  okx SOL: spot/swap/funding/mark/index/OI 已摄取
  okx XRP: spot/swap/funding/mark/index/OI 已摄取
-- L1 --
  okx BTC: spot/swap/funding/mark/index/OI 标准化
  okx ETH: spot/swap/funding/mark/index/OI 标准化
  okx SOL: spot/swap/funding/mark/index/OI 标准化
  okx XRP: spot/swap/funding/mark/index/OI 标准化
  okx instruments: 832 行
-- L2 --
  okx BTC: certified
  okx ETH: certified
  okx SOL: certified
  okx XRP: certified
-- basis --
  basis BTC: 59089 行
  basis ETH: 58879 行
  basis SOL: 49417 行
  basis XRP: 58735 行
OKX 管线完成
[19:01:51]   rebuild okx: ok (59s)
[19:01:51]   rebuild okx: ok (59s)
== Coinbase (BTC, ETH, SOL, XRP, 近 365 天) ==
-- L1 --
  coinbase BTC-USD: 97551 行
  coinbase ETH-USD: 90142 行
  coinbase SOL-USD: 45780 行
  coinbase XRP-USD: 44266 行
  coinbase instruments: 483 行
-- L2 --
  coinbase BTC-USD: certified
  coinbase ETH-USD: certified
  coinbase SOL-USD: certified
  coinbase XRP-USD: certified
Coinbase 管线完成
[19:02:07]   rebuild coinbase: ok (16s)
[19:02:07]   rebuild coinbase: ok (16s)
== 阶段3: 稳定币 ==
-- L0 --
  [warn] USDCUSDT K线抓取失败: netpath 全通道失败 (1 次尝试) https://api.binance.com/api/v3/klines:
  [warn] DAIUSDT K线抓取失败: netpath 全通道失败 (1 次尝试) https://api.binance.com/api/v3/klines:
  稳定币 L0: 0 批次
-- L1 --
  supply: 9525 行 (3 币, 2015-02-25~2026-08-19)
  flows: 6911 行 (5 指标)
  peg: 64185 行 (2 币)
-- L2 --
阶段3 完成
[19:05:05]   rebuild stablecoins: ok (178s)
[19:05:05]   rebuild stablecoins: ok (178s)
[19:05:05]   [rebuild:onchain] L0 已跳过 (每日 L0 由 run_onchain 完成; Arbitrum/Solana RPC 经代理卡死), 仅重建 L1/L2
[19:05:05]   [rebuild:onchain] L0 已跳过 (每日 L0 由 run_onchain 完成; Arbitrum/Solana RPC 经代理卡死), 仅重建 L1/L2
== 阶段4: 链上 (近 1 天 ERC-20, 近 24h mempool) ==
-- L0 --
-- L1 --
[ethereum] 文件: 回填 57 个 (.gz), 遗留 26 个
    ethereum 2026-08-01: +17678 行 (suspect=0)
    ethereum 2026-08-02: +17577 行 (suspect=0)
    ethereum 2026-08-03: +15810 行 (suspect=0)
    ethereum 2026-08-04: +18431 行 (suspect=0)
    ethereum 2026-08-05: +17631 行 (suspect=0)
    ethereum 2026-08-06: +20114 行 (suspect=0)
    ethereum 2026-08-07: +22156 行 (suspect=0)
    ethereum 2026-08-08: +22796 行 (suspect=0)
    ethereum 2026-08-09: +17891 行 (suspect=0)
    ethereum 2026-08-10: +24288 行 (suspect=0)
  [ethereum] 进度 10/83, 累计读取 194372 行, 14s
    ethereum 2026-08-11: +26641 行 (suspect=0)
    ethereum 2026-08-12: +22690 行 (suspect=0)
    ethereum 2026-08-13: +20396 行 (suspect=0)
    ethereum 2026-08-14: +16720 行 (suspect=0)
    ethereum 2026-08-15: +12118 行 (suspect=0)
    ethereum 2026-08-16: +13208 行 (suspect=0)
    ethereum 2026-08-17: +16188 行 (suspect=0)
    ethereum 2026-08-18: +14331 行 (suspect=0)
    ethereum 2026-08-01: +598484 行 (suspect=0)
    ethereum 2026-08-02: +470578 行 (suspect=0)
  [ethereum] 进度 20/83, 累计读取 1405726 行, 132s
    ethereum 2026-08-03: +582954 行 (suspect=0)
    ethereum 2026-08-04: +681434 行 (suspect=0)
    ethereum 2026-08-05: +624023 行 (suspect=0)
    ethereum 2026-08-06: +558467 行 (suspect=0)
    ethereum 2026-08-07: +710019 行 (suspect=0)
    ethereum 2026-08-08: +735588 行 (suspect=0)
    ethereum 2026-08-09: +436471 行 (suspect=0)
    ethereum 2026-08-10: +659275 行 (suspect=0)
    ethereum 2026-08-11: +761429 行 (suspect=0)
    ethereum 2026-08-12: +635374 行 (suspect=0)
  [ethereum] 进度 30/83, 累计读取 7790760 行, 649s
    ethereum 2026-08-13: +576999 行 (suspect=0)
    ethereum 2026-08-14: +544570 行 (suspect=0)
    ethereum 2026-08-15: +372355 行 (suspect=0)
    ethereum 2026-08-16: +367853 行 (suspect=0)
    ethereum 2026-08-17: +504668 行 (suspect=0)
    ethereum 2026-08-18: +479392 行 (suspect=0)
    ethereum 2026-08-01: +839322 行 (suspect=0)
    ethereum 2026-08-02: +673052 行 (suspect=0)
    ethereum 2026-08-03: +706817 行 (suspect=0)
    ethereum 2026-08-04: +875153 行 (suspect=0)
  [ethereum] 进度 40/83, 累计读取 13730941 行, 958s
    ethereum 2026-08-05: +881698 行 (suspect=0)
    ethereum 2026-08-06: +771880 行 (suspect=0)
    ethereum 2026-08-07: +1027535 行 (suspect=0)
    ethereum 2026-08-08: +1243174 行 (suspect=0)
    ethereum 2026-08-09: +648694 行 (suspect=0)
    ethereum 2026-08-10: +894563 行 (suspect=0)
    ethereum 2026-08-11: +1024473 行 (suspect=0)
    ethereum 2026-08-12: +850019 行 (suspect=0)
    ethereum 2026-08-13: +739094 行 (suspect=0)
    ethereum 2026-08-14: +715596 行 (suspect=0)
  [ethereum] 进度 50/83, 累计读取 22527667 行, 1599s
    ethereum 2026-08-15: +542457 行 (suspect=0)
    ethereum 2026-08-16: +529394 行 (suspect=0)
    ethereum 2026-08-17: +678346 行 (suspect=0)
    ethereum 2026-08-18: +672370 行 (suspect=0)
    ethereum 2026-08-19: +650609 行 (suspect=0)
    ethereum 2026-08-19: +19465 行 (suspect=0)
    ethereum 2026-08-19: +522782 行 (suspect=0)
    ethereum 2026-08-19: +1823 行 (suspect=0)
    ethereum 2026-08-20: +25467 行 (suspect=0)
    ethereum 2026-08-19: +38696 行 (suspect=0)
    ethereum 2026-08-20: +644328 行 (suspect=0)
    ethereum 2026-08-20: +1196 行 (suspect=0)
    ethereum 2026-08-21: +1 行 (suspect=0)
  [ethereum] 进度 60/83, 累计读取 26880068 行, 2048s
    ethereum 2026-08-20: +29076 行 (suspect=0)
    ethereum 2026-08-21: +17 行 (suspect=0)
    ethereum 2026-08-20: +709281 行 (suspect=0)
    ethereum 2026-08-20: +141322 行 (suspect=0)
    ethereum 2026-08-21: +405151 行 (suspect=0)
    ethereum 2026-08-21: +24838 行 (suspect=0)
    ethereum 2026-08-22: +5 行 (suspect=0)
    ethereum 2026-08-21: +640948 行 (suspect=0)
    ethereum 2026-08-22: +78 行 (suspect=0)
    ethereum 2026-08-21: +288463 行 (suspect=0)
    ethereum 2026-08-22: +63 行 (suspect=0)
    ethereum 2026-08-22: +24638 行 (suspect=0)
    ethereum 2026-08-23: +2 行 (suspect=0)
    ethereum 2026-08-22: +609161 行 (suspect=0)
    ethereum 2026-08-23: +81 行 (suspect=0)
    ethereum 2026-08-22: +702514 行 (suspect=0)
    ethereum 2026-08-23: +23612 行 (suspect=0)
    ethereum 2026-08-24: +8 行 (suspect=0)
  [ethereum] 进度 70/83, 累计读取 31778657 行, 2376s
    ethereum 2026-08-23: +609277 行 (suspect=0)
    ethereum 2026-08-24: +147 行 (suspect=0)
    ethereum 2026-08-23: +710360 行 (suspect=0)
    ethereum 2026-08-27: +22168 行 (suspect=0)
    ethereum 2026-08-28: +4 行 (suspect=0)
    ethereum 2026-08-27: +607417 行 (suspect=0)
    ethereum 2026-08-28: +83 行 (suspect=0)
    ethereum 2026-08-28: +21569 行 (suspect=0)
    ethereum 2026-08-29: +13 行 (suspect=0)
    ethereum 2026-08-28: +620671 行 (suspect=0)
    ethereum 2026-08-29: +119 行 (suspect=0)
    ethereum 2026-08-28: +710301 行 (suspect=0)
    ethereum 2026-08-30: +17437 行 (suspect=0)
    ethereum 2026-08-31: +4 行 (suspect=0)
    ethereum 2026-08-30: +513432 行 (suspect=0)
    ethereum 2026-08-31: +104 行 (suspect=0)
    ethereum 2026-08-30: +622640 行 (suspect=0)
    ethereum 2026-08-31: +116 行 (suspect=0)
  [ethereum] 进度 80/83, 累计读取 36234687 行, 2809s
    ethereum 2026-09-01: +19135 行 (suspect=0)
    ethereum 2026-09-02: +5 行 (suspect=0)
    ethereum 2026-09-04: +22365 行 (suspect=0)
    ethereum 2026-09-11: +19172 行 (suspect=0)
[ethereum] 完成: 读取 36295364 行 -> 写入 34970398 行 (去重 1324966), 聚合 103 组, 2826s
[arbitrum] 文件: 回填 54 个 (.gz), 遗留 3 个
    arbitrum 2026-08-01: +1036 行 (suspect=0)
    arbitrum 2026-08-02: +1256 行 (suspect=0)
    arbitrum 2026-08-03: +1616 行 (suspect=0)
    arbitrum 2026-08-04: +1371 行 (suspect=0)
    arbitrum 2026-08-05: +1627 行 (suspect=0)
    arbitrum 2026-08-06: +1428 行 (suspect=0)
    arbitrum 2026-08-07: +1106 行 (suspect=0)
    arbitrum 2026-08-08: +675 行 (suspect=0)
    arbitrum 2026-08-09: +1791 行 (suspect=0)
    arbitrum 2026-08-10: +1286 行 (suspect=0)
  [arbitrum] 进度 10/57, 累计读取 13192 行, 3007s
    arbitrum 2026-08-11: +3619 行 (suspect=0)
    arbitrum 2026-08-12: +2202 行 (suspect=0)
    arbitrum 2026-08-13: +1202 行 (suspect=0)
    arbitrum 2026-08-14: +1134 行 (suspect=0)
    arbitrum 2026-08-15: +533 行 (suspect=0)
    arbitrum 2026-08-16: +696 行 (suspect=0)
    arbitrum 2026-08-17: +1493 行 (suspect=0)
    arbitrum 2026-08-18: +1636 行 (suspect=0)
    arbitrum 2026-08-01: +792990 行 (suspect=0)
    arbitrum 2026-08-02: +710947 行 (suspect=0)
    arbitrum 2026-08-03: +1 行 (suspect=0)
  [arbitrum] 进度 20/57, 累计读取 1529645 行, 3064s
    arbitrum 2026-08-03: +1030046 行 (suspect=0)
    arbitrum 2026-08-04: +983391 行 (suspect=0)
    arbitrum 2026-08-05: +4 行 (suspect=0)
    arbitrum 2026-08-05: +994830 行 (suspect=0)
    arbitrum 2026-08-06: +943122 行 (suspect=0)
    arbitrum 2026-08-07: +883938 行 (suspect=0)
    arbitrum 2026-08-08: +2 行 (suspect=0)
    arbitrum 2026-08-08: +596313 行 (suspect=0)
    arbitrum 2026-08-09: +628269 行 (suspect=0)
    arbitrum 2026-08-10: +840825 行 (suspect=0)
    arbitrum 2026-08-11: +830406 行 (suspect=0)
    arbitrum 2026-08-12: +796635 行 (suspect=0)
    arbitrum 2026-08-13: +1 行 (suspect=0)
  [arbitrum] 进度 30/57, 累计读取 10057428 行, 3332s
    arbitrum 2026-08-13: +766030 行 (suspect=0)
    arbitrum 2026-08-14: +821563 行 (suspect=0)
    arbitrum 2026-08-15: +557253 行 (suspect=0)
    arbitrum 2026-08-16: +571482 行 (suspect=0)
    arbitrum 2026-08-17: +835198 行 (suspect=0)
    arbitrum 2026-08-18: +1 行 (suspect=0)
    arbitrum 2026-08-18: +805002 行 (suspect=0)
    arbitrum 2026-08-19: +4 行 (suspect=0)
    arbitrum 2026-08-01: +207328 行 (suspect=0)
    arbitrum 2026-08-02: +1 行 (suspect=0)
    arbitrum 2026-08-02: +183404 行 (suspect=0)
    arbitrum 2026-08-03: +229007 行 (suspect=0)
    arbitrum 2026-08-04: +303528 行 (suspect=0)
  [arbitrum] 进度 40/57, 累计读取 15337229 行, 3508s
    arbitrum 2026-08-05: +316334 行 (suspect=0)
    arbitrum 2026-08-06: +246926 行 (suspect=0)
    arbitrum 2026-08-07: +201492 行 (suspect=0)
    arbitrum 2026-08-08: +1 行 (suspect=0)
    arbitrum 2026-08-08: +166924 行 (suspect=0)
    arbitrum 2026-08-09: +175337 行 (suspect=0)
    arbitrum 2026-08-10: +175503 行 (suspect=0)
    arbitrum 2026-08-11: +181106 行 (suspect=0)
    arbitrum 2026-08-12: +238250 行 (suspect=0)
    arbitrum 2026-08-13: +259813 行 (suspect=0)
    arbitrum 2026-08-14: +229568 行 (suspect=0)
  [arbitrum] 进度 50/57, 累计读取 17528483 行, 3596s
    arbitrum 2026-08-15: +210834 行 (suspect=0)
    arbitrum 2026-08-16: +176473 行 (suspect=0)
    arbitrum 2026-08-17: +187789 行 (suspect=0)
    arbitrum 2026-08-18: +170220 行 (suspect=0)
    arbitrum 2026-08-20: +2588 行 (suspect=0)
    arbitrum 2026-08-21: +4140 行 (suspect=0)
    arbitrum 2026-08-20: +544998 行 (suspect=0)
    arbitrum 2026-08-21: +873927 行 (suspect=0)
    arbitrum 2026-08-20: +131854 行 (suspect=0)
    arbitrum 2026-08-21: +209422 行 (suspect=0)
[arbitrum] 完成: 读取 20040728 行 -> 写入 20040727 行 (去重 1), 聚合 68 组, 3703s
[arbitrum] onchain_daily_aggregate: 68 行 (2026-08-01 ~ 2026-08-21)
[ethereum] onchain_daily_aggregate: 103 行 (2026-08-01 ~ 2026-09-11)
streaming build 完成: token_transfer 55011125 行, aggregate 171 行, 总耗时 62 分钟
  solana_snapshot: [{'slot': 440691995, 'block_height': 418741637, 'usdc_supply': 8094247798.152079, 'tps': 4089.35, 'fetched_at': Timestamp('2026-08-21 13:03:50.007366+0000', tz='UTC')}]
  dex_volume: 4568 行 (1 DEX, 2014-02-17~2026-08-20)
  btc_blocks: 150 块
  btc_fees: [{'venue_id': 'mempool', 'fetched_at': '2026-08-20T22:53:43.871869+00:00', 'fastestFee': 5, 'halfHourFee': 4, 'hourFee': 3, 'economyFee': 2, 'minimumFee': 1}]
  oracle_snapshot: 1 对 [{'pair': 'ETH-USD', 'price': 2331.92616865}]
-- L2 --
阶段4 完成
[20:07:08]   rebuild onchain: ok (3723s)
[20:07:08]   rebuild onchain: ok (3723s)
[20:09:39]   [rebuild] finalize: 40 个数据集 manifest 已全局汇总
[20:09:39] [rebuild] OK (4646s)
[20:09:39] 失败告警已发送: ['universe']
[20:09:39] ======================================================================
[20:09:39] 调度完成 | 失败源: ['universe']
[20:09:39] manifest: D:\Documents\z_python_data_analy\Quent\workspace_0817\Data_pipeline\data_foundation\data\daily_manifest.json
[20:09:39] ======================================================================
